Archive member included because of file (symbol)

/usr/local/ps3dev/psl1ght/ppu/lib/libsimdmath.a(negatef4.o)
                              main.o (negatef4)
/usr/local/ps3dev/psl1ght/ppu/lib/libsimdmath.a(recipf4.o)
                              main.o (recipf4)
/usr/local/ps3dev/psl1ght/ppu/lib/libsimdmath.a(rsqrtf4.o)
                              main.o (rsqrtf4)
/usr/local/ps3dev/psl1ght/ppu/lib/libsimdmath.a(sincosf4.o)
                              main.o (sincosf4)
/usr/local/ps3dev/psl1ght/ppu/lib/librsx.a(init.o)
                              rsxutil.o (rsxInit)
/usr/local/ps3dev/psl1ght/ppu/lib/librsx.a(buffer.o)
                              main.o (rsxFlushBuffer)
/usr/local/ps3dev/psl1ght/ppu/lib/librsx.a(commands.o)
                              /usr/local/ps3dev/psl1ght/ppu/lib/librsx.a(buffer.o) (rsxSetJumpCommandUnsafe)
/usr/local/ps3dev/psl1ght/ppu/lib/librsx.a(mm.o)
                              /usr/local/ps3dev/psl1ght/ppu/lib/librsx.a(init.o) (rsxHeapInit)
/usr/local/ps3dev/psl1ght/ppu/lib/librsx.a(vertex_program.o)
                              main.o (rsxVertexProgramGetUCode)
/usr/local/ps3dev/psl1ght/ppu/lib/librsx.a(fragment_program.o)
                              main.o (rsxFragmentProgramGetUCode)
/usr/local/ps3dev/psl1ght/ppu/lib/librsx.a(rsx_internal.o)
                              /usr/local/ps3dev/psl1ght/ppu/lib/librsx.a(vertex_program.o) (__rsxGetAttrs)
/usr/local/ps3dev/psl1ght/ppu/lib/libgcm_sys.a(sprx.o)
                              rsxutil.o (gcmSetFlipImmediate)
/usr/local/ps3dev/psl1ght/ppu/lib/libgcm_sys.a(gcm_wrapper.o)
                              rsxutil.o (gcmSetVBlankHandler)
/usr/local/ps3dev/psl1ght/ppu/lib/libio.a(sprx.o)
                              main.o (ioPadInit)
/usr/local/ps3dev/psl1ght/ppu/lib/libsysutil.a(sprx.o)
                              rsxutil.o (videoGetResolutionAvailability)
/usr/local/ps3dev/psl1ght/ppu/lib/libsysutil.a(sysutil_wrapper.o)
                              main.o (sysUtilRegisterCallback)
/usr/local/ps3dev/psl1ght/ppu/lib/librt.a(sbrk.o)
                              /usr/local/ps3dev/ppu/lib/gcc/powerpc64-ps3-elf/7.2.0/../../../../powerpc64-ps3-elf/lib/lv2-crt0.o (__librt_sbrk_r)
/usr/local/ps3dev/psl1ght/ppu/lib/librt.a(exit.o)
                              /usr/local/ps3dev/ppu/lib/gcc/powerpc64-ps3-elf/7.2.0/../../../../powerpc64-ps3-elf/lib/lv2-crt0.o (__librt_exit)
/usr/local/ps3dev/psl1ght/ppu/lib/librt.a(close.o)
                              /usr/local/ps3dev/ppu/lib/gcc/powerpc64-ps3-elf/7.2.0/../../../../powerpc64-ps3-elf/lib/lv2-crt0.o (__librt_close_r)
/usr/local/ps3dev/psl1ght/ppu/lib/librt.a(lseek.o)
                              /usr/local/ps3dev/ppu/lib/gcc/powerpc64-ps3-elf/7.2.0/../../../../powerpc64-ps3-elf/lib/lv2-crt0.o (__librt_lseek_r)
/usr/local/ps3dev/psl1ght/ppu/lib/librt.a(read.o)
                              /usr/local/ps3dev/ppu/lib/gcc/powerpc64-ps3-elf/7.2.0/../../../../powerpc64-ps3-elf/lib/lv2-crt0.o (__librt_read_r)
/usr/local/ps3dev/psl1ght/ppu/lib/librt.a(open.o)
                              /usr/local/ps3dev/ppu/lib/gcc/powerpc64-ps3-elf/7.2.0/../../../../powerpc64-ps3-elf/lib/lv2-crt0.o (__librt_open_r)
/usr/local/ps3dev/psl1ght/ppu/lib/librt.a(sleep.o)
                              /usr/local/ps3dev/ppu/lib/gcc/powerpc64-ps3-elf/7.2.0/../../../../powerpc64-ps3-elf/lib/lv2-crt0.o (__librt_usleep_r)
/usr/local/ps3dev/psl1ght/ppu/lib/librt.a(write.o)
                              /usr/local/ps3dev/ppu/lib/gcc/powerpc64-ps3-elf/7.2.0/../../../../powerpc64-ps3-elf/lib/lv2-crt0.o (__librt_write_r)
/usr/local/ps3dev/psl1ght/ppu/lib/librt.a(fstat.o)
                              /usr/local/ps3dev/ppu/lib/gcc/powerpc64-ps3-elf/7.2.0/../../../../powerpc64-ps3-elf/lib/lv2-crt0.o (__librt_fstat_r)
/usr/local/ps3dev/psl1ght/ppu/lib/librt.a(socket.o)
                              /usr/local/ps3dev/psl1ght/ppu/lib/librt.a(write.o) (send)
/usr/local/ps3dev/psl1ght/ppu/lib/librt.a(lock.o)
                              /usr/local/ps3dev/ppu/lib/gcc/powerpc64-ps3-elf/7.2.0/../../../../powerpc64-ps3-elf/lib/lv2-crt0.o (__librt_sys_lwmutex_create_r)
/usr/local/ps3dev/psl1ght/ppu/lib/librt.a(dirent.o)
                              /usr/local/ps3dev/ppu/lib/gcc/powerpc64-ps3-elf/7.2.0/../../../../powerpc64-ps3-elf/lib/lv2-crt0.o (__librt_opendir_r)
/usr/local/ps3dev/psl1ght/ppu/lib/librt.a(mkdir.o)
                              /usr/local/ps3dev/ppu/lib/gcc/powerpc64-ps3-elf/7.2.0/../../../../powerpc64-ps3-elf/lib/lv2-crt0.o (__librt_mkdir_r)
/usr/local/ps3dev/psl1ght/ppu/lib/librt.a(times.o)
                              /usr/local/ps3dev/ppu/lib/gcc/powerpc64-ps3-elf/7.2.0/../../../../powerpc64-ps3-elf/lib/lv2-crt0.o (__librt_times_r)
/usr/local/ps3dev/psl1ght/ppu/lib/librt.a(umask.o)
                              /usr/local/ps3dev/ppu/lib/gcc/powerpc64-ps3-elf/7.2.0/../../../../powerpc64-ps3-elf/lib/lv2-crt0.o (__librt_umask_r)
/usr/local/ps3dev/psl1ght/ppu/lib/librt.a(lv2errno.o)
[...]
Memory Configuration

Name             Origin             Length             Attributes
*default*        0x0000000000000000 0xffffffffffffffff

Linker script and memory map

                0x0000000000010000                PROVIDE (__executable_start, 0x10000)
                0x0000000000010200                . = (0x10000 + SIZEOF_HEADERS)

.interp
 *(.interp)

.hash
 *(.hash)

.dynsym
 *(.dynsym)

.dynstr
 *(.dynstr)

.gnu.version
 *(.gnu.version)

.gnu.version_d
 *(.gnu.version_d)

.gnu.version_r
 *(.gnu.version_r)

.rel.dyn
 *(.rel.init)
 *(.rel.text .rel.text.* .rel.gnu.linkonce.t.*)
 *(.rel.fini)
 *(.rel.rodata .rel.rodata.* .rel.gnu.linkonce.r.*)
 *(.rel.data.rel.ro*)
 *(.rel.data .rel.data.* .rel.gnu.linkonce.d.*)
 *(.rel.tdata .rel.tdata.* .rel.gnu.linkonce.td.*)
 *(.rel.tbss .rel.tbss.* .rel.gnu.linkonce.tb.*)
 *(.rel.ctors)
 *(.rel.dtors)
 *(.rel.got)
 *(.rel.sdata .rel.sdata.* .rel.gnu.linkonce.s.*)
 *(.rel.sbss .rel.sbss.* .rel.gnu.linkonce.sb.*)
 *(.rel.sdata2 .rel.sdata2.* .rel.gnu.linkonce.s2.*)
 *(.rel.sbss2 .rel.sbss2.* .rel.gnu.linkonce.sb2.*)
 *(.rel.bss .rel.bss.* .rel.gnu.linkonce.b.*)

.rela.dyn       0x0000000000010200        0x0
 *(.rela.init)
 *(.rela.text .rela.text.* .rela.gnu.linkonce.t.*)
 *(.rela.fini)
 *(.rela.rodata .rela.rodata.* .rela.gnu.linkonce.r.*)
 .rela.rodata._ZTVSt9bad_alloc
                0x0000000000000000        0x0 linker stubs
 .rela.rodata._ZTVSt9exception
                0x0000000000000000        0x0 linker stubs
 .rela.rodata._ZTVSt13bad_exception
                0x0000000000000000        0x0 linker stubs
 .rela.rodata._ZTVSt9type_info
                0x0000000000000000        0x0 linker stubs
 *(.rela.data .rela.data.* .rela.gnu.linkonce.d.*)
 .rela.data.rel.ro._ZTISt9bad_alloc
                0x0000000000000000        0x0 linker stubs
 .rela.data.rel.ro._ZTISt9exception
                0x0000000000000000        0x0 linker stubs
 .rela.data.rel.ro._ZTISt13bad_exception
                0x0000000000000000        0x0 linker stubs
 .rela.data.rel.ro._ZTIN10__cxxabiv115__forced_unwindE
                0x0000000000000000        0x0 linker stubs
 .rela.data.rel.ro._ZTIN10__cxxabiv119__foreign_exceptionE
                0x0000000000000000        0x0 linker stubs
 .rela.data.rel.ro._ZTVN10__cxxabiv115__forced_unwindE
                0x0000000000000000        0x0 linker stubs
 .rela.data.rel.ro._ZTVN10__cxxabiv119__foreign_exceptionE
                0x0000000000000000        0x0 linker stubs
 .rela.data.DW.ref.__gxx_personality_v0
                0x0000000000000000        0x0 linker stubs
 .rela.data.rel._ZN10__cxxabiv119__terminate_handlerE
                0x0000000000000000        0x0 linker stubs
 .rela.data.rel.ro._ZTIN10__cxxabiv120__si_class_type_infoE
                0x0000000000000000        0x0 linker stubs
 .rela.data.rel.ro._ZTVN10__cxxabiv120__si_class_type_infoE
                0x0000000000000000        0x0 linker stubs
 .rela.data.rel.ro._ZTISt9type_info
                0x0000000000000000        0x0 linker stubs
 .rela.data.DW.ref._ZTISt9exception
                0x0000000000000000        0x0 linker stubs
 .rela.data.rel.ro._ZTIN10__cxxabiv117__class_type_infoE
                0x0000000000000000        0x0 linker stubs
 .rela.data.rel.ro._ZTVN10__cxxabiv117__class_type_infoE
                0x0000000000000000        0x0 linker stubs
 *(.rela.tdata .rela.tdata.* .rela.gnu.linkonce.td.*)
 *(.rela.tbss .rela.tbss.* .rela.gnu.linkonce.tb.*)
 *(.rela.ctors)
 *(.rela.dtors)
 *(.rela.got)
 *(.rela.toc)
 .rela.toc      0x0000000000000000        0x0 linker stubs
 *(.rela.sdata .rela.sdata.* .rela.gnu.linkonce.s.*)
 *(.rela.sbss .rela.sbss.* .rela.gnu.linkonce.sb.*)
 *(.rela.sdata2 .rela.sdata2.* .rela.gnu.linkonce.s2.*)
 *(.rela.sbss2 .rela.sbss2.* .rela.gnu.linkonce.sb2.*)
 *(.rela.bss .rela.bss.* .rela.gnu.linkonce.b.*)
 .rela.iplt     0x0000000000000000        0x0 linker stubs
 .rela.sys_proc_prx_param
                0x0000000000000000        0x0 linker stubs
 .rela.eh_frame
                0x0000000000000000        0x0 linker stubs
 .rela.gcc_except_table._ZN9__gnu_cxx27__verbose_terminate_handlerEv
                0x0000000000000000        0x0 linker stubs

.rel.plt
 *(.rel.plt)

.rela.plt
 *(.rela.plt)

.rela.tocbss
 *(.rela.tocbss)

.init           0x0000000000010200       0x2c
 *(.init)
 .init          0x0000000000010200        0xc /usr/local/ps3dev/ppu/lib/gcc/powerpc64-ps3-elf/7.2.0/../../../../powerpc64-ps3-elf/lib/lv2-crti.o
                0x0000000000010200                ._init
 .init          0x000000000001020c        0x8 /usr/local/ps3dev/ppu/lib/gcc/powerpc64-ps3-elf/7.2.0/crtbegin.o
 .init          0x0000000000010214        0x8 /usr/local/ps3dev/ppu/lib/gcc/powerpc64-ps3-elf/7.2.0/crtend.o
 .init          0x000000000001021c       0x10 /usr/local/ps3dev/ppu/lib/gcc/powerpc64-ps3-elf/7.2.0/../../../../powerpc64-ps3-elf/lib/lv2-crtn.o

.text           0x0000000000010230    0x49974
 *(.text .stub .text.* .gnu.linkonce.t.*)
 .text          0x0000000000010230        0x0 /usr/local/ps3dev/ppu/lib/gcc/powerpc64-ps3-elf/7.2.0/../../../../powerpc64-ps3-elf/lib/lv2-crti.o
 .text          0x0000000000010230        0x0 /usr/local/ps3dev/ppu/lib/gcc/powerpc64-ps3-elf/7.2.0/crtbegin.o
 .text.deregister_tm_clones
                0x0000000000010230       0x54 /usr/local/ps3dev/ppu/lib/gcc/powerpc64-ps3-elf/7.2.0/crtbegin.o
 *fill*         0x0000000000010284        0x4 60000000
 .text.register_tm_clones
                0x0000000000010288       0x60 /usr/local/ps3dev/ppu/lib/gcc/powerpc64-ps3-elf/7.2.0/crtbegin.o
 .text.__do_global_dtors_aux
                0x00000000000102e8       0xd4 /usr/local/ps3dev/ppu/lib/gcc/powerpc64-ps3-elf/7.2.0/crtbegin.o
 *fill*         0x00000000000103bc        0x4 60000000
 .text.frame_dummy
                0x00000000000103c0       0x38 /usr/local/ps3dev/ppu/lib/gcc/powerpc64-ps3-elf/7.2.0/crtbegin.o
 .text          0x00000000000103f8       0x58 /usr/local/ps3dev/ppu/lib/gcc/powerpc64-ps3-elf/7.2.0/../../../../powerpc64-ps3-elf/lib/lv2-crt0.o
                0x00000000000103f8                ._start
 .text.startup.__syscalls_init
                0x0000000000010450      0x16c /usr/local/ps3dev/ppu/lib/gcc/powerpc64-ps3-elf/7.2.0/../../../../powerpc64-ps3-elf/lib/lv2-crt0.o
 *fill*         0x00000000000105bc        0x4 60000000
 .text._initialize
                0x00000000000105c0       0x40 /usr/local/ps3dev/ppu/lib/gcc/powerpc64-ps3-elf/7.2.0/../../../../powerpc64-ps3-elf/lib/lv2-crt0.o
 .text          0x0000000000010600        0x0 /usr/local/ps3dev/ppu/lib/gcc/powerpc64-ps3-elf/7.2.0/../../../../powerpc64-ps3-elf/lib/lv2-sprx.o
 .text          0x0000000000010600        0x0 diffuse_specular_shader.vpo.o
 .text          0x0000000000010600        0x0 diffuse_specular_shader.fpo.o
 .text          0x0000000000010600        0x0 main.o
 .text._ZN10Vectormath10floatInVecC2EDv4_fi
                0x0000000000010600       0x88 main.o
 .text._ZN10Vectormath10floatInVecC2Ef
                0x0000000000010688       0x70 main.o
 .text._ZNK10Vectormath10floatInVeccvfEv
                0x00000000000106f8       0x34 main.o
 .text._ZNK10Vectormath10floatInVec6get128Ev
                0x000000000001072c       0x34 main.o
 .text._ZN10Vectormath3Aos7Vector3C2Ev
                0x0000000000010760       0x38 main.o
 .text._ZN10Vectormath3Aos7Vector4C2Ev
                0x0000000000010798       0x38 main.o
 .text._ZN10Vectormath3Aos7Matrix4C2Ev
                0x00000000000107d0       0x88 main.o
 .text._ZN10Vectormath3Aos10Transform3C2Ev
                0x0000000000010858       0x88 main.o
 .text._ZL12_vmathVfDot3Dv4_fS_
                0x00000000000108e0       0xf8 main.o
 .text._ZL13_vmathVfCrossDv4_fS_
                0x00000000000109d8      0x14c main.o
 .text._ZL14_vmathVfInsertDv4_fS_i
                0x0000000000010b24       0xb0 main.o
 .text._ZN10Vectormath3Aos7Vector3C2Efff
                0x0000000000010bd4       0x7c main.o
 .text._ZN10Vectormath3Aos7Vector3C2EDv4_f
                0x0000000000010c50       0x4c main.o
 .text._ZNK10Vectormath3Aos7Vector36get128Ev
                0x0000000000010c9c       0x34 main.o
 .text._ZN10Vectormath3Aos7Vector3aSES1_
                0x0000000000010cd0       0x50 main.o
 .text._ZNK10Vectormath3Aos7Vector34getXEv
                0x0000000000010d20       0x5c main.o
 .text._ZNK10Vectormath3Aos7Vector34getYEv
                0x0000000000010d7c       0x5c main.o
 .text._ZNK10Vectormath3Aos7Vector34getZEv
                0x0000000000010dd8       0x5c main.o
 .text._ZNK10Vectormath3Aos7Vector3miES1_
                0x0000000000010e34       0x74 main.o
 .text._ZNK10Vectormath3Aos7Vector3mlEf
                0x0000000000010ea8       0x74 main.o
 .text._ZNK10Vectormath3Aos7Vector3mlENS_10floatInVecE
                0x0000000000010f1c       0x90 main.o
 .text._ZN10Vectormath3Aos7Vector3mIES1_
                0x0000000000010fac       0x80 main.o
 .text._ZN10Vectormath3Aos7Vector3mLEf
                0x000000000001102c       0x70 main.o
 .text._ZN10Vectormath3Aos9normalizeENS0_7Vector3E
                0x000000000001109c       0xe8 main.o
 .text._ZN10Vectormath3Aos5crossENS0_7Vector3ES1_
                0x0000000000011184       0xac main.o
 .text._ZN10Vectormath3Aos7Vector4C2ENS0_7Vector3Ef
                0x0000000000011230       0x74 main.o
 .text._ZN10Vectormath3Aos7Vector4C2ENS0_7Vector3E
                0x00000000000112a4       0x8c main.o
 .text._ZN10Vectormath3Aos7Vector4C2ENS0_6Point3E
                0x0000000000011330       0x90 main.o
 .text._ZN10Vectormath3Aos7Vector4C2EDv4_f
                0x00000000000113c0       0x4c main.o
 .text._ZN10Vectormath3Aos7Vector45xAxisEv
                0x000000000001140c       0x54 main.o
 .text._ZN10Vectormath3Aos7Vector45yAxisEv
                0x0000000000011460       0x54 main.o
 .text._ZN10Vectormath3Aos7Vector45wAxisEv
                0x00000000000114b4       0x54 main.o
 .text._ZNK10Vectormath3Aos7Vector46get128Ev
                0x0000000000011508       0x34 main.o
 .text._ZN10Vectormath3Aos7Vector4aSES1_
                0x000000000001153c       0x50 main.o
 .text._ZN10Vectormath3Aos7Vector46setXYZENS0_7Vector3E
                0x000000000001158c       0x80 main.o
 .text._ZNK10Vectormath3Aos7Vector46getXYZEv
                0x000000000001160c       0x58 main.o
 .text._ZN10Vectormath3Aos6Point3C2Efff
                0x0000000000011664       0x7c main.o
 .text._ZNK10Vectormath3Aos6Point36get128Ev
                0x00000000000116e0       0x34 main.o
 .text._ZNK10Vectormath3Aos6Point3miES1_
                0x0000000000011714       0x74 main.o
 .text._ZN10Vectormath3Aos7Matrix4C2ERKNS0_10Transform3E
                0x0000000000011788      0x1d0 main.o
 .text._ZN10Vectormath3Aos7Matrix4C2ENS0_7Vector4ES2_S2_S2_
                0x0000000000011958      0x134 main.o
 .text._ZNK10Vectormath3Aos7Matrix47getCol0Ev
                0x0000000000011a8c       0x40 main.o
 .text._ZNK10Vectormath3Aos7Matrix47getCol1Ev
                0x0000000000011acc       0x44 main.o
 .text._ZNK10Vectormath3Aos7Matrix47getCol2Ev
                0x0000000000011b10       0x44 main.o
 .text._ZNK10Vectormath3Aos7Matrix47getCol3Ev
                0x0000000000011b54       0x44 main.o
 .text._ZN10Vectormath3Aos7Matrix4aSERKS1_
                0x0000000000011b98       0xbc main.o
 .text._ZN10Vectormath3Aos9transposeERKNS0_7Matrix4E
                0x0000000000011c54      0x2cc main.o
 .text._ZN10Vectormath3Aos7inverseERKNS0_7Matrix4E
                0x0000000000011f20      0xa68 main.o
 .text._ZN10Vectormath3Aos12orthoInverseERKNS0_7Matrix4E
                0x0000000000012988      0x18c main.o
 .text._ZNK10Vectormath3Aos7Matrix4mlENS0_7Vector4E
                0x0000000000012b14      0x1d4 main.o
 .text._ZNK10Vectormath3Aos7Matrix4mlENS0_6Point3E
                0x0000000000012ce8      0x1ac main.o
 .text._ZNK10Vectormath3Aos7Matrix4mlERKS1_
                0x0000000000012e94       0xec main.o
 .text._ZN10Vectormath3Aos7Matrix414setTranslationENS0_7Vector3E
                0x0000000000012f80       0x6c main.o
 .text._ZN10Vectormath3Aos7Matrix49rotationXEf
                0x0000000000012fec       0x6c main.o
 .text._ZN10Vectormath3Aos7Matrix49rotationXENS_10floatInVecE
                0x0000000000013058      0x1c0 main.o
 .text._ZN10Vectormath3Aos7Matrix49rotationYEf
                0x0000000000013218       0x6c main.o
 .text._ZN10Vectormath3Aos7Matrix49rotationYENS_10floatInVecE
                0x0000000000013284      0x1c4 main.o
 .text._ZN10Vectormath3Aos7Matrix46lookAtENS0_6Point3ES2_NS0_7Vector3E
                0x0000000000013448      0x274 main.o
 .text._ZN10Vectormath3Aos7Matrix411perspectiveEffff
                0x00000000000136bc      0x1f4 main.o
 .text._ZN10Vectormath3Aos10Transform3C2ENS0_7Vector3ES2_S2_S2_
                0x00000000000138b0      0x134 main.o
 .text._ZN10Vectormath3Aos10Transform37setCol0ENS0_7Vector3E
                0x00000000000139e4       0x68 main.o
 .text._ZN10Vectormath3Aos10Transform37setCol1ENS0_7Vector3E
                0x0000000000013a4c       0x6c main.o
 .text._ZN10Vectormath3Aos10Transform37setCol2ENS0_7Vector3E
                0x0000000000013ab8       0x6c main.o
 .text._ZN10Vectormath3Aos10Transform37setCol3ENS0_7Vector3E
                0x0000000000013b24       0x6c main.o
 .text._ZNK10Vectormath3Aos10Transform37getCol0Ev
                0x0000000000013b90       0x40 main.o
 .text._ZNK10Vectormath3Aos10Transform37getCol1Ev
                0x0000000000013bd0       0x44 main.o
 .text._ZNK10Vectormath3Aos10Transform37getCol2Ev
                0x0000000000013c14       0x44 main.o
 .text._ZNK10Vectormath3Aos10Transform37getCol3Ev
                0x0000000000013c58       0x44 main.o
 .text._ZN10Vectormath3Aos12orthoInverseERKNS0_10Transform3E
                0x0000000000013c9c      0x34c main.o
 .text._ZN9S3DVertexC2Effffffff
                0x0000000000013fe8       0xb0 main.o
 .text._ZN9S3DVertexaSERKS_
                0x0000000000014098       0x9c main.o
 .text.rsxAddressToOffset
                0x0000000000014134       0x54 main.o
 .text.program_exit_callback
                0x0000000000014188       0x40 main.o
 .text.sysutil_exit_callback
                0x00000000000141c8       0x6c main.o
 .text._ZL12init_texturev
                0x0000000000014234      0x184 main.o
 .text._ZL10createCubef
                0x00000000000143b8      0x69c main.o
 .text._ZL11createDonutffjj
                0x0000000000014a54      0x948 main.o
 .text._ZL12createSpherefjj
                0x000000000001539c      0xddc main.o
 .text._ZL10setTextureh
                0x0000000000016178      0x1a8 main.o
 .text._ZL10setDrawEnvv
                0x0000000000016320      0x350 main.o
 .text._Z11init_shaderv
                0x0000000000016670      0x274 main.o
 .text._Z9drawFramev
                0x00000000000168e4      0xe44 main.o
 .text.main     0x0000000000017728      0x250 main.o
 .text._ZN11CMeshBufferI9S3DVertexEC2Ev
                0x0000000000017978       0x5c main.o
 .text._Z5clampIfEKT_RS1_S2_S2_
                0x00000000000179d4       0x70 main.o
 .text._Z4max_IfERKT_S2_S2_
                0x0000000000017a44       0x54 main.o
 .text._Z4min_IfERKT_S2_S2_
                0x0000000000017a98       0x54 main.o
 .text._Z41__static_initialization_and_destruction_0ii
                0x0000000000017aec       0xe4 main.o
 .text._GLOBAL__sub_I___sys_process_param
                0x0000000000017bd0       0x44 main.o
 .text          0x0000000000017c14        0x0 rsxutil.o
 .text.sysEventQueueCreate
                0x0000000000017c14       0x78 rsxutil.o
 .text.sysEventQueueReceive
                0x0000000000017c8c       0x9c rsxutil.o
 .text.sysEventQueueDrain
                0x0000000000017d28       0x50 rsxutil.o
 .text.sysEventPortCreate
                0x0000000000017d78       0x70 rsxutil.o
 .text.sysEventPortSend
                0x0000000000017de8       0x78 rsxutil.o
 .text.sysEventPortConnectLocal
                0x0000000000017e60       0x6c rsxutil.o
 .text.rsxAddressToOffset
                0x0000000000017ecc       0x54 rsxutil.o
 .text.rsxAlign
                0x0000000000017f20       0x90 rsxutil.o
 .text.flipHandler
                0x0000000000017fb0       0xdc rsxutil.o
 .text.vblankHandler
                0x000000000001808c       0xe8 rsxutil.o
 .text._ZL10syncPPUGPUv
                0x0000000000018174       0xc4 rsxutil.o
 .text._ZL13waitRSXFinishv
                0x0000000000018238       0xd4 rsxutil.o
 .text._ZL11waitRSXIdlev
                0x000000000001830c       0xa4 rsxutil.o
 .text._Z22initVideoConfigurationv
                0x00000000000183b0      0x260 rsxutil.o
 .text._Z13initFlipEventv
                0x0000000000018610       0xa8 rsxutil.o
 .text._Z16initRenderTargetv
                0x00000000000186b8      0x1b8 rsxutil.o
 .text._Z15setRenderTargetj
                0x0000000000018870       0x74 rsxutil.o
 .text._Z24initDefaultStateCommandsv
                0x00000000000188e4      0x218 rsxutil.o
 .text._Z10initScreenj
                0x0000000000018afc      0x578 rsxutil.o
 .text._Z4flipv
                0x0000000000019074      0x1a0 rsxutil.o
 .text._Z6finishv
                0x0000000000019214       0x98 rsxutil.o
 .text          0x00000000000192ac        0x0 /usr/local/ps3dev/psl1ght/ppu/lib/libsimdmath.a(negatef4.o)
 *fill*         0x00000000000192ac        0x4 60000000
 .text.negatef4
                0x00000000000192b0       0x1c /usr/local/ps3dev/psl1ght/ppu/lib/libsimdmath.a(negatef4.o)
 .text          0x00000000000192cc        0x0 /usr/local/ps3dev/psl1ght/ppu/lib/libsimdmath.a(recipf4.o)
 *fill*         0x00000000000192cc        0x4 60000000
 .text.recipf4  0x00000000000192d0       0x24 /usr/local/ps3dev/psl1ght/ppu/lib/libsimdmath.a(recipf4.o)
 .text          0x00000000000192f4        0x0 /usr/local/ps3dev/psl1ght/ppu/lib/libsimdmath.a(rsqrtf4.o)
 *fill*         0x00000000000192f4        0x4 60000000
 .text.rsqrtf4  0x00000000000192f8       0x38 /usr/local/ps3dev/psl1ght/ppu/lib/libsimdmath.a(rsqrtf4.o)
 .text          0x0000000000019330        0x0 /usr/local/ps3dev/psl1ght/ppu/lib/libsimdmath.a(sincosf4.o)
 .text.sincosf4
                0x0000000000019330      0x120 /usr/local/ps3dev/psl1ght/ppu/lib/libsimdmath.a(sincosf4.o)
 .text          0x0000000000019450        0x0 /usr/local/ps3dev/psl1ght/ppu/lib/librsx.a(init.o)
 .text.rsxInit  0x0000000000019450       0x9c /usr/local/ps3dev/psl1ght/ppu/lib/librsx.a(init.o)
 *fill*         0x00000000000194ec        0x4 60000000
 .text.rsxSetupContextData
                0x00000000000194f0       0x48 /usr/local/ps3dev/psl1ght/ppu/lib/librsx.a(init.o)
 .text.rsxSetCurrentBuffer
                0x0000000000019538       0x48 /usr/local/ps3dev/psl1ght/ppu/lib/librsx.a(init.o)
 .text.rsxSetDefaultCommandBuffer
                0x0000000000019580       0x50 /usr/local/ps3dev/psl1ght/ppu/lib/librsx.a(init.o)
 .text.rsxSetUserCallback
                0x00000000000195d0       0x18 /usr/local/ps3dev/psl1ght/ppu/lib/librsx.a(init.o)
 .text.rsxGetCurrentBuffer
                0x00000000000195e8       0x1c /usr/local/ps3dev/psl1ght/ppu/lib/librsx.a(init.o)
 .text          0x0000000000019604        0x0 /usr/local/ps3dev/psl1ght/ppu/lib/librsx.a(buffer.o)
 *fill*         0x0000000000019604        0x4 60000000
 .text.rsxResetCommandBufferUnsafe
                0x0000000000019608       0x80 /usr/local/ps3dev/psl1ght/ppu/lib/librsx.a(buffer.o)
 .text.rsxFlushBufferUnsafe
                0x0000000000019688       0x78 /usr/local/ps3dev/psl1ght/ppu/lib/librsx.a(buffer.o)
 .text.rsxFinishUnsafe
                0x0000000000019700       0x84 /usr/local/ps3dev/psl1ght/ppu/lib/librsx.a(buffer.o)
 *fill*         0x0000000000019784        0x4 60000000
 .text.rsxResetCommandBuffer
                0x0000000000019788       0x80 /usr/local/ps3dev/psl1ght/ppu/lib/librsx.a(buffer.o)
 .text.rsxFlushBuffer
                0x0000000000019808       0x10 /usr/local/ps3dev/psl1ght/ppu/lib/librsx.a(buffer.o)
 .text.rsxFinish
                0x0000000000019818       0x84 /usr/local/ps3dev/psl1ght/ppu/lib/librsx.a(buffer.o)
 .text          0x000000000001989c        0x0 /usr/local/ps3dev/psl1ght/ppu/lib/librsx.a(commands.o)
 *fill*         0x000000000001989c        0x4 60000000
 .text.rsxSetReturnCommandUnsafe
                0x00000000000198a0       0x24 /usr/local/ps3dev/psl1ght/ppu/lib/librsx.a(commands.o)
 *fill*         0x00000000000198c4        0x4 60000000
 .text.rsxSetCallCommandUnsafe
                0x00000000000198c8       0x24 /usr/local/ps3dev/psl1ght/ppu/lib/librsx.a(commands.o)
 *fill*         0x00000000000198ec        0x4 60000000
 .text.rsxSetJumpCommandUnsafe
                0x00000000000198f0       0x24 /usr/local/ps3dev/psl1ght/ppu/lib/librsx.a(commands.o)
 *fill*         0x0000000000019914        0x4 60000000
 .text.rsxSetNopCommandUnsafe
                0x0000000000019918       0x98 /usr/local/ps3dev/psl1ght/ppu/lib/librsx.a(commands.o)
 .text.rsxSetSkipNopUnsafe
                0x00000000000199b0       0x34 /usr/local/ps3dev/psl1ght/ppu/lib/librsx.a(commands.o)
 *fill*         0x00000000000199e4        0x4 60000000
 .text.rsxSetClearColorUnsafe
                0x00000000000199e8       0x2c /usr/local/ps3dev/psl1ght/ppu/lib/librsx.a(commands.o)
 *fill*         0x0000000000019a14        0x4 60000000
 .text.rsxSetClearDepthStencilUnsafe
                0x0000000000019a18       0x2c /usr/local/ps3dev/psl1ght/ppu/lib/librsx.a(commands.o)
 *fill*         0x0000000000019a44        0x4 60000000
 .text.rsxSetReferenceCommandUnsafe
                0x0000000000019a48       0x2c /usr/local/ps3dev/psl1ght/ppu/lib/librsx.a(commands.o)
 *fill*         0x0000000000019a74        0x4 60000000
 .text.rsxSetWriteBackendLabelUnsafe
                0x0000000000019a78       0x58 /usr/local/ps3dev/psl1ght/ppu/lib/librsx.a(commands.o)
 .text.rsxSetWriteTextureLabelUnsafe
                0x0000000000019ad0       0x40 /usr/local/ps3dev/psl1ght/ppu/lib/librsx.a(commands.o)
 .text.rsxSetWaitLabelUnsafe
                0x0000000000019b10       0x40 /usr/local/ps3dev/psl1ght/ppu/lib/librsx.a(commands.o)
 .text.rsxSetWriteCommandLabelUnsafe
                0x0000000000019b50       0x40 /usr/local/ps3dev/psl1ght/ppu/lib/librsx.a(commands.o)
 .text.rsxSetSurfaceUnsafe
                0x0000000000019b90      0x1cc /usr/local/ps3dev/psl1ght/ppu/lib/librsx.a(commands.o)
 *fill*         0x0000000000019d5c        0x4 60000000
 .text.rsxSetColorMaskUnsafe
                0x0000000000019d60       0x2c /usr/local/ps3dev/psl1ght/ppu/lib/librsx.a(commands.o)
 *fill*         0x0000000000019d8c        0x4 60000000
 .text.rsxSetColorMaskMrtUnsafe
                0x0000000000019d90       0x2c /usr/local/ps3dev/psl1ght/ppu/lib/librsx.a(commands.o)
 *fill*         0x0000000000019dbc        0x4 60000000
 .text.rsxSetShadeModelUnsafe
                0x0000000000019dc0       0x2c /usr/local/ps3dev/psl1ght/ppu/lib/librsx.a(commands.o)
 *fill*         0x0000000000019dec        0x4 60000000
 .text.rsxSetViewportUnsafe
                0x0000000000019df0      0x108 /usr/local/ps3dev/psl1ght/ppu/lib/librsx.a(commands.o)
 .text.rsxSetViewportClipUnsafe
                0x0000000000019ef8       0x44 /usr/local/ps3dev/psl1ght/ppu/lib/librsx.a(commands.o)
 *fill*         0x0000000000019f3c        0x4 60000000
 .text.rsxSetUserClipPlaneControlUnsafe
                0x0000000000019f40       0x54 /usr/local/ps3dev/psl1ght/ppu/lib/librsx.a(commands.o)
 *fill*         0x0000000000019f94        0x4 60000000
 .text.rsxSetDepthTestEnableUnsafe
                0x0000000000019f98       0x2c /usr/local/ps3dev/psl1ght/ppu/lib/librsx.a(commands.o)
 *fill*         0x0000000000019fc4        0x4 60000000
 .text.rsxSetDepthFuncUnsafe
                0x0000000000019fc8       0x2c /usr/local/ps3dev/psl1ght/ppu/lib/librsx.a(commands.o)
 *fill*         0x0000000000019ff4        0x4 60000000
 .text.rsxSetDepthWriteEnableUnsafe
                0x0000000000019ff8       0x2c /usr/local/ps3dev/psl1ght/ppu/lib/librsx.a(commands.o)
 *fill*         0x000000000001a024        0x4 60000000
 .text.rsxSetDepthFormatUnsafe
                0x000000000001a028       0x34 /usr/local/ps3dev/psl1ght/ppu/lib/librsx.a(commands.o)
 *fill*         0x000000000001a05c        0x4 60000000
 .text.rsxSetCullFaceEnableUnsafe
                0x000000000001a060       0x2c /usr/local/ps3dev/psl1ght/ppu/lib/librsx.a(commands.o)
 *fill*         0x000000000001a08c        0x4 60000000
 .text.rsxSetCullFaceUnsafe
                0x000000000001a090       0x2c /usr/local/ps3dev/psl1ght/ppu/lib/librsx.a(commands.o)
 *fill*         0x000000000001a0bc        0x4 60000000
 .text.rsxSetFrontFaceUnsafe
                0x000000000001a0c0       0x2c /usr/local/ps3dev/psl1ght/ppu/lib/librsx.a(commands.o)
 *fill*         0x000000000001a0ec        0x4 60000000
 .text.rsxSetFrontPolygonModeUnsafe
                0x000000000001a0f0       0x2c /usr/local/ps3dev/psl1ght/ppu/lib/librsx.a(commands.o)
 *fill*         0x000000000001a11c        0x4 60000000
 .text.rsxSetBackPolygonModeUnsafe
                0x000000000001a120       0x2c /usr/local/ps3dev/psl1ght/ppu/lib/librsx.a(commands.o)
 *fill*         0x000000000001a14c        0x4 60000000
 .text.rsxSetPolygonOffsetFillEnableUnsafe
                0x000000000001a150       0x2c /usr/local/ps3dev/psl1ght/ppu/lib/librsx.a(commands.o)
 *fill*         0x000000000001a17c        0x4 60000000
 .text.rsxSetPolygonOffsetUnsafe
                0x000000000001a180       0x40 /usr/local/ps3dev/psl1ght/ppu/lib/librsx.a(commands.o)
 .text.rsxClearSurfaceUnsafe
                0x000000000001a1c0       0x3c /usr/local/ps3dev/psl1ght/ppu/lib/librsx.a(commands.o)
 *fill*         0x000000000001a1fc        0x4 60000000
 .text.rsxSetCylindricalWrapUnsafe
                0x000000000001a200       0x2c /usr/local/ps3dev/psl1ght/ppu/lib/librsx.a(commands.o)
 *fill*         0x000000000001a22c        0x4 60000000
 .text.rsxSetTwoSideLightEnableUnsafe
                0x000000000001a230       0x2c /usr/local/ps3dev/psl1ght/ppu/lib/librsx.a(commands.o)
 *fill*         0x000000000001a25c        0x4 60000000
 .text.rsxSetStencilFuncUnsafe
                0x000000000001a260       0x34 /usr/local/ps3dev/psl1ght/ppu/lib/librsx.a(commands.o)
 *fill*         0x000000000001a294        0x4 60000000
 .text.rsxSetStencilMaskUnsafe
                0x000000000001a298       0x2c /usr/local/ps3dev/psl1ght/ppu/lib/librsx.a(commands.o)
 *fill*         0x000000000001a2c4        0x4 60000000
 .text.rsxSetStencilOpUnsafe
                0x000000000001a2c8       0x34 /usr/local/ps3dev/psl1ght/ppu/lib/librsx.a(commands.o)
 *fill*         0x000000000001a2fc        0x4 60000000
 .text.rsxSetStencilTestEnableUnsafe
                0x000000000001a300       0x2c /usr/local/ps3dev/psl1ght/ppu/lib/librsx.a(commands.o)
 *fill*         0x000000000001a32c        0x4 60000000
 .text.rsxSetBackStencilFuncUnsafe
                0x000000000001a330       0x34 /usr/local/ps3dev/psl1ght/ppu/lib/librsx.a(commands.o)
 *fill*         0x000000000001a364        0x4 60000000
 .text.rsxSetBackStencilMaskUnsafe
                0x000000000001a368       0x2c /usr/local/ps3dev/psl1ght/ppu/lib/librsx.a(commands.o)
 *fill*         0x000000000001a394        0x4 60000000
 .text.rsxSetBackStencilOpUnsafe
                0x000000000001a398       0x34 /usr/local/ps3dev/psl1ght/ppu/lib/librsx.a(commands.o)
 *fill*         0x000000000001a3cc        0x4 60000000
 .text.rsxSetTwoSidedStencilTestEnableUnsafe
                0x000000000001a3d0       0x2c /usr/local/ps3dev/psl1ght/ppu/lib/librsx.a(commands.o)
 *fill*         0x000000000001a3fc        0x4 60000000
 .text.rsxSetRenderEnableUnsafe
                0x000000000001a400       0x70 /usr/local/ps3dev/psl1ght/ppu/lib/librsx.a(commands.o)
 .text.rsxSetReportUnsafe
                0x000000000001a470       0x38 /usr/local/ps3dev/psl1ght/ppu/lib/librsx.a(commands.o)
 .text.rsxSetClearReportUnsafe
                0x000000000001a4a8       0x2c /usr/local/ps3dev/psl1ght/ppu/lib/librsx.a(commands.o)
 *fill*         0x000000000001a4d4        0x4 60000000
 .text.rsxSetZPixelCountEnableUnsafe
                0x000000000001a4d8       0x2c /usr/local/ps3dev/psl1ght/ppu/lib/librsx.a(commands.o)
 *fill*         0x000000000001a504        0x4 60000000
 .text.rsxSetSCullControlUnsafe
                0x000000000001a508       0x3c /usr/local/ps3dev/psl1ght/ppu/lib/librsx.a(commands.o)
 *fill*         0x000000000001a544        0x4 60000000
 .text.rsxSetZCullLimitUnsafe
                0x000000000001a548       0x34 /usr/local/ps3dev/psl1ght/ppu/lib/librsx.a(commands.o)
 *fill*         0x000000000001a57c        0x4 60000000
 .text.rsxSetZCullStatsEnableUnsafe
                0x000000000001a580       0x2c /usr/local/ps3dev/psl1ght/ppu/lib/librsx.a(commands.o)
 *fill*         0x000000000001a5ac        0x4 60000000
 .text.rsxSetZCullControlUnsafe
                0x000000000001a5b0       0x34 /usr/local/ps3dev/psl1ght/ppu/lib/librsx.a(commands.o)
 *fill*         0x000000000001a5e4        0x4 60000000
 .text.rsxSetClearZCullSurfaceUnsafe
                0x000000000001a5e8       0x34 /usr/local/ps3dev/psl1ght/ppu/lib/librsx.a(commands.o)
 *fill*         0x000000000001a61c        0x4 60000000
 .text.rsxSetZCullEnableUnsafe
                0x000000000001a620       0x34 /usr/local/ps3dev/psl1ght/ppu/lib/librsx.a(commands.o)
 *fill*         0x000000000001a654        0x4 60000000
 .text.rsxSetZCullInvalidateUnsafe
                0x000000000001a658       0x2c /usr/local/ps3dev/psl1ght/ppu/lib/librsx.a(commands.o)
 *fill*         0x000000000001a684        0x4 60000000
 .text.rsxSetPolygonSmoothEnableUnsafe
                0x000000000001a688       0x2c /usr/local/ps3dev/psl1ght/ppu/lib/librsx.a(commands.o)
 *fill*         0x000000000001a6b4        0x4 60000000
 .text.rsxSetDitherEnableUnsafe
                0x000000000001a6b8       0x2c /usr/local/ps3dev/psl1ght/ppu/lib/librsx.a(commands.o)
 *fill*         0x000000000001a6e4        0x4 60000000
 .text.rsxLoadVertexProgramBlockUnsafe
                0x000000000001a6e8      0x2ac /usr/local/ps3dev/psl1ght/ppu/lib/librsx.a(commands.o)
 *fill*         0x000000000001a994        0x4 60000000
 .text.rsxLoadFragmentProgramLocationUnsafe
                0x000000000001a998      0x16c /usr/local/ps3dev/psl1ght/ppu/lib/librsx.a(commands.o)
 *fill*         0x000000000001ab04        0x4 60000000
 .text.rsxUpdateFragmentProgramLocationUnsafe
                0x000000000001ab08       0x38 /usr/local/ps3dev/psl1ght/ppu/lib/librsx.a(commands.o)
 .text.rsxSetFragmentProgramControlUnsafe
                0x000000000001ab40       0x54 /usr/local/ps3dev/psl1ght/ppu/lib/librsx.a(commands.o)
 *fill*         0x000000000001ab94        0x4 60000000
 .text.rsxLoadVertexProgramParameterBlockUnsafe
                0x000000000001ab98      0x290 /usr/local/ps3dev/psl1ght/ppu/lib/librsx.a(commands.o)
 .text.rsxLoadVertexProgramUnsafe
                0x000000000001ae28       0xec /usr/local/ps3dev/psl1ght/ppu/lib/librsx.a(commands.o)
 *fill*         0x000000000001af14        0x4 60000000
 .text.rsxSetVertexProgramParameterUnsafe
                0x000000000001af18      0x218 /usr/local/ps3dev/psl1ght/ppu/lib/librsx.a(commands.o)
 .text.rsxSetVertexProgramConstantsUnsafe
                0x000000000001b130      0x210 /usr/local/ps3dev/psl1ght/ppu/lib/librsx.a(commands.o)
 .text.rsxSetVertexAttribOutputMaskUnsafe
                0x000000000001b340       0x2c /usr/local/ps3dev/psl1ght/ppu/lib/librsx.a(commands.o)
 *fill*         0x000000000001b36c        0x4 60000000
 .text.rsxSetFragmentProgramGammaEnableUnsafe
                0x000000000001b370       0x2c /usr/local/ps3dev/psl1ght/ppu/lib/librsx.a(commands.o)
 *fill*         0x000000000001b39c        0x4 60000000
 .text.rsxDrawVertexBeginUnsafe
                0x000000000001b3a0       0x2c /usr/local/ps3dev/psl1ght/ppu/lib/librsx.a(commands.o)
 *fill*         0x000000000001b3cc        0x4 60000000
 .text.rsxDrawVertexEndUnsafe
                0x000000000001b3d0       0x2c /usr/local/ps3dev/psl1ght/ppu/lib/librsx.a(commands.o)
 *fill*         0x000000000001b3fc        0x4 60000000
 .text.rsxDrawVertex1fUnsafe
                0x000000000001b400       0x38 /usr/local/ps3dev/psl1ght/ppu/lib/librsx.a(commands.o)
 .text.rsxDrawVertex2fUnsafe
                0x000000000001b438       0x40 /usr/local/ps3dev/psl1ght/ppu/lib/librsx.a(commands.o)
 .text.rsxDrawVertex3fUnsafe
                0x000000000001b478       0x48 /usr/local/ps3dev/psl1ght/ppu/lib/librsx.a(commands.o)
 .text.rsxDrawVertex4fUnsafe
                0x000000000001b4c0       0x48 /usr/local/ps3dev/psl1ght/ppu/lib/librsx.a(commands.o)
 .text.rsxDrawVertex4sUnsafe
                0x000000000001b508       0x5c /usr/local/ps3dev/psl1ght/ppu/lib/librsx.a(commands.o)
 *fill*         0x000000000001b564        0x4 60000000
 .text.rsxDrawVertexScaled4sUnsafe
                0x000000000001b568       0x5c /usr/local/ps3dev/psl1ght/ppu/lib/librsx.a(commands.o)
 *fill*         0x000000000001b5c4        0x4 60000000
 .text.rsxDrawVertex2sUnsafe
                0x000000000001b5c8       0x44 /usr/local/ps3dev/psl1ght/ppu/lib/librsx.a(commands.o)
 *fill*         0x000000000001b60c        0x4 60000000
 .text.rsxDrawVertex4ubUnsafe
                0x000000000001b610       0x34 /usr/local/ps3dev/psl1ght/ppu/lib/librsx.a(commands.o)
 *fill*         0x000000000001b644        0x4 60000000
 .text.rsxSetFrequencyDividerOperationUnsafe
                0x000000000001b648       0x2c /usr/local/ps3dev/psl1ght/ppu/lib/librsx.a(commands.o)
 *fill*         0x000000000001b674        0x4 60000000
 .text.rsxInvalidateVertexCacheUnsafe
                0x000000000001b678       0x44 /usr/local/ps3dev/psl1ght/ppu/lib/librsx.a(commands.o)
 *fill*         0x000000000001b6bc        0x4 60000000
 .text.rsxInvalidateTextureCacheUnsafe
                0x000000000001b6c0       0x2c /usr/local/ps3dev/psl1ght/ppu/lib/librsx.a(commands.o)
 *fill*         0x000000000001b6ec        0x4 60000000
 .text.rsxLoadTextureUnsafe
                0x000000000001b6f0       0xc0 /usr/local/ps3dev/psl1ght/ppu/lib/librsx.a(commands.o)
 .text.rsxLoadVertexTextureUnsafe
                0x000000000001b7b0       0x8c /usr/local/ps3dev/psl1ght/ppu/lib/librsx.a(commands.o)
 *fill*         0x000000000001b83c        0x4 60000000
 .text.rsxTextureControlUnsafe
                0x000000000001b840       0x4c /usr/local/ps3dev/psl1ght/ppu/lib/librsx.a(commands.o)
 *fill*         0x000000000001b88c        0x4 60000000
 .text.rsxVertexTextureControlUnsafe
                0x000000000001b890       0x44 /usr/local/ps3dev/psl1ght/ppu/lib/librsx.a(commands.o)
 *fill*         0x000000000001b8d4        0x4 60000000
 .text.rsxTextureFilterUnsafe
                0x000000000001b8d8       0x44 /usr/local/ps3dev/psl1ght/ppu/lib/librsx.a(commands.o)
 *fill*         0x000000000001b91c        0x4 60000000
 .text.rsxVertexTextureFilterUnsafe
                0x000000000001b920       0x30 /usr/local/ps3dev/psl1ght/ppu/lib/librsx.a(commands.o)
 .text.rsxTextureWrapModeUnsafe
                0x000000000001b950       0x58 /usr/local/ps3dev/psl1ght/ppu/lib/librsx.a(commands.o)
 .text.rsxVertexTextureWrapModeUnsafe
                0x000000000001b9a8       0x38 /usr/local/ps3dev/psl1ght/ppu/lib/librsx.a(commands.o)
 .text.rsxTextureBorderColorUnsafe
                0x000000000001b9e0       0x30 /usr/local/ps3dev/psl1ght/ppu/lib/librsx.a(commands.o)
 .text.rsxVertexTextureBorderColorUnsafe
                0x000000000001ba10       0x30 /usr/local/ps3dev/psl1ght/ppu/lib/librsx.a(commands.o)
 .text.rsxTextureOptimizationUnsafe
                0x000000000001ba40       0x44 /usr/local/ps3dev/psl1ght/ppu/lib/librsx.a(commands.o)
 *fill*         0x000000000001ba84        0x4 60000000
 .text.rsxTextureAnisoSpreadUnsafe
                0x000000000001ba88       0x5c /usr/local/ps3dev/psl1ght/ppu/lib/librsx.a(commands.o)
 *fill*         0x000000000001bae4        0x4 60000000
 .text.rsxSetZControlUnsafe
                0x000000000001bae8       0x3c /usr/local/ps3dev/psl1ght/ppu/lib/librsx.a(commands.o)
 *fill*         0x000000000001bb24        0x4 60000000
 .text.rsxBindVertexArrayAttribUnsafe
                0x000000000001bb28       0x60 /usr/local/ps3dev/psl1ght/ppu/lib/librsx.a(commands.o)
 .text.rsxDrawVertexArrayUnsafe
                0x000000000001bb88      0x1e4 /usr/local/ps3dev/psl1ght/ppu/lib/librsx.a(commands.o)
 *fill*         0x000000000001bd6c        0x4 60000000
 .text.rsxDrawInlineVertexArrayUnsafe
                0x000000000001bd70      0x1a0 /usr/local/ps3dev/psl1ght/ppu/lib/librsx.a(commands.o)
 .text.rsxDrawIndexArrayUnsafe
                0x000000000001bf10      0x23c /usr/local/ps3dev/psl1ght/ppu/lib/librsx.a(commands.o)
 *fill*         0x000000000001c14c        0x4 60000000
 .text.rsxDrawInlineIndexArray16Unsafe
                0x000000000001c150      0x208 /usr/local/ps3dev/psl1ght/ppu/lib/librsx.a(commands.o)
 .text.rsxDrawInlineIndexArray32Unsafe
                0x000000000001c358      0x1a8 /usr/local/ps3dev/psl1ght/ppu/lib/librsx.a(commands.o)
 .text.rsxSetScissorUnsafe
                0x000000000001c500       0x40 /usr/local/ps3dev/psl1ght/ppu/lib/librsx.a(commands.o)
 .text.rsxSetAntialiasingControlUnsafe
                0x000000000001c540       0x44 /usr/local/ps3dev/psl1ght/ppu/lib/librsx.a(commands.o)
 *fill*         0x000000000001c584        0x4 60000000
 .text.rsxInlineTransferUnsafe
                0x000000000001c588      0x18c /usr/local/ps3dev/psl1ght/ppu/lib/librsx.a(commands.o)
 *fill*         0x000000000001c714        0x4 60000000
 .text.rsxSetFragmentProgramParameterUnsafe
                0x000000000001c718      0x5d8 /usr/local/ps3dev/psl1ght/ppu/lib/librsx.a(commands.o)
 .text.rsxSetAlphaFuncUnsafe
                0x000000000001ccf0       0x30 /usr/local/ps3dev/psl1ght/ppu/lib/librsx.a(commands.o)
 .text.rsxSetAlphaTestEnableUnsafe
                0x000000000001cd20       0x2c /usr/local/ps3dev/psl1ght/ppu/lib/librsx.a(commands.o)
 *fill*         0x000000000001cd4c        0x4 60000000
 .text.rsxSetBlendFuncUnsafe
                0x000000000001cd50       0x40 /usr/local/ps3dev/psl1ght/ppu/lib/librsx.a(commands.o)
 .text.rsxSetBlendEquationUnsafe
                0x000000000001cd90       0x34 /usr/local/ps3dev/psl1ght/ppu/lib/librsx.a(commands.o)
 *fill*         0x000000000001cdc4        0x4 60000000
 .text.rsxSetBlendColorUnsafe
                0x000000000001cdc8       0x3c /usr/local/ps3dev/psl1ght/ppu/lib/librsx.a(commands.o)
 *fill*         0x000000000001ce04        0x4 60000000
 .text.rsxSetBlendEnableUnsafe
                0x000000000001ce08       0x2c /usr/local/ps3dev/psl1ght/ppu/lib/librsx.a(commands.o)
 *fill*         0x000000000001ce34        0x4 60000000
 .text.rsxSetBlendOptimizationUnsafe
                0x000000000001ce38       0x2c /usr/local/ps3dev/psl1ght/ppu/lib/librsx.a(commands.o)
 *fill*         0x000000000001ce64        0x4 60000000
 .text.rsxSetBlendEnableMrtUnsafe
                0x000000000001ce68       0x40 /usr/local/ps3dev/psl1ght/ppu/lib/librsx.a(commands.o)
 .text.rsxSetLogicOpUnsafe
                0x000000000001cea8       0x2c /usr/local/ps3dev/psl1ght/ppu/lib/librsx.a(commands.o)
 *fill*         0x000000000001ced4        0x4 60000000
 .text.rsxSetLogicOpEnableUnsafe
                0x000000000001ced8       0x2c /usr/local/ps3dev/psl1ght/ppu/lib/librsx.a(commands.o)
 *fill*         0x000000000001cf04        0x4 60000000
 .text.rsxSetFogModeUnsafe
                0x000000000001cf08       0x2c /usr/local/ps3dev/psl1ght/ppu/lib/librsx.a(commands.o)
 *fill*         0x000000000001cf34        0x4 60000000
 .text.rsxSetFogParamsUnsafe
                0x000000000001cf38       0x40 /usr/local/ps3dev/psl1ght/ppu/lib/librsx.a(commands.o)
 .text.rsxSetTransformBranchBitsUnsafe
                0x000000000001cf78       0x2c /usr/local/ps3dev/psl1ght/ppu/lib/librsx.a(commands.o)
 *fill*         0x000000000001cfa4        0x4 60000000
 .text.rsxSetPointSpriteControlUnsafe
                0x000000000001cfa8       0x48 /usr/local/ps3dev/psl1ght/ppu/lib/librsx.a(commands.o)
 .text.rsxSetPointSizeUnsafe
                0x000000000001cff0       0x34 /usr/local/ps3dev/psl1ght/ppu/lib/librsx.a(commands.o)
 *fill*         0x000000000001d024        0x4 60000000
 .text.rsxSetTransferDataUnsafe
                0x000000000001d028      0x1a4 /usr/local/ps3dev/psl1ght/ppu/lib/librsx.a(commands.o)
 *fill*         0x000000000001d1cc        0x4 60000000
 .text.rsxSetTransferDataModeUnsafe
                0x000000000001d1d0       0x70 /usr/local/ps3dev/psl1ght/ppu/lib/librsx.a(commands.o)
 .text.rsxSetTransferDataOffsetUnsafe
                0x000000000001d240       0x5c /usr/local/ps3dev/psl1ght/ppu/lib/librsx.a(commands.o)
 *fill*         0x000000000001d29c        0x4 60000000
 .text.rsxSetTransferDataFormatUnsafe
                0x000000000001d2a0       0x44 /usr/local/ps3dev/psl1ght/ppu/lib/librsx.a(commands.o)
 *fill*         0x000000000001d2e4        0x4 60000000
 .text.rsxSetTransferImageUnsafe
                0x000000000001d2e8      0x4ac /usr/local/ps3dev/psl1ght/ppu/lib/librsx.a(commands.o)
 *fill*         0x000000000001d794        0x4 60000000
 .text.rsxSetTransferScaleModeUnsafe
                0x000000000001d798       0xe8 /usr/local/ps3dev/psl1ght/ppu/lib/librsx.a(commands.o)
 .text.rsxSetTransferScaleSurfaceUnsafe
                0x000000000001d880      0x140 /usr/local/ps3dev/psl1ght/ppu/lib/librsx.a(commands.o)
 .text.rsxSetTransferScaleSwizzleUnsafe
                0x000000000001d9c0      0x140 /usr/local/ps3dev/psl1ght/ppu/lib/librsx.a(commands.o)
 .text.rsxSetTimeStampUnsafe
                0x000000000001db00       0x34 /usr/local/ps3dev/psl1ght/ppu/lib/librsx.a(commands.o)
 *fill*         0x000000000001db34        0x4 60000000
 .text.rsxSetWaitForIdleUnsafe
                0x000000000001db38       0x2c /usr/local/ps3dev/psl1ght/ppu/lib/librsx.a(commands.o)
 *fill*         0x000000000001db64        0x4 60000000
 .text.rsxContextCallback
                0x000000000001db68       0x50 /usr/local/ps3dev/psl1ght/ppu/lib/librsx.a(commands.o)
 .text.rsxSetReturnCommand
                0x000000000001dbb8       0x90 /usr/local/ps3dev/psl1ght/ppu/lib/librsx.a(commands.o)
 .text.rsxSetCallCommand
                0x000000000001dc48       0x9c /usr/local/ps3dev/psl1ght/ppu/lib/librsx.a(commands.o)
 *fill*         0x000000000001dce4        0x4 60000000
 .text.rsxSetJumpCommand
                0x000000000001dce8       0x9c /usr/local/ps3dev/psl1ght/ppu/lib/librsx.a(commands.o)
 *fill*         0x000000000001dd84        0x4 60000000
 .text.rsxSetNopCommand
                0x000000000001dd88      0x118 /usr/local/ps3dev/psl1ght/ppu/lib/librsx.a(commands.o)
 .text.rsxSetSkipNop
                0x000000000001dea0       0xc0 /usr/local/ps3dev/psl1ght/ppu/lib/librsx.a(commands.o)
 .text.rsxSetClearColor
                0x000000000001df60       0xa4 /usr/local/ps3dev/psl1ght/ppu/lib/librsx.a(commands.o)
 *fill*         0x000000000001e004        0x4 60000000
 .text.rsxSetClearDepthStencil
                0x000000000001e008       0xa4 /usr/local/ps3dev/psl1ght/ppu/lib/librsx.a(commands.o)
 *fill*         0x000000000001e0ac        0x4 60000000
 .text.rsxSetReferenceCommand
                0x000000000001e0b0       0xa4 /usr/local/ps3dev/psl1ght/ppu/lib/librsx.a(commands.o)
 *fill*         0x000000000001e154        0x4 60000000
 .text.rsxSetWriteBackendLabel
                0x000000000001e158       0xd8 /usr/local/ps3dev/psl1ght/ppu/lib/librsx.a(commands.o)
 .text.rsxSetWriteTextureLabel
                0x000000000001e230       0xbc /usr/local/ps3dev/psl1ght/ppu/lib/librsx.a(commands.o)
 *fill*         0x000000000001e2ec        0x4 60000000
 .text.rsxSetWaitLabel
                0x000000000001e2f0       0xbc /usr/local/ps3dev/psl1ght/ppu/lib/librsx.a(commands.o)
 *fill*         0x000000000001e3ac        0x4 60000000
 .text.rsxSetWriteCommandLabel
                0x000000000001e3b0       0xbc /usr/local/ps3dev/psl1ght/ppu/lib/librsx.a(commands.o)
 *fill*         0x000000000001e46c        0x4 60000000
 .text.rsxSetSurface
                0x000000000001e470      0x254 /usr/local/ps3dev/psl1ght/ppu/lib/librsx.a(commands.o)
 *fill*         0x000000000001e6c4        0x4 60000000
 .text.rsxSetColorMask
                0x000000000001e6c8       0xa4 /usr/local/ps3dev/psl1ght/ppu/lib/librsx.a(commands.o)
 *fill*         0x000000000001e76c        0x4 60000000
 .text.rsxSetColorMaskMrt
                0x000000000001e770       0xa4 /usr/local/ps3dev/psl1ght/ppu/lib/librsx.a(commands.o)
 *fill*         0x000000000001e814        0x4 60000000
 .text.rsxSetShadeModel
                0x000000000001e818       0xa4 /usr/local/ps3dev/psl1ght/ppu/lib/librsx.a(commands.o)
 *fill*         0x000000000001e8bc        0x4 60000000
 .text.rsxSetViewport
                0x000000000001e8c0      0x1e8 /usr/local/ps3dev/psl1ght/ppu/lib/librsx.a(commands.o)
 .text.rsxSetViewportClip
                0x000000000001eaa8       0xcc /usr/local/ps3dev/psl1ght/ppu/lib/librsx.a(commands.o)
 *fill*         0x000000000001eb74        0x4 60000000
 .text.rsxSetUserClipPlaneControl
                0x000000000001eb78       0xf4 /usr/local/ps3dev/psl1ght/ppu/lib/librsx.a(commands.o)
 *fill*         0x000000000001ec6c        0x4 60000000
 .text.rsxSetDepthTestEnable
                0x000000000001ec70       0xa4 /usr/local/ps3dev/psl1ght/ppu/lib/librsx.a(commands.o)
 *fill*         0x000000000001ed14        0x4 60000000
 .text.rsxSetDepthFunc
                0x000000000001ed18       0xa4 /usr/local/ps3dev/psl1ght/ppu/lib/librsx.a(commands.o)
 *fill*         0x000000000001edbc        0x4 60000000
 .text.rsxSetDepthWriteEnable
                0x000000000001edc0       0xa4 /usr/local/ps3dev/psl1ght/ppu/lib/librsx.a(commands.o)
 *fill*         0x000000000001ee64        0x4 60000000
 .text.rsxSetDepthFormat
                0x000000000001ee68       0xac /usr/local/ps3dev/psl1ght/ppu/lib/librsx.a(commands.o)
 *fill*         0x000000000001ef14        0x4 60000000
 .text.rsxSetCullFaceEnable
                0x000000000001ef18       0xa4 /usr/local/ps3dev/psl1ght/ppu/lib/librsx.a(commands.o)
 *fill*         0x000000000001efbc        0x4 60000000
 .text.rsxSetCullFace
                0x000000000001efc0       0xa4 /usr/local/ps3dev/psl1ght/ppu/lib/librsx.a(commands.o)
 *fill*         0x000000000001f064        0x4 60000000
 .text.rsxSetFrontFace
                0x000000000001f068       0xa4 /usr/local/ps3dev/psl1ght/ppu/lib/librsx.a(commands.o)
 *fill*         0x000000000001f10c        0x4 60000000
 .text.rsxSetFrontPolygonMode
                0x000000000001f110       0xa4 /usr/local/ps3dev/psl1ght/ppu/lib/librsx.a(commands.o)
 *fill*         0x000000000001f1b4        0x4 60000000
 .text.rsxSetBackPolygonMode
                0x000000000001f1b8       0xa4 /usr/local/ps3dev/psl1ght/ppu/lib/librsx.a(commands.o)
 *fill*         0x000000000001f25c        0x4 60000000
 .text.rsxSetPolygonOffsetFillEnable
                0x000000000001f260       0xa4 /usr/local/ps3dev/psl1ght/ppu/lib/librsx.a(commands.o)
 *fill*         0x000000000001f304        0x4 60000000
 .text.rsxSetPolygonOffset
                0x000000000001f308       0xc0 /usr/local/ps3dev/psl1ght/ppu/lib/librsx.a(commands.o)
 .text.rsxClearSurface
                0x000000000001f3c8       0xb4 /usr/local/ps3dev/psl1ght/ppu/lib/librsx.a(commands.o)
 *fill*         0x000000000001f47c        0x4 60000000
 .text.rsxSetCylindricalWrap
                0x000000000001f480       0xa4 /usr/local/ps3dev/psl1ght/ppu/lib/librsx.a(commands.o)
 *fill*         0x000000000001f524        0x4 60000000
 .text.rsxSetTwoSideLightEnable
                0x000000000001f528       0xa4 /usr/local/ps3dev/psl1ght/ppu/lib/librsx.a(commands.o)
 *fill*         0x000000000001f5cc        0x4 60000000
 .text.rsxSetStencilFunc
                0x000000000001f5d0       0xbc /usr/local/ps3dev/psl1ght/ppu/lib/librsx.a(commands.o)
 *fill*         0x000000000001f68c        0x4 60000000
 .text.rsxSetStencilMask
                0x000000000001f690       0xa4 /usr/local/ps3dev/psl1ght/ppu/lib/librsx.a(commands.o)
 *fill*         0x000000000001f734        0x4 60000000
 .text.rsxSetStencilOp
                0x000000000001f738       0xbc /usr/local/ps3dev/psl1ght/ppu/lib/librsx.a(commands.o)
 *fill*         0x000000000001f7f4        0x4 60000000
 .text.rsxSetStencilTestEnable
                0x000000000001f7f8       0xa4 /usr/local/ps3dev/psl1ght/ppu/lib/librsx.a(commands.o)
 *fill*         0x000000000001f89c        0x4 60000000
 .text.rsxSetBackStencilFunc
                0x000000000001f8a0       0xbc /usr/local/ps3dev/psl1ght/ppu/lib/librsx.a(commands.o)
 *fill*         0x000000000001f95c        0x4 60000000
 .text.rsxSetBackStencilMask
                0x000000000001f960       0xa4 /usr/local/ps3dev/psl1ght/ppu/lib/librsx.a(commands.o)
 *fill*         0x000000000001fa04        0x4 60000000
 .text.rsxSetBackStencilOp
                0x000000000001fa08       0xbc /usr/local/ps3dev/psl1ght/ppu/lib/librsx.a(commands.o)
 *fill*         0x000000000001fac4        0x4 60000000
 .text.rsxSetTwoSidedStencilTestEnable
                0x000000000001fac8       0xa4 /usr/local/ps3dev/psl1ght/ppu/lib/librsx.a(commands.o)
 *fill*         0x000000000001fb6c        0x4 60000000
 .text.rsxSetRenderEnable
                0x000000000001fb70      0x124 /usr/local/ps3dev/psl1ght/ppu/lib/librsx.a(commands.o)
 *fill*         0x000000000001fc94        0x4 60000000
 .text.rsxSetReport
                0x000000000001fc98       0xc0 /usr/local/ps3dev/psl1ght/ppu/lib/librsx.a(commands.o)
 .text.rsxSetClearReport
                0x000000000001fd58       0xa4 /usr/local/ps3dev/psl1ght/ppu/lib/librsx.a(commands.o)
 *fill*         0x000000000001fdfc        0x4 60000000
 .text.rsxSetZPixelCountEnable
                0x000000000001fe00       0xa4 /usr/local/ps3dev/psl1ght/ppu/lib/librsx.a(commands.o)
 *fill*         0x000000000001fea4        0x4 60000000
 .text.rsxSetSCullControl
                0x000000000001fea8       0xc4 /usr/local/ps3dev/psl1ght/ppu/lib/librsx.a(commands.o)
 *fill*         0x000000000001ff6c        0x4 60000000
 .text.rsxSetZCullLimit
                0x000000000001ff70       0xb4 /usr/local/ps3dev/psl1ght/ppu/lib/librsx.a(commands.o)
 *fill*         0x0000000000020024        0x4 60000000
 .text.rsxSetZCullStatsEnable
                0x0000000000020028       0xa4 /usr/local/ps3dev/psl1ght/ppu/lib/librsx.a(commands.o)
 *fill*         0x00000000000200cc        0x4 60000000
 .text.rsxSetZCullControl
                0x00000000000200d0       0xb4 /usr/local/ps3dev/psl1ght/ppu/lib/librsx.a(commands.o)
 *fill*         0x0000000000020184        0x4 60000000
 .text.rsxSetClearZCullSurface
                0x0000000000020188       0xb4 /usr/local/ps3dev/psl1ght/ppu/lib/librsx.a(commands.o)
 *fill*         0x000000000002023c        0x4 60000000
 .text.rsxSetZCullEnable
                0x0000000000020240       0xb4 /usr/local/ps3dev/psl1ght/ppu/lib/librsx.a(commands.o)
 *fill*         0x00000000000202f4        0x4 60000000
 .text.rsxSetZCullInvalidate
                0x00000000000202f8       0x98 /usr/local/ps3dev/psl1ght/ppu/lib/librsx.a(commands.o)
 .text.rsxSetPolygonSmoothEnable
                0x0000000000020390       0xa4 /usr/local/ps3dev/psl1ght/ppu/lib/librsx.a(commands.o)
 *fill*         0x0000000000020434        0x4 60000000
 .text.rsxSetDitherEnable
                0x0000000000020438       0xa4 /usr/local/ps3dev/psl1ght/ppu/lib/librsx.a(commands.o)
 *fill*         0x00000000000204dc        0x4 60000000
 .text.rsxLoadVertexProgramBlock
                0x00000000000204e0      0x384 /usr/local/ps3dev/psl1ght/ppu/lib/librsx.a(commands.o)
 *fill*         0x0000000000020864        0x4 60000000
 .text.rsxLoadFragmentProgramLocation
                0x0000000000020868      0x228 /usr/local/ps3dev/psl1ght/ppu/lib/librsx.a(commands.o)
 .text.rsxUpdateFragmentProgramLocation
                0x0000000000020a90       0xbc /usr/local/ps3dev/psl1ght/ppu/lib/librsx.a(commands.o)
 *fill*         0x0000000000020b4c        0x4 60000000
 .text.rsxSetFragmentProgramControl
                0x0000000000020b50       0xd4 /usr/local/ps3dev/psl1ght/ppu/lib/librsx.a(commands.o)
 *fill*         0x0000000000020c24        0x4 60000000
 .text.rsxLoadVertexProgramParameterBlock
                0x0000000000020c28      0x320 /usr/local/ps3dev/psl1ght/ppu/lib/librsx.a(commands.o)
 .text.rsxLoadVertexProgram
                0x0000000000020f48       0xec /usr/local/ps3dev/psl1ght/ppu/lib/librsx.a(commands.o)
 *fill*         0x0000000000021034        0x4 60000000
 .text.rsxSetVertexProgramParameter
                0x0000000000021038      0x218 /usr/local/ps3dev/psl1ght/ppu/lib/librsx.a(commands.o)
 .text.rsxSetVertexProgramConstants
                0x0000000000021250      0x29c /usr/local/ps3dev/psl1ght/ppu/lib/librsx.a(commands.o)
 *fill*         0x00000000000214ec        0x4 60000000
 .text.rsxSetVertexAttribOutputMask
                0x00000000000214f0       0xa4 /usr/local/ps3dev/psl1ght/ppu/lib/librsx.a(commands.o)
 *fill*         0x0000000000021594        0x4 60000000
 .text.rsxSetFragmentProgramGammaEnable
                0x0000000000021598       0xa4 /usr/local/ps3dev/psl1ght/ppu/lib/librsx.a(commands.o)
 *fill*         0x000000000002163c        0x4 60000000
 .text.rsxDrawVertexBegin
                0x0000000000021640       0xa4 /usr/local/ps3dev/psl1ght/ppu/lib/librsx.a(commands.o)
 *fill*         0x00000000000216e4        0x4 60000000
 .text.rsxDrawVertexEnd
                0x00000000000216e8       0x98 /usr/local/ps3dev/psl1ght/ppu/lib/librsx.a(commands.o)
 .text.rsxDrawVertex1f
                0x0000000000021780       0xc0 /usr/local/ps3dev/psl1ght/ppu/lib/librsx.a(commands.o)
 .text.rsxDrawVertex2f
                0x0000000000021840       0xbc /usr/local/ps3dev/psl1ght/ppu/lib/librsx.a(commands.o)
 *fill*         0x00000000000218fc        0x4 60000000
 .text.rsxDrawVertex3f
                0x0000000000021900       0xbc /usr/local/ps3dev/psl1ght/ppu/lib/librsx.a(commands.o)
 *fill*         0x00000000000219bc        0x4 60000000
 .text.rsxDrawVertex4f
                0x00000000000219c0       0xbc /usr/local/ps3dev/psl1ght/ppu/lib/librsx.a(commands.o)
 *fill*         0x0000000000021a7c        0x4 60000000
 .text.rsxDrawVertex4s
                0x0000000000021a80       0xdc /usr/local/ps3dev/psl1ght/ppu/lib/librsx.a(commands.o)
 *fill*         0x0000000000021b5c        0x4 60000000
 .text.rsxDrawVertexScaled4s
                0x0000000000021b60       0xdc /usr/local/ps3dev/psl1ght/ppu/lib/librsx.a(commands.o)
 *fill*         0x0000000000021c3c        0x4 60000000
 .text.rsxDrawVertex2s
                0x0000000000021c40       0xc4 /usr/local/ps3dev/psl1ght/ppu/lib/librsx.a(commands.o)
 *fill*         0x0000000000021d04        0x4 60000000
 .text.rsxDrawVertex4ub
                0x0000000000021d08       0xb4 /usr/local/ps3dev/psl1ght/ppu/lib/librsx.a(commands.o)
 *fill*         0x0000000000021dbc        0x4 60000000
 .text.rsxSetFrequencyDividerOperation
                0x0000000000021dc0       0xa4 /usr/local/ps3dev/psl1ght/ppu/lib/librsx.a(commands.o)
 *fill*         0x0000000000021e64        0x4 60000000
 .text.rsxInvalidateVertexCache
                0x0000000000021e68       0xb0 /usr/local/ps3dev/psl1ght/ppu/lib/librsx.a(commands.o)
 .text.rsxInvalidateTextureCache
                0x0000000000021f18       0xa4 /usr/local/ps3dev/psl1ght/ppu/lib/librsx.a(commands.o)
 *fill*         0x0000000000021fbc        0x4 60000000
 .text.rsxLoadTexture
                0x0000000000021fc0      0x144 /usr/local/ps3dev/psl1ght/ppu/lib/librsx.a(commands.o)
 *fill*         0x0000000000022104        0x4 60000000
 .text.rsxLoadVertexTexture
                0x0000000000022108      0x134 /usr/local/ps3dev/psl1ght/ppu/lib/librsx.a(commands.o)
 *fill*         0x000000000002223c        0x4 60000000
 .text.rsxTextureControl
                0x0000000000022240       0xe4 /usr/local/ps3dev/psl1ght/ppu/lib/librsx.a(commands.o)
 *fill*         0x0000000000022324        0x4 60000000
 .text.rsxVertexTextureControl
                0x0000000000022328       0xd4 /usr/local/ps3dev/psl1ght/ppu/lib/librsx.a(commands.o)
 *fill*         0x00000000000223fc        0x4 60000000
 .text.rsxTextureFilter
                0x0000000000022400       0xdc /usr/local/ps3dev/psl1ght/ppu/lib/librsx.a(commands.o)
 *fill*         0x00000000000224dc        0x4 60000000
 .text.rsxVertexTextureFilter
                0x00000000000224e0       0xb4 /usr/local/ps3dev/psl1ght/ppu/lib/librsx.a(commands.o)
 *fill*         0x0000000000022594        0x4 60000000
 .text.rsxTextureWrapMode
                0x0000000000022598      0x104 /usr/local/ps3dev/psl1ght/ppu/lib/librsx.a(commands.o)
 *fill*         0x000000000002269c        0x4 60000000
 .text.rsxVertexTextureWrapMode
                0x00000000000226a0       0xc4 /usr/local/ps3dev/psl1ght/ppu/lib/librsx.a(commands.o)
 *fill*         0x0000000000022764        0x4 60000000
 .text.rsxTextureBorderColor
                0x0000000000022768       0xb4 /usr/local/ps3dev/psl1ght/ppu/lib/librsx.a(commands.o)
 *fill*         0x000000000002281c        0x4 60000000
 .text.rsxVertexTextureBorderColor
                0x0000000000022820       0xb4 /usr/local/ps3dev/psl1ght/ppu/lib/librsx.a(commands.o)
 *fill*         0x00000000000228d4        0x4 60000000
 .text.rsxTextureOptimization
                0x00000000000228d8       0xd4 /usr/local/ps3dev/psl1ght/ppu/lib/librsx.a(commands.o)
 *fill*         0x00000000000229ac        0x4 60000000
 .text.rsxTextureAnisoSpread
                0x00000000000229b0       0xe0 /usr/local/ps3dev/psl1ght/ppu/lib/librsx.a(commands.o)
 .text.rsxSetZControl
                0x0000000000022a90       0xc4 /usr/local/ps3dev/psl1ght/ppu/lib/librsx.a(commands.o)
 *fill*         0x0000000000022b54        0x4 60000000
 .text.rsxBindVertexArrayAttrib
                0x0000000000022b58      0x10c /usr/local/ps3dev/psl1ght/ppu/lib/librsx.a(commands.o)
 *fill*         0x0000000000022c64        0x4 60000000
 .text.rsxDrawVertexArray
                0x0000000000022c68      0x2ec /usr/local/ps3dev/psl1ght/ppu/lib/librsx.a(commands.o)
 *fill*         0x0000000000022f54        0x4 60000000
 .text.rsxDrawInlineVertexArray
                0x0000000000022f58      0x294 /usr/local/ps3dev/psl1ght/ppu/lib/librsx.a(commands.o)
 *fill*         0x00000000000231ec        0x4 60000000
 .text.rsxDrawIndexArray
                0x00000000000231f0      0x398 /usr/local/ps3dev/psl1ght/ppu/lib/librsx.a(commands.o)
 .text.rsxDrawInlineIndexArray16
                0x0000000000023588      0x334 /usr/local/ps3dev/psl1ght/ppu/lib/librsx.a(commands.o)
 *fill*         0x00000000000238bc        0x4 60000000
 .text.rsxDrawInlineIndexArray32
                0x00000000000238c0      0x29c /usr/local/ps3dev/psl1ght/ppu/lib/librsx.a(commands.o)
 *fill*         0x0000000000023b5c        0x4 60000000
 .text.rsxSetScissor
                0x0000000000023b60       0xd4 /usr/local/ps3dev/psl1ght/ppu/lib/librsx.a(commands.o)
 *fill*         0x0000000000023c34        0x4 60000000
 .text.rsxSetAntialiasingControl
                0x0000000000023c38       0xd4 /usr/local/ps3dev/psl1ght/ppu/lib/librsx.a(commands.o)
 *fill*         0x0000000000023d0c        0x4 60000000
 .text.rsxInlineTransfer
                0x0000000000023d10      0x23c /usr/local/ps3dev/psl1ght/ppu/lib/librsx.a(commands.o)
 *fill*         0x0000000000023f4c        0x4 60000000
 .text.rsxSetFragmentProgramParameter
                0x0000000000023f50      0x5d8 /usr/local/ps3dev/psl1ght/ppu/lib/librsx.a(commands.o)
 .text.rsxSetAlphaFunc
                0x0000000000024528       0xb4 /usr/local/ps3dev/psl1ght/ppu/lib/librsx.a(commands.o)
 *fill*         0x00000000000245dc        0x4 60000000
 .text.rsxSetAlphaTestEnable
                0x00000000000245e0       0xa4 /usr/local/ps3dev/psl1ght/ppu/lib/librsx.a(commands.o)
 *fill*         0x0000000000024684        0x4 60000000
 .text.rsxSetBlendFunc
                0x0000000000024688       0xd4 /usr/local/ps3dev/psl1ght/ppu/lib/librsx.a(commands.o)
 *fill*         0x000000000002475c        0x4 60000000
 .text.rsxSetBlendEquation
                0x0000000000024760       0xb4 /usr/local/ps3dev/psl1ght/ppu/lib/librsx.a(commands.o)
 *fill*         0x0000000000024814        0x4 60000000
 .text.rsxSetBlendColor
                0x0000000000024818       0xbc /usr/local/ps3dev/psl1ght/ppu/lib/librsx.a(commands.o)
 *fill*         0x00000000000248d4        0x4 60000000
 .text.rsxSetBlendEnable
                0x00000000000248d8       0xa4 /usr/local/ps3dev/psl1ght/ppu/lib/librsx.a(commands.o)
 *fill*         0x000000000002497c        0x4 60000000
 .text.rsxSetBlendOptimization
                0x0000000000024980       0xa4 /usr/local/ps3dev/psl1ght/ppu/lib/librsx.a(commands.o)
 *fill*         0x0000000000024a24        0x4 60000000
 .text.rsxSetBlendEnableMrt
                0x0000000000024a28       0xcc /usr/local/ps3dev/psl1ght/ppu/lib/librsx.a(commands.o)
 *fill*         0x0000000000024af4        0x4 60000000
 .text.rsxSetLogicOp
                0x0000000000024af8       0xa4 /usr/local/ps3dev/psl1ght/ppu/lib/librsx.a(commands.o)
 *fill*         0x0000000000024b9c        0x4 60000000
 .text.rsxSetLogicOpEnable
                0x0000000000024ba0       0xa4 /usr/local/ps3dev/psl1ght/ppu/lib/librsx.a(commands.o)
 *fill*         0x0000000000024c44        0x4 60000000
 .text.rsxSetFogMode
                0x0000000000024c48       0xa4 /usr/local/ps3dev/psl1ght/ppu/lib/librsx.a(commands.o)
 *fill*         0x0000000000024cec        0x4 60000000
 .text.rsxSetFogParams
                0x0000000000024cf0       0xc0 /usr/local/ps3dev/psl1ght/ppu/lib/librsx.a(commands.o)
 .text.rsxSetTransformBranchBits
                0x0000000000024db0       0xa4 /usr/local/ps3dev/psl1ght/ppu/lib/librsx.a(commands.o)
 *fill*         0x0000000000024e54        0x4 60000000
 .text.rsxSetPointSpriteControl
                0x0000000000024e58       0xd4 /usr/local/ps3dev/psl1ght/ppu/lib/librsx.a(commands.o)
 *fill*         0x0000000000024f2c        0x4 60000000
 .text.rsxSetPointSize
                0x0000000000024f30       0xac /usr/local/ps3dev/psl1ght/ppu/lib/librsx.a(commands.o)
 *fill*         0x0000000000024fdc        0x4 60000000
 .text.rsxSetTransferData
                0x0000000000024fe0      0x244 /usr/local/ps3dev/psl1ght/ppu/lib/librsx.a(commands.o)
 *fill*         0x0000000000025224        0x4 60000000
 .text.rsxSetConvertSwizzleFormatUnsafe
                0x0000000000025228      0x7a8 /usr/local/ps3dev/psl1ght/ppu/lib/librsx.a(commands.o)
 .text.rsxSetTransferDataMode
                0x00000000000259d0       0xec /usr/local/ps3dev/psl1ght/ppu/lib/librsx.a(commands.o)
 *fill*         0x0000000000025abc        0x4 60000000
 .text.rsxSetTransferDataOffset
                0x0000000000025ac0      0x12c /usr/local/ps3dev/psl1ght/ppu/lib/librsx.a(commands.o)
 *fill*         0x0000000000025bec        0x4 60000000
 .text.rsxSetTransferDataFormat
                0x0000000000025bf0       0xe4 /usr/local/ps3dev/psl1ght/ppu/lib/librsx.a(commands.o)
 *fill*         0x0000000000025cd4        0x4 60000000
 .text.rsxSetTransferImage
                0x0000000000025cd8      0x43c /usr/local/ps3dev/psl1ght/ppu/lib/librsx.a(commands.o)
 *fill*         0x0000000000026114        0x4 60000000
 .text.rsxSetTransferScaleMode
                0x0000000000026118      0x178 /usr/local/ps3dev/psl1ght/ppu/lib/librsx.a(commands.o)
 .text.rsxSetTransferScaleSurface
                0x0000000000026290      0x1bc /usr/local/ps3dev/psl1ght/ppu/lib/librsx.a(commands.o)
 *fill*         0x000000000002644c        0x4 60000000
 .text.rsxSetTransferScaleSwizzle
                0x0000000000026450      0x1bc /usr/local/ps3dev/psl1ght/ppu/lib/librsx.a(commands.o)
 *fill*         0x000000000002660c        0x4 60000000
 .text.rsxSetConvertSwizzleFormat
                0x0000000000026610      0x750 /usr/local/ps3dev/psl1ght/ppu/lib/librsx.a(commands.o)
 .text.rsxSetTimeStamp
                0x0000000000026d60       0xac /usr/local/ps3dev/psl1ght/ppu/lib/librsx.a(commands.o)
 *fill*         0x0000000000026e0c        0x4 60000000
 .text.rsxSetWaitForIdle
                0x0000000000026e10       0x98 /usr/local/ps3dev/psl1ght/ppu/lib/librsx.a(commands.o)
 .text          0x0000000000026ea8        0x0 /usr/local/ps3dev/psl1ght/ppu/lib/librsx.a(mm.o)
 .text.rsxHeapInit
                0x0000000000026ea8       0x80 /usr/local/ps3dev/psl1ght/ppu/lib/librsx.a(mm.o)
 .text.rsxMemalign
                0x0000000000026f28       0x58 /usr/local/ps3dev/psl1ght/ppu/lib/librsx.a(mm.o)
 .text.rsxMalloc
                0x0000000000026f80       0x58 /usr/local/ps3dev/psl1ght/ppu/lib/librsx.a(mm.o)
 .text.rsxFree  0x0000000000026fd8       0x48 /usr/local/ps3dev/psl1ght/ppu/lib/librsx.a(mm.o)
 .text          0x0000000000027020        0x0 /usr/local/ps3dev/psl1ght/ppu/lib/librsx.a(vertex_program.o)
 .text.rsxVertexProgramGetUCode
                0x0000000000027020       0x28 /usr/local/ps3dev/psl1ght/ppu/lib/librsx.a(vertex_program.o)
 .text.rsxVertexProgramGetNumConst
                0x0000000000027048       0x14 /usr/local/ps3dev/psl1ght/ppu/lib/librsx.a(vertex_program.o)
 *fill*         0x000000000002705c        0x4 60000000
 .text.rsxVertexProgramGetNumAttrib
                0x0000000000027060       0x14 /usr/local/ps3dev/psl1ght/ppu/lib/librsx.a(vertex_program.o)
 *fill*         0x0000000000027074        0x4 60000000
 .text.rsxVertexProgramGetConsts
                0x0000000000027078       0x30 /usr/local/ps3dev/psl1ght/ppu/lib/librsx.a(vertex_program.o)
 .text.rsxVertexProgramGetConst
                0x00000000000270a8       0x74 /usr/local/ps3dev/psl1ght/ppu/lib/librsx.a(vertex_program.o)
 *fill*         0x000000000002711c        0x4 60000000
 .text.rsxVertexProgramGetAttribs
                0x0000000000027120       0x30 /usr/local/ps3dev/psl1ght/ppu/lib/librsx.a(vertex_program.o)
 .text.rsxVertexProgramGetAttrib
                0x0000000000027150       0x30 /usr/local/ps3dev/psl1ght/ppu/lib/librsx.a(vertex_program.o)
 .text          0x0000000000027180        0x0 /usr/local/ps3dev/psl1ght/ppu/lib/librsx.a(fragment_program.o)
 .text.rsxFragmentProgramGetUCode
                0x0000000000027180       0x28 /usr/local/ps3dev/psl1ght/ppu/lib/librsx.a(fragment_program.o)
 .text.rsxFragmentProgramGetNumConst
                0x00000000000271a8       0x14 /usr/local/ps3dev/psl1ght/ppu/lib/librsx.a(fragment_program.o)
 *fill*         0x00000000000271bc        0x4 60000000
 .text.rsxFragmentProgramGetConsts
                0x00000000000271c0       0x30 /usr/local/ps3dev/psl1ght/ppu/lib/librsx.a(fragment_program.o)
 .text.rsxFragmentProgramGetConst
                0x00000000000271f0       0x74 /usr/local/ps3dev/psl1ght/ppu/lib/librsx.a(fragment_program.o)
 *fill*         0x0000000000027264        0x4 60000000
 .text.rsxFragmentProgramGetNumAttrib
                0x0000000000027268       0x14 /usr/local/ps3dev/psl1ght/ppu/lib/librsx.a(fragment_program.o)
 *fill*         0x000000000002727c        0x4 60000000
 .text.rsxFragmentProgramGetAttribs
                0x0000000000027280       0x30 /usr/local/ps3dev/psl1ght/ppu/lib/librsx.a(fragment_program.o)
 .text.rsxFragmentProgramGetAttrib
                0x00000000000272b0       0x30 /usr/local/ps3dev/psl1ght/ppu/lib/librsx.a(fragment_program.o)
 .text.rsxFragmentProgramGetConstOffsetTable
                0x00000000000272e0       0x14 /usr/local/ps3dev/psl1ght/ppu/lib/librsx.a(fragment_program.o)
 .text          0x00000000000272f4        0x0 /usr/local/ps3dev/psl1ght/ppu/lib/librsx.a(rsx_internal.o)
 *fill*         0x00000000000272f4        0x4 60000000
 .text.__rsxGetAttrs
                0x00000000000272f8       0x18 /usr/local/ps3dev/psl1ght/ppu/lib/librsx.a(rsx_internal.o)
 .text.__rsxGetAttr
                0x0000000000027310       0xcc /usr/local/ps3dev/psl1ght/ppu/lib/librsx.a(rsx_internal.o)
 *fill*         0x00000000000273dc        0x4 60000000
 .text.__rsxGetConsts
                0x00000000000273e0       0x18 /usr/local/ps3dev/psl1ght/ppu/lib/librsx.a(rsx_internal.o)
 .text.__rsxGetConstIndex
                0x00000000000273f8       0xbc /usr/local/ps3dev/psl1ght/ppu/lib/librsx.a(rsx_internal.o)
 .text          0x00000000000274b4        0x0 /usr/local/ps3dev/psl1ght/ppu/lib/libgcm_sys.a(sprx.o)
 .text          0x00000000000274b4        0x0 /usr/local/ps3dev/psl1ght/ppu/lib/libgcm_sys.a(gcm_wrapper.o)
 *fill*         0x00000000000274b4        0x4 60000000
 .text.gcmInitBody
                0x00000000000274b8       0x64 /usr/local/ps3dev/psl1ght/ppu/lib/libgcm_sys.a(gcm_wrapper.o)
 *fill*         0x000000000002751c        0x4 60000000
 .text.gcmIoOffsetToAddress
                0x0000000000027520       0x64 /usr/local/ps3dev/psl1ght/ppu/lib/libgcm_sys.a(gcm_wrapper.o)
 *fill*         0x0000000000027584        0x4 60000000
 .text.gcmSetVBlankHandler
                0x0000000000027588       0x58 /usr/local/ps3dev/psl1ght/ppu/lib/libgcm_sys.a(gcm_wrapper.o)
 .text.gcmSetFlipHandler
                0x00000000000275e0       0x58 /usr/local/ps3dev/psl1ght/ppu/lib/libgcm_sys.a(gcm_wrapper.o)
 .text.gcmSetGraphicsHandler
                0x0000000000027638       0x58 /usr/local/ps3dev/psl1ght/ppu/lib/libgcm_sys.a(gcm_wrapper.o)
 .text.gcmSetSecondVHandler
                0x0000000000027690       0x58 /usr/local/ps3dev/psl1ght/ppu/lib/libgcm_sys.a(gcm_wrapper.o)
 .text.gcmSetUserHandler
                0x00000000000276e8       0x58 /usr/local/ps3dev/psl1ght/ppu/lib/libgcm_sys.a(gcm_wrapper.o)
 .text.gcmSetQueueHandler
                0x0000000000027740       0x58 /usr/local/ps3dev/psl1ght/ppu/lib/libgcm_sys.a(gcm_wrapper.o)
 .text.gcmSetUserCommand
                0x0000000000027798       0x58 /usr/local/ps3dev/psl1ght/ppu/lib/libgcm_sys.a(gcm_wrapper.o)
 .text          0x00000000000277f0        0x0 /usr/local/ps3dev/psl1ght/ppu/lib/libio.a(sprx.o)
 .text          0x00000000000277f0        0x0 /usr/local/ps3dev/psl1ght/ppu/lib/libsysutil.a(sprx.o)
 .text          0x00000000000277f0        0x0 /usr/local/ps3dev/psl1ght/ppu/lib/libsysutil.a(sysutil_wrapper.o)
 .text.sysUtilRegisterCallback
                0x00000000000277f0       0x58 /usr/local/ps3dev/psl1ght/ppu/lib/libsysutil.a(sysutil_wrapper.o)
 .text.msgDialogOpen
                0x0000000000027848       0x58 /usr/local/ps3dev/psl1ght/ppu/lib/libsysutil.a(sysutil_wrapper.o)
 .text.msgDialogOpen2
                0x00000000000278a0       0x58 /usr/local/ps3dev/psl1ght/ppu/lib/libsysutil.a(sysutil_wrapper.o)
 .text.msgDialogOpenErrorCode
                0x00000000000278f8       0x58 /usr/local/ps3dev/psl1ght/ppu/lib/libsysutil.a(sysutil_wrapper.o)
 .text.sysSaveListLoad2
                0x0000000000027950       0x74 /usr/local/ps3dev/psl1ght/ppu/lib/libsysutil.a(sysutil_wrapper.o)
 *fill*         0x00000000000279c4        0x4 60000000
 .text.sysSaveListSave2
                0x00000000000279c8       0x74 /usr/local/ps3dev/psl1ght/ppu/lib/libsysutil.a(sysutil_wrapper.o)
 *fill*         0x0000000000027a3c        0x4 60000000
 .text.sysSaveListAutoLoad
                0x0000000000027a40       0x7c /usr/local/ps3dev/psl1ght/ppu/lib/libsysutil.a(sysutil_wrapper.o)
 *fill*         0x0000000000027abc        0x4 60000000
 .text.sysSaveListAutoSave
                0x0000000000027ac0       0x7c /usr/local/ps3dev/psl1ght/ppu/lib/libsysutil.a(sysutil_wrapper.o)
 *fill*         0x0000000000027b3c        0x4 60000000
 .text.sysSaveFixedLoad2
                0x0000000000027b40       0x74 /usr/local/ps3dev/psl1ght/ppu/lib/libsysutil.a(sysutil_wrapper.o)
 *fill*         0x0000000000027bb4        0x4 60000000
 .text.sysSaveFixedSave2
                0x0000000000027bb8       0x74 /usr/local/ps3dev/psl1ght/ppu/lib/libsysutil.a(sysutil_wrapper.o)
 *fill*         0x0000000000027c2c        0x4 60000000
 .text.sysSaveAutoLoad2
                0x0000000000027c30       0x5c /usr/local/ps3dev/psl1ght/ppu/lib/libsysutil.a(sysutil_wrapper.o)
 *fill*         0x0000000000027c8c        0x4 60000000
 .text.sysSaveAutoSave2
                0x0000000000027c90       0x5c /usr/local/ps3dev/psl1ght/ppu/lib/libsysutil.a(sysutil_wrapper.o)
 *fill*         0x0000000000027cec        0x4 60000000
 .text.sysGameThemeInstallFromBuffer
                0x0000000000027cf0       0x58 /usr/local/ps3dev/psl1ght/ppu/lib/libsysutil.a(sysutil_wrapper.o)
 .text.sysDiscRegisterDiscChangeCallback
                0x0000000000027d48       0x5c /usr/local/ps3dev/psl1ght/ppu/lib/libsysutil.a(sysutil_wrapper.o)
 *fill*         0x0000000000027da4        0x4 60000000
 .text.sysGameDiscRegisterDiscChangeCallback
                0x0000000000027da8       0x10 /usr/local/ps3dev/psl1ght/ppu/lib/libsysutil.a(sysutil_wrapper.o)
 .text.videoRegisterCallback
                0x0000000000027db8       0x58 /usr/local/ps3dev/psl1ght/ppu/lib/libsysutil.a(sysutil_wrapper.o)
 .text          0x0000000000027e10        0x0 /usr/local/ps3dev/psl1ght/ppu/lib/librt.a(sbrk.o)
 .text.startup.sbrk_init
                0x0000000000027e10       0xb8 /usr/local/ps3dev/psl1ght/ppu/lib/librt.a(sbrk.o)
 .text.sbrk_deinit
                0x0000000000027ec8       0xc8 /usr/local/ps3dev/psl1ght/ppu/lib/librt.a(sbrk.o)
 .text.__librt_sbrk_r
                0x0000000000027f90      0x2f4 /usr/local/ps3dev/psl1ght/ppu/lib/librt.a(sbrk.o)
 .text          0x0000000000028284        0x0 /usr/local/ps3dev/psl1ght/ppu/lib/librt.a(exit.o)
 *fill*         0x0000000000028284        0x4 60000000
 .text.__librt_exit
                0x0000000000028288       0x30 /usr/local/ps3dev/psl1ght/ppu/lib/librt.a(exit.o)
 .text          0x00000000000282b8        0x0 /usr/local/ps3dev/psl1ght/ppu/lib/librt.a(close.o)
 .text.__librt_close_r
                0x00000000000282b8       0x88 /usr/local/ps3dev/psl1ght/ppu/lib/librt.a(close.o)
 .text          0x0000000000028340        0x0 /usr/local/ps3dev/psl1ght/ppu/lib/librt.a(lseek.o)
 .text.__librt_lseek_r
                0x0000000000028340       0x8c /usr/local/ps3dev/psl1ght/ppu/lib/librt.a(lseek.o)
 *fill*         0x00000000000283cc        0x4 60000000
 .text.__librt_lseek64_r
                0x00000000000283d0       0x10 /usr/local/ps3dev/psl1ght/ppu/lib/librt.a(lseek.o)
 .text          0x00000000000283e0        0x0 /usr/local/ps3dev/psl1ght/ppu/lib/librt.a(read.o)
 .text.__librt_read_r
                0x00000000000283e0      0x10c /usr/local/ps3dev/psl1ght/ppu/lib/librt.a(read.o)
 .text          0x00000000000284ec        0x0 /usr/local/ps3dev/psl1ght/ppu/lib/librt.a(open.o)
 *fill*         0x00000000000284ec        0x4 60000000
 .text.__librt_open_r
                0x00000000000284f0      0x180 /usr/local/ps3dev/psl1ght/ppu/lib/librt.a(open.o)
 .text          0x0000000000028670        0x0 /usr/local/ps3dev/psl1ght/ppu/lib/librt.a(sleep.o)
 .text.__librt_usleep_r
                0x0000000000028670       0x50 /usr/local/ps3dev/psl1ght/ppu/lib/librt.a(sleep.o)
 .text.__librt_sleep_r
                0x00000000000286c0       0x6c /usr/local/ps3dev/psl1ght/ppu/lib/librt.a(sleep.o)
 .text          0x000000000002872c        0x0 /usr/local/ps3dev/psl1ght/ppu/lib/librt.a(write.o)
 *fill*         0x000000000002872c        0x4 60000000
 .text.__librt_write_r
                0x0000000000028730      0x104 /usr/local/ps3dev/psl1ght/ppu/lib/librt.a(write.o)
 .text          0x0000000000028834        0x0 /usr/local/ps3dev/psl1ght/ppu/lib/librt.a(fstat.o)
 *fill*         0x0000000000028834        0x4 60000000
 .text.__librt_fstat_r
                0x0000000000028838       0xd0 /usr/local/ps3dev/psl1ght/ppu/lib/librt.a(fstat.o)
 .text.__librt_fstat64_r
                0x0000000000028908       0x10 /usr/local/ps3dev/psl1ght/ppu/lib/librt.a(fstat.o)
 .text.__librt_stat_r
                0x0000000000028918       0xd0 /usr/local/ps3dev/psl1ght/ppu/lib/librt.a(fstat.o)
 .text.__librt_stat64_r
                0x00000000000289e8       0x10 /usr/local/ps3dev/psl1ght/ppu/lib/librt.a(fstat.o)
 .text          0x00000000000289f8        0x0 /usr/local/ps3dev/psl1ght/ppu/lib/librt.a(socket.o)
 .text.accept   0x00000000000289f8       0xe0 /usr/local/ps3dev/psl1ght/ppu/lib/librt.a(socket.o)
 .text.bind     0x0000000000028ad8       0x44 /usr/local/ps3dev/psl1ght/ppu/lib/librt.a(socket.o)
 *fill*         0x0000000000028b1c        0x4 60000000
 .text.connect  0x0000000000028b20       0x44 /usr/local/ps3dev/psl1ght/ppu/lib/librt.a(socket.o)
 *fill*         0x0000000000028b64        0x4 60000000
 .text.listen   0x0000000000028b68       0x44 /usr/local/ps3dev/psl1ght/ppu/lib/librt.a(socket.o)
 *fill*         0x0000000000028bac        0x4 60000000
 .text.socket   0x0000000000028bb0       0x5c /usr/local/ps3dev/psl1ght/ppu/lib/librt.a(socket.o)
 *fill*         0x0000000000028c0c        0x4 60000000
 .text.send     0x0000000000028c10       0x4c /usr/local/ps3dev/psl1ght/ppu/lib/librt.a(socket.o)
 *fill*         0x0000000000028c5c        0x4 60000000
 .text.sendto   0x0000000000028c60       0x44 /usr/local/ps3dev/psl1ght/ppu/lib/librt.a(socket.o)
 *fill*         0x0000000000028ca4        0x4 60000000
 .text.recv     0x0000000000028ca8       0x4c /usr/local/ps3dev/psl1ght/ppu/lib/librt.a(socket.o)
 *fill*         0x0000000000028cf4        0x4 60000000
 .text.recvfrom
                0x0000000000028cf8       0xd8 /usr/local/ps3dev/psl1ght/ppu/lib/librt.a(socket.o)
 .text.shutdown
                0x0000000000028dd0       0x44 /usr/local/ps3dev/psl1ght/ppu/lib/librt.a(socket.o)
 *fill*         0x0000000000028e14        0x4 60000000
 .text.inet_aton
                0x0000000000028e18       0xbc /usr/local/ps3dev/psl1ght/ppu/lib/librt.a(socket.o)
 *fill*         0x0000000000028ed4        0x4 60000000
 .text.inet_pton
                0x0000000000028ed8       0x48 /usr/local/ps3dev/psl1ght/ppu/lib/librt.a(socket.o)
 .text.select   0x0000000000028f20       0x3c /usr/local/ps3dev/psl1ght/ppu/lib/librt.a(socket.o)
 *fill*         0x0000000000028f5c        0x4 60000000
 .text.closesocket
                0x0000000000028f60       0x44 /usr/local/ps3dev/psl1ght/ppu/lib/librt.a(socket.o)
 .text          0x0000000000028fa4        0x0 /usr/local/ps3dev/psl1ght/ppu/lib/librt.a(lock.o)
 *fill*         0x0000000000028fa4        0x4 60000000
 .text.__librt_sys_lwmutex_create_r
                0x0000000000028fa8       0x38 /usr/local/ps3dev/psl1ght/ppu/lib/librt.a(lock.o)
 .text.__librt_sys_lwmutex_destroy_r
                0x0000000000028fe0       0x34 /usr/local/ps3dev/psl1ght/ppu/lib/librt.a(lock.o)
 *fill*         0x0000000000029014        0x4 60000000
 .text.__librt_sys_lwmutex_lock_r
                0x0000000000029018       0x38 /usr/local/ps3dev/psl1ght/ppu/lib/librt.a(lock.o)
 .text.__librt_sys_lwmutex_trylock_r
                0x0000000000029050       0x34 /usr/local/ps3dev/psl1ght/ppu/lib/librt.a(lock.o)
 *fill*         0x0000000000029084        0x4 60000000
 .text.__librt_sys_lwmutex_unlock_r
                0x0000000000029088       0x34 /usr/local/ps3dev/psl1ght/ppu/lib/librt.a(lock.o)
 .text          0x00000000000290bc        0x0 /usr/local/ps3dev/psl1ght/ppu/lib/librt.a(dirent.o)
 *fill*         0x00000000000290bc        0x4 60000000
 .text.readdir_i
                0x00000000000290c0      0x10c /usr/local/ps3dev/psl1ght/ppu/lib/librt.a(dirent.o)
 *fill*         0x00000000000291cc        0x4 60000000
 .text.__librt_opendir_r
                0x00000000000291d0      0x114 /usr/local/ps3dev/psl1ght/ppu/lib/librt.a(dirent.o)
 *fill*         0x00000000000292e4        0x4 60000000
 .text.__librt_readdir_r
                0x00000000000292e8       0x84 /usr/local/ps3dev/psl1ght/ppu/lib/librt.a(dirent.o)
 *fill*         0x000000000002936c        0x4 60000000
 .text.__librt_readdir_r_r
                0x0000000000029370       0x58 /usr/local/ps3dev/psl1ght/ppu/lib/librt.a(dirent.o)
 .text.__librt_closedir_r
                0x00000000000293c8       0x84 /usr/local/ps3dev/psl1ght/ppu/lib/librt.a(dirent.o)
 *fill*         0x000000000002944c        0x4 60000000
 .text.__librt_telldir_r
                0x0000000000029450       0x24 /usr/local/ps3dev/psl1ght/ppu/lib/librt.a(dirent.o)
 *fill*         0x0000000000029474        0x4 60000000
 .text.__librt_rewinddir_r
                0x0000000000029478       0x18 /usr/local/ps3dev/psl1ght/ppu/lib/librt.a(dirent.o)
 .text.__librt_seekdir_r
                0x0000000000029490       0x18 /usr/local/ps3dev/psl1ght/ppu/lib/librt.a(dirent.o)
 .text          0x00000000000294a8        0x0 /usr/local/ps3dev/psl1ght/ppu/lib/librt.a(mkdir.o)
 .text.__librt_mkdir_r
                0x00000000000294a8       0x60 /usr/local/ps3dev/psl1ght/ppu/lib/librt.a(mkdir.o)
 .text          0x0000000000029508        0x0 /usr/local/ps3dev/psl1ght/ppu/lib/librt.a(times.o)
 .text.__librt_times_r
                0x0000000000029508       0x1c /usr/local/ps3dev/psl1ght/ppu/lib/librt.a(times.o)
 .text          0x0000000000029524        0x0 /usr/local/ps3dev/psl1ght/ppu/lib/librt.a(umask.o)
 *fill*         0x0000000000029524        0x4 60000000
 .text.__librt_umask_r
                0x0000000000029528       0x20 /usr/local/ps3dev/psl1ght/ppu/lib/librt.a(umask.o)
 .text          0x0000000000029548        0x0 /usr/local/ps3dev/psl1ght/ppu/lib/librt.a(lv2errno.o)
 .text.lv2error
                0x0000000000029548      0x434 /usr/local/ps3dev/psl1ght/ppu/lib/librt.a(lv2errno.o)
 *fill*         0x000000000002997c        0x4 60000000
 .text.lv2errno
                0x0000000000029980       0x68 /usr/local/ps3dev/psl1ght/ppu/lib/librt.a(lv2errno.o)
 .text.lv2errno_r
                0x00000000000299e8       0x58 /usr/local/ps3dev/psl1ght/ppu/lib/librt.a(lv2errno.o)
 .text          0x0000000000029a40        0x0 /usr/local/ps3dev/psl1ght/ppu/lib/librt.a(heap.o)
 .text.__heap_block_split.isra.2
                0x0000000000029a40      0x104 /usr/local/ps3dev/psl1ght/ppu/lib/librt.a(heap.o)
 *fill*         0x0000000000029b44        0x4 60000000
 .text.heapInit
                0x0000000000029b48      0x128 /usr/local/ps3dev/psl1ght/ppu/lib/librt.a(heap.o)
 .text.heapAllocateAligned
                0x0000000000029c70      0x230 /usr/local/ps3dev/psl1ght/ppu/lib/librt.a(heap.o)
 .text.heapAllocate
                0x0000000000029ea0       0x14 /usr/local/ps3dev/psl1ght/ppu/lib/librt.a(heap.o)
 *fill*         0x0000000000029eb4        0x4 60000000
 .text.heapFree
                0x0000000000029eb8      0x1fc /usr/local/ps3dev/psl1ght/ppu/lib/librt.a(heap.o)
 .text          0x000000000002a0b4        0x0 /usr/local/ps3dev/psl1ght/ppu/lib/librt.a(chmod.o)
 *fill*         0x000000000002a0b4        0x4 60000000
 .text.__librt_chmod_r
                0x000000000002a0b8       0x54 /usr/local/ps3dev/psl1ght/ppu/lib/librt.a(chmod.o)
 .text          0x000000000002a10c        0x0 /usr/local/ps3dev/psl1ght/ppu/lib/librt.a(rename.o)
 *fill*         0x000000000002a10c        0x4 60000000
 .text.__librt_rename_r
                0x000000000002a110       0x54 /usr/local/ps3dev/psl1ght/ppu/lib/librt.a(rename.o)
 .text          0x000000000002a164        0x0 /usr/local/ps3dev/psl1ght/ppu/lib/librt.a(rmdir.o)
 *fill*         0x000000000002a164        0x4 60000000
 .text.__librt_rmdir_r
                0x000000000002a168       0x50 /usr/local/ps3dev/psl1ght/ppu/lib/librt.a(rmdir.o)
 .text          0x000000000002a1b8        0x0 /usr/local/ps3dev/psl1ght/ppu/lib/librt.a(isatty.o)
 .text.__librt_isatty_r
                0x000000000002a1b8       0x2c /usr/local/ps3dev/psl1ght/ppu/lib/librt.a(isatty.o)
 .text          0x000000000002a1e4        0x0 /usr/local/ps3dev/psl1ght/ppu/lib/librt.a(gettod.o)
 *fill*         0x000000000002a1e4        0x4 60000000
 .text.__librt_gettod_r
                0x000000000002a1e8       0xb8 /usr/local/ps3dev/psl1ght/ppu/lib/librt.a(gettod.o)
 .text          0x000000000002a2a0        0x0 /usr/local/ps3dev/psl1ght/ppu/lib/librt.a(settod.o)
 .text.__librt_settod_r
                0x000000000002a2a0       0x58 /usr/local/ps3dev/psl1ght/ppu/lib/librt.a(settod.o)
 .text          0x000000000002a2f8        0x0 /usr/local/ps3dev/psl1ght/ppu/lib/librt.a(unlink.o)
 .text.__librt_unlink_r
                0x000000000002a2f8       0x50 /usr/local/ps3dev/psl1ght/ppu/lib/librt.a(unlink.o)
 .text          0x000000000002a348        0x0 /usr/local/ps3dev/psl1ght/ppu/lib/librt.a(link.o)
 .text.__librt_link_r
                0x000000000002a348       0x54 /usr/local/ps3dev/psl1ght/ppu/lib/librt.a(link.o)
 .text          0x000000000002a39c        0x0 /usr/local/ps3dev/psl1ght/ppu/lib/librt.a(truncate.o)
 *fill*         0x000000000002a39c        0x4 60000000
 .text.__librt_truncate_r
                0x000000000002a3a0       0x54 /usr/local/ps3dev/psl1ght/ppu/lib/librt.a(truncate.o)
 *fill*         0x000000000002a3f4        0x4 60000000
 .text.__librt_ftruncate_r
                0x000000000002a3f8       0x54 /usr/local/ps3dev/psl1ght/ppu/lib/librt.a(truncate.o)
 .text          0x000000000002a44c        0x0 /usr/local/ps3dev/psl1ght/ppu/lib/librt.a(fsync.o)
 *fill*         0x000000000002a44c        0x4 60000000
 .text.__librt_fsync_r
                0x000000000002a450       0x50 /usr/local/ps3dev/psl1ght/ppu/lib/librt.a(fsync.o)
 .text          0x000000000002a4a0        0x0 /usr/local/ps3dev/psl1ght/ppu/lib/librt.a(utime.o)
 .text.__librt_utime_r
                0x000000000002a4a0       0xbc /usr/local/ps3dev/psl1ght/ppu/lib/librt.a(utime.o)
 .text          0x000000000002a55c        0x0 /usr/local/ps3dev/psl1ght/ppu/lib/liblv2.a(sprx.o)
 .text          0x000000000002a55c        0x0 /usr/local/ps3dev/ppu/lib/gcc/powerpc64-ps3-elf/7.2.0/../../../../powerpc64-ps3-elf/lib/libstdc++.a(new_op.o)
 *fill*         0x000000000002a55c        0x4 60000000
 .text._Znwm    0x000000000002a560       0xa8 /usr/local/ps3dev/ppu/lib/gcc/powerpc64-ps3-elf/7.2.0/../../../../powerpc64-ps3-elf/lib/libstdc++.a(new_op.o)
 .text          0x000000000002a608        0x0 /usr/local/ps3dev/ppu/lib/gcc/powerpc64-ps3-elf/7.2.0/../../../../powerpc64-ps3-elf/lib/libstdc++.a(bad_alloc.o)
 .text._ZNKSt9bad_alloc4whatEv
                0x000000000002a608       0x14 /usr/local/ps3dev/ppu/lib/gcc/powerpc64-ps3-elf/7.2.0/../../../../powerpc64-ps3-elf/lib/libstdc++.a(bad_alloc.o)
 *fill*         0x000000000002a61c        0x4 60000000
 .text._ZNSt9bad_allocD2Ev
                0x000000000002a620       0x38 /usr/local/ps3dev/ppu/lib/gcc/powerpc64-ps3-elf/7.2.0/../../../../powerpc64-ps3-elf/lib/libstdc++.a(bad_alloc.o)
 .text._ZNSt9bad_allocD0Ev
                0x000000000002a658       0x54 /usr/local/ps3dev/ppu/lib/gcc/powerpc64-ps3-elf/7.2.0/../../../../powerpc64-ps3-elf/lib/libstdc++.a(bad_alloc.o)
 .text          0x000000000002a6ac        0x0 /usr/local/ps3dev/ppu/lib/gcc/powerpc64-ps3-elf/7.2.0/../../../../powerpc64-ps3-elf/lib/libstdc++.a(del_ops.o)
 *fill*         0x000000000002a6ac        0x4 60000000
 .text._ZdlPvm  0x000000000002a6b0       0x30 /usr/local/ps3dev/ppu/lib/gcc/powerpc64-ps3-elf/7.2.0/../../../../powerpc64-ps3-elf/lib/libstdc++.a(del_ops.o)
 .text          0x000000000002a6e0        0x0 /usr/local/ps3dev/ppu/lib/gcc/powerpc64-ps3-elf/7.2.0/../../../../powerpc64-ps3-elf/lib/libstdc++.a(eh_alloc.o)
 .text._ZN12_GLOBAL__N_14pool4freeEPv.constprop.4
                0x000000000002a6e0      0x11c /usr/local/ps3dev/ppu/lib/gcc/powerpc64-ps3-elf/7.2.0/../../../../powerpc64-ps3-elf/lib/libstdc++.a(eh_alloc.o)
 *fill*         0x000000000002a7fc        0x4 60000000
 .text._ZN12_GLOBAL__N_14pool8allocateEm.constprop.5
                0x000000000002a800       0xc0 /usr/local/ps3dev/ppu/lib/gcc/powerpc64-ps3-elf/7.2.0/../../../../powerpc64-ps3-elf/lib/libstdc++.a(eh_alloc.o)
 .text._ZN9__gnu_cxx9__freeresEv
                0x000000000002a8c0       0x50 /usr/local/ps3dev/ppu/lib/gcc/powerpc64-ps3-elf/7.2.0/../../../../powerpc64-ps3-elf/lib/libstdc++.a(eh_alloc.o)
 .text.__cxa_allocate_exception
                0x000000000002a910       0x80 /usr/local/ps3dev/ppu/lib/gcc/powerpc64-ps3-elf/7.2.0/../../../../powerpc64-ps3-elf/lib/libstdc++.a(eh_alloc.o)
 .text.__cxa_free_exception
                0x000000000002a990       0x5c /usr/local/ps3dev/ppu/lib/gcc/powerpc64-ps3-elf/7.2.0/../../../../powerpc64-ps3-elf/lib/libstdc++.a(eh_alloc.o)
 *fill*         0x000000000002a9ec        0x4 60000000
 .text.__cxa_allocate_dependent_exception
                0x000000000002a9f0       0x70 /usr/local/ps3dev/ppu/lib/gcc/powerpc64-ps3-elf/7.2.0/../../../../powerpc64-ps3-elf/lib/libstdc++.a(eh_alloc.o)
 .text.__cxa_free_dependent_exception
                0x000000000002aa60       0x64 /usr/local/ps3dev/ppu/lib/gcc/powerpc64-ps3-elf/7.2.0/../../../../powerpc64-ps3-elf/lib/libstdc++.a(eh_alloc.o)
 *fill*         0x000000000002aac4        0x4 60000000
 .text.startup._GLOBAL__sub_I__ZN9__gnu_cxx9__freeresEv
                0x000000000002aac8       0x78 /usr/local/ps3dev/ppu/lib/gcc/powerpc64-ps3-elf/7.2.0/../../../../powerpc64-ps3-elf/lib/libstdc++.a(eh_alloc.o)
 .text          0x000000000002ab40        0x0 /usr/local/ps3dev/ppu/lib/gcc/powerpc64-ps3-elf/7.2.0/../../../../powerpc64-ps3-elf/lib/libstdc++.a(eh_exception.o)
 .text._ZNSt9exceptionD2Ev
                0x000000000002ab40       0x10 /usr/local/ps3dev/ppu/lib/gcc/powerpc64-ps3-elf/7.2.0/../../../../powerpc64-ps3-elf/lib/libstdc++.a(eh_exception.o)
 .text._ZNSt13bad_exceptionD2Ev
                0x000000000002ab50       0x10 /usr/local/ps3dev/ppu/lib/gcc/powerpc64-ps3-elf/7.2.0/../../../../powerpc64-ps3-elf/lib/libstdc++.a(eh_exception.o)
 .text._ZNKSt9exception4whatEv
                0x000000000002ab60       0x14 /usr/local/ps3dev/ppu/lib/gcc/powerpc64-ps3-elf/7.2.0/../../../../powerpc64-ps3-elf/lib/libstdc++.a(eh_exception.o)
 *fill*         0x000000000002ab74        0x4 60000000
 .text._ZNKSt13bad_exception4whatEv
                0x000000000002ab78       0x14 /usr/local/ps3dev/ppu/lib/gcc/powerpc64-ps3-elf/7.2.0/../../../../powerpc64-ps3-elf/lib/libstdc++.a(eh_exception.o)
 *fill*         0x000000000002ab8c        0x4 60000000
 .text._ZNSt9exceptionD0Ev
                0x000000000002ab90       0x34 /usr/local/ps3dev/ppu/lib/gcc/powerpc64-ps3-elf/7.2.0/../../../../powerpc64-ps3-elf/lib/libstdc++.a(eh_exception.o)
 *fill*         0x000000000002abc4        0x4 60000000
 .text._ZNSt13bad_exceptionD0Ev
                0x000000000002abc8       0x34 /usr/local/ps3dev/ppu/lib/gcc/powerpc64-ps3-elf/7.2.0/../../../../powerpc64-ps3-elf/lib/libstdc++.a(eh_exception.o)
 *fill*         0x000000000002abfc        0x4 60000000
 .text._ZN10__cxxabiv115__forced_unwindD2Ev
                0x000000000002ac00       0x10 /usr/local/ps3dev/ppu/lib/gcc/powerpc64-ps3-elf/7.2.0/../../../../powerpc64-ps3-elf/lib/libstdc++.a(eh_exception.o)
 .text._ZN10__cxxabiv115__forced_unwindD0Ev
                0x000000000002ac10       0x34 /usr/local/ps3dev/ppu/lib/gcc/powerpc64-ps3-elf/7.2.0/../../../../powerpc64-ps3-elf/lib/libstdc++.a(eh_exception.o)
 *fill*         0x000000000002ac44        0x4 60000000
 .text._ZN10__cxxabiv119__foreign_exceptionD2Ev
                0x000000000002ac48       0x10 /usr/local/ps3dev/ppu/lib/gcc/powerpc64-ps3-elf/7.2.0/../../../../powerpc64-ps3-elf/lib/libstdc++.a(eh_exception.o)
 .text._ZN10__cxxabiv119__foreign_exceptionD0Ev
                0x000000000002ac58       0x34 /usr/local/ps3dev/ppu/lib/gcc/powerpc64-ps3-elf/7.2.0/../../../../powerpc64-ps3-elf/lib/libstdc++.a(eh_exception.o)
 *fill*         0x000000000002ac8c        0x4 60000000
 .text._ZGTtNKSt9exceptionD1Ev
                0x000000000002ac90       0x10 /usr/local/ps3dev/ppu/lib/gcc/powerpc64-ps3-elf/7.2.0/../../../../powerpc64-ps3-elf/lib/libstdc++.a(eh_exception.o)
 .text._ZGTtNKSt13bad_exceptionD1Ev
                0x000000000002aca0       0x10 /usr/local/ps3dev/ppu/lib/gcc/powerpc64-ps3-elf/7.2.0/../../../../powerpc64-ps3-elf/lib/libstdc++.a(eh_exception.o)
 .text          0x000000000002acb0        0x0 /usr/local/ps3dev/ppu/lib/gcc/powerpc64-ps3-elf/7.2.0/../../../../powerpc64-ps3-elf/lib/libstdc++.a(eh_terminate.o)
 .text._ZN10__cxxabiv111__terminateEPFvvE
                0x000000000002acb0       0x7c /usr/local/ps3dev/ppu/lib/gcc/powerpc64-ps3-elf/7.2.0/../../../../powerpc64-ps3-elf/lib/libstdc++.a(eh_terminate.o)
 *fill*         0x000000000002ad2c        0x4 60000000
 .text._ZSt9terminatev
                0x000000000002ad30       0x30 /usr/local/ps3dev/ppu/lib/gcc/powerpc64-ps3-elf/7.2.0/../../../../powerpc64-ps3-elf/lib/libstdc++.a(eh_terminate.o)
 .text._ZN10__cxxabiv112__unexpectedEPFvvE
                0x000000000002ad60       0x38 /usr/local/ps3dev/ppu/lib/gcc/powerpc64-ps3-elf/7.2.0/../../../../powerpc64-ps3-elf/lib/libstdc++.a(eh_terminate.o)
 .text._ZSt10unexpectedv
                0x000000000002ad98       0x30 /usr/local/ps3dev/ppu/lib/gcc/powerpc64-ps3-elf/7.2.0/../../../../powerpc64-ps3-elf/lib/libstdc++.a(eh_terminate.o)
 .text._ZSt13set_terminatePFvvE
                0x000000000002adc8       0x2c /usr/local/ps3dev/ppu/lib/gcc/powerpc64-ps3-elf/7.2.0/../../../../powerpc64-ps3-elf/lib/libstdc++.a(eh_terminate.o)
 *fill*         0x000000000002adf4        0x4 60000000
 .text._ZSt13get_terminatev
                0x000000000002adf8       0x24 /usr/local/ps3dev/ppu/lib/gcc/powerpc64-ps3-elf/7.2.0/../../../../powerpc64-ps3-elf/lib/libstdc++.a(eh_terminate.o)
 *fill*         0x000000000002ae1c        0x4 60000000
 .text._ZSt14set_unexpectedPFvvE
                0x000000000002ae20       0x2c /usr/local/ps3dev/ppu/lib/gcc/powerpc64-ps3-elf/7.2.0/../../../../powerpc64-ps3-elf/lib/libstdc++.a(eh_terminate.o)
 *fill*         0x000000000002ae4c        0x4 60000000
 .text._ZSt14get_unexpectedv
                0x000000000002ae50       0x24 /usr/local/ps3dev/ppu/lib/gcc/powerpc64-ps3-elf/7.2.0/../../../../powerpc64-ps3-elf/lib/libstdc++.a(eh_terminate.o)
 .text          0x000000000002ae74        0x0 /usr/local/ps3dev/ppu/lib/gcc/powerpc64-ps3-elf/7.2.0/../../../../powerpc64-ps3-elf/lib/libstdc++.a(eh_term_handler.o)
 .text          0x000000000002ae74        0x0 /usr/local/ps3dev/ppu/lib/gcc/powerpc64-ps3-elf/7.2.0/../../../../powerpc64-ps3-elf/lib/libstdc++.a(eh_throw.o)
 *fill*         0x000000000002ae74        0x4 60000000
 .text._ZL23__gxx_exception_cleanup19_Unwind_Reason_CodeP17_Unwind_Exception
                0x000000000002ae78       0xb0 /usr/local/ps3dev/ppu/lib/gcc/powerpc64-ps3-elf/7.2.0/../../../../powerpc64-ps3-elf/lib/libstdc++.a(eh_throw.o)
 .text.__cxa_init_primary_exception
                0x000000000002af28       0x80 /usr/local/ps3dev/ppu/lib/gcc/powerpc64-ps3-elf/7.2.0/../../../../powerpc64-ps3-elf/lib/libstdc++.a(eh_throw.o)
 .text.__cxa_throw
                0x000000000002afa8       0xbc /usr/local/ps3dev/ppu/lib/gcc/powerpc64-ps3-elf/7.2.0/../../../../powerpc64-ps3-elf/lib/libstdc++.a(eh_throw.o)
 *fill*         0x000000000002b064        0x4 60000000
 .text.__cxa_rethrow
                0x000000000002b068       0x9c /usr/local/ps3dev/ppu/lib/gcc/powerpc64-ps3-elf/7.2.0/../../../../powerpc64-ps3-elf/lib/libstdc++.a(eh_throw.o)
 .text          0x000000000002b104        0x0 /usr/local/ps3dev/ppu/lib/gcc/powerpc64-ps3-elf/7.2.0/../../../../powerpc64-ps3-elf/lib/libstdc++.a(eh_unex_handler.o)