Archive member included because of file (symbol)

/usr/local/ps3dev/psl1ght/ppu/lib/libsimdmath.a(rsqrtf4.o)
                              geometry.o (rsqrtf4)
/usr/local/ps3dev/psl1ght/ppu/lib/librsx.a(init.o)
                              rsxutil.o (rsxInit)
/usr/local/ps3dev/psl1ght/ppu/lib/librsx.a(buffer.o)
                              rsxutil.o (rsxFlushBuffer)
/usr/local/ps3dev/psl1ght/ppu/lib/librsx.a(commands.o)
                              /usr/local/ps3dev/psl1ght/ppu/lib/librsx.a(buffer.o) (rsxSetJumpCommandUnsafe)
/usr/local/ps3dev/psl1ght/ppu/lib/librsx.a(mm.o)
                              /usr/local/ps3dev/psl1ght/ppu/lib/librsx.a(init.o) (rsxHeapInit)
/usr/local/ps3dev/psl1ght/ppu/lib/librsx.a(vertex_program.o)
                              main.o (rsxVertexProgramGetUCode)
/usr/local/ps3dev/psl1ght/ppu/lib/librsx.a(fragment_program.o)
                              main.o (rsxFragmentProgramGetUCode)
/usr/local/ps3dev/psl1ght/ppu/lib/librsx.a(rsx_internal.o)
                              /usr/local/ps3dev/psl1ght/ppu/lib/librsx.a(vertex_program.o) (__rsxGetAttrs)
/usr/local/ps3dev/psl1ght/ppu/lib/libgcm_sys.a(sprx.o)
                              rsxutil.o (gcmSetFlip)
/usr/local/ps3dev/psl1ght/ppu/lib/libio.a(sprx.o)
                              main.o (ioPadInit)
/usr/local/ps3dev/psl1ght/ppu/lib/libsysutil.a(sprx.o)
                              rsxutil.o (videoGetResolutionAvailability)
/usr/local/ps3dev/psl1ght/ppu/lib/libsysutil.a(sysutil_wrapper.o)
                              main.o (sysUtilRegisterCallback)
/usr/local/ps3dev/psl1ght/ppu/lib/librt.a(sbrk.o)
                              /usr/local/ps3dev/ppu/lib/gcc/powerpc64-ps3-elf/7.2.0/../../../../powerpc64-ps3-elf/lib/lv2-crt0.o (__librt_sbrk_r)
/usr/local/ps3dev/psl1ght/ppu/lib/librt.a(exit.o)
                              /usr/local/ps3dev/ppu/lib/gcc/powerpc64-ps3-elf/7.2.0/../../../../powerpc64-ps3-elf/lib/lv2-crt0.o (__librt_exit)
/usr/local/ps3dev/psl1ght/ppu/lib/librt.a(close.o)
                              /usr/local/ps3dev/ppu/lib/gcc/powerpc64-ps3-elf/7.2.0/../../../../powerpc64-ps3-elf/lib/lv2-crt0.o (__librt_close_r)
/usr/local/ps3dev/psl1ght/ppu/lib/librt.a(lseek.o)
                              /usr/local/ps3dev/ppu/lib/gcc/powerpc64-ps3-elf/7.2.0/../../../../powerpc64-ps3-elf/lib/lv2-crt0.o (__librt_lseek_r)
/usr/local/ps3dev/psl1ght/ppu/lib/librt.a(read.o)
                              /usr/local/ps3dev/ppu/lib/gcc/powerpc64-ps3-elf/7.2.0/../../../../powerpc64-ps3-elf/lib/lv2-crt0.o (__librt_read_r)
/usr/local/ps3dev/psl1ght/ppu/lib/librt.a(open.o)
                              /usr/local/ps3dev/ppu/lib/gcc/powerpc64-ps3-elf/7.2.0/../../../../powerpc64-ps3-elf/lib/lv2-crt0.o (__librt_open_r)
/usr/local/ps3dev/psl1ght/ppu/lib/librt.a(sleep.o)
                              /usr/local/ps3dev/ppu/lib/gcc/powerpc64-ps3-elf/7.2.0/../../../../powerpc64-ps3-elf/lib/lv2-crt0.o (__librt_usleep_r)
/usr/local/ps3dev/psl1ght/ppu/lib/librt.a(write.o)
                              /usr/local/ps3dev/ppu/lib/gcc/powerpc64-ps3-elf/7.2.0/../../../../powerpc64-ps3-elf/lib/lv2-crt0.o (__librt_write_r)
/usr/local/ps3dev/psl1ght/ppu/lib/librt.a(fstat.o)
                              /usr/local/ps3dev/ppu/lib/gcc/powerpc64-ps3-elf/7.2.0/../../../../powerpc64-ps3-elf/lib/lv2-crt0.o (__librt_fstat_r)
/usr/local/ps3dev/psl1ght/ppu/lib/librt.a(socket.o)
                              /usr/local/ps3dev/psl1ght/ppu/lib/librt.a(write.o) (send)
/usr/local/ps3dev/psl1ght/ppu/lib/librt.a(lock.o)
                              /usr/local/ps3dev/ppu/lib/gcc/powerpc64-ps3-elf/7.2.0/../../../../powerpc64-ps3-elf/lib/lv2-crt0.o (__librt_sys_lwmutex_create_r)
/usr/local/ps3dev/psl1ght/ppu/lib/librt.a(dirent.o)
                              /usr/local/ps3dev/ppu/lib/gcc/powerpc64-ps3-elf/7.2.0/../../../../powerpc64-ps3-elf/lib/lv2-crt0.o (__librt_opendir_r)
/usr/local/ps3dev/psl1ght/ppu/lib/librt.a(mkdir.o)
                              /usr/local/ps3dev/ppu/lib/gcc/powerpc64-ps3-elf/7.2.0/../../../../powerpc64-ps3-elf/lib/lv2-crt0.o (__librt_mkdir_r)
/usr/local/ps3dev/psl1ght/ppu/lib/librt.a(times.o)
                              /usr/local/ps3dev/ppu/lib/gcc/powerpc64-ps3-elf/7.2.0/../../../../powerpc64-ps3-elf/lib/lv2-crt0.o (__librt_times_r)
/usr/local/ps3dev/psl1ght/ppu/lib/librt.a(umask.o)
                              /usr/local/ps3dev/ppu/lib/gcc/powerpc64-ps3-elf/7.2.0/../../../../powerpc64-ps3-elf/lib/lv2-crt0.o (__librt_umask_r)
/usr/local/ps3dev/psl1ght/ppu/lib/librt.a(lv2errno.o)
                              /usr/local/ps3dev/psl1ght/ppu/lib/librt.a(socket.o) (lv2errno)
/usr/local/ps3dev/psl1ght/ppu/lib/librt.a(heap.o)
                              /usr/local/ps3dev/psl1ght/ppu/lib/librsx.a(mm.o) (heapInit)
/usr/local/ps3dev/psl1ght/ppu/lib/librt.a(chmod.o)
                              /usr/local/ps3dev/ppu/lib/gcc/powerpc64-ps3-elf/7.2.0/../../../../powerpc64-ps3-elf/lib/lv2-crt0.o (__librt_chmod_r)
[...]
Memory Configuration

Name             Origin             Length             Attributes
*default*        0x0000000000000000 0xffffffffffffffff

Linker script and memory map

                0x0000000000010000                PROVIDE (__executable_start, 0x10000)
                0x0000000000010200                . = (0x10000 + SIZEOF_HEADERS)

.interp
 *(.interp)

.hash
 *(.hash)

.dynsym
 *(.dynsym)

.dynstr
 *(.dynstr)

.gnu.version
 *(.gnu.version)

.gnu.version_d
 *(.gnu.version_d)

.gnu.version_r
 *(.gnu.version_r)

.rel.dyn
 *(.rel.init)
 *(.rel.text .rel.text.* .rel.gnu.linkonce.t.*)
 *(.rel.fini)
 *(.rel.rodata .rel.rodata.* .rel.gnu.linkonce.r.*)
 *(.rel.data.rel.ro*)
 *(.rel.data .rel.data.* .rel.gnu.linkonce.d.*)
 *(.rel.tdata .rel.tdata.* .rel.gnu.linkonce.td.*)
 *(.rel.tbss .rel.tbss.* .rel.gnu.linkonce.tb.*)
 *(.rel.ctors)
 *(.rel.dtors)
 *(.rel.got)
 *(.rel.sdata .rel.sdata.* .rel.gnu.linkonce.s.*)
 *(.rel.sbss .rel.sbss.* .rel.gnu.linkonce.sb.*)
 *(.rel.sdata2 .rel.sdata2.* .rel.gnu.linkonce.s2.*)
 *(.rel.sbss2 .rel.sbss2.* .rel.gnu.linkonce.sb2.*)
 *(.rel.bss .rel.bss.* .rel.gnu.linkonce.b.*)

.rela.dyn       0x0000000000010200        0x0
 *(.rela.init)
 *(.rela.text .rela.text.* .rela.gnu.linkonce.t.*)
 *(.rela.fini)
 *(.rela.rodata .rela.rodata.* .rela.gnu.linkonce.r.*)
 .rela.rodata._ZTV11SMeshBuffer
                0x0000000000000000        0x0 linker stubs
 .rela.rodata._ZTV20RSXDebugFontRenderer
                0x0000000000000000        0x0 linker stubs
 .rela.rodata._ZTVSt9type_info
                0x0000000000000000        0x0 linker stubs
 .rela.rodata._ZTVSt9bad_alloc
                0x0000000000000000        0x0 linker stubs
 .rela.rodata._ZTVSt9exception
                0x0000000000000000        0x0 linker stubs
 .rela.rodata._ZTVSt13bad_exception
                0x0000000000000000        0x0 linker stubs
 *(.rela.data .rela.data.* .rela.gnu.linkonce.d.*)
 .rela.data.rel.ro._ZTI11SMeshBuffer
                0x0000000000000000        0x0 linker stubs
 .rela.data.DW.ref.__gxx_personality_v0
                0x0000000000000000        0x0 linker stubs
 .rela.data.rel.ro._ZTV17DebugFontRenderer
                0x0000000000000000        0x0 linker stubs
 .rela.data.rel.ro._ZTI17DebugFontRenderer
                0x0000000000000000        0x0 linker stubs
 .rela.data.rel.ro._ZTI20RSXDebugFontRenderer
                0x0000000000000000        0x0 linker stubs
 .rela.data.rel.ro._ZTIN10__cxxabiv117__class_type_infoE
                0x0000000000000000        0x0 linker stubs
 .rela.data.rel.ro._ZTVN10__cxxabiv117__class_type_infoE
                0x0000000000000000        0x0 linker stubs
 .rela.data.rel._ZN10__cxxabiv119__terminate_handlerE
                0x0000000000000000        0x0 linker stubs
 .rela.data.rel.ro._ZTIN10__cxxabiv120__si_class_type_infoE
                0x0000000000000000        0x0 linker stubs
 .rela.data.rel.ro._ZTVN10__cxxabiv120__si_class_type_infoE
                0x0000000000000000        0x0 linker stubs
 .rela.data.rel.ro._ZTISt9type_info
                0x0000000000000000        0x0 linker stubs
 .rela.data.DW.ref._ZTISt9exception
                0x0000000000000000        0x0 linker stubs
 .rela.data.rel.ro._ZTISt9bad_alloc
                0x0000000000000000        0x0 linker stubs
 .rela.data.rel.ro._ZTISt9exception
                0x0000000000000000        0x0 linker stubs
 .rela.data.rel.ro._ZTISt13bad_exception
                0x0000000000000000        0x0 linker stubs
 .rela.data.rel.ro._ZTIN10__cxxabiv115__forced_unwindE
                0x0000000000000000        0x0 linker stubs
 .rela.data.rel.ro._ZTIN10__cxxabiv119__foreign_exceptionE
                0x0000000000000000        0x0 linker stubs
 .rela.data.rel.ro._ZTVN10__cxxabiv115__forced_unwindE
                0x0000000000000000        0x0 linker stubs
 .rela.data.rel.ro._ZTVN10__cxxabiv119__foreign_exceptionE
                0x0000000000000000        0x0 linker stubs
 *(.rela.tdata .rela.tdata.* .rela.gnu.linkonce.td.*)
 *(.rela.tbss .rela.tbss.* .rela.gnu.linkonce.tb.*)
 *(.rela.ctors)
 *(.rela.dtors)
 *(.rela.got)
 *(.rela.toc)
 .rela.toc      0x0000000000000000        0x0 linker stubs
 *(.rela.sdata .rela.sdata.* .rela.gnu.linkonce.s.*)
 *(.rela.sbss .rela.sbss.* .rela.gnu.linkonce.sb.*)
 *(.rela.sdata2 .rela.sdata2.* .rela.gnu.linkonce.s2.*)
 *(.rela.sbss2 .rela.sbss2.* .rela.gnu.linkonce.sb2.*)
 *(.rela.bss .rela.bss.* .rela.gnu.linkonce.b.*)
 .rela.iplt     0x0000000000000000        0x0 linker stubs
 .rela.sys_proc_prx_param
                0x0000000000000000        0x0 linker stubs
 .rela.eh_frame
                0x0000000000000000        0x0 linker stubs
 .rela.gcc_except_table._ZN9__gnu_cxx27__verbose_terminate_handlerEv
                0x0000000000000000        0x0 linker stubs

.rel.plt
 *(.rel.plt)

.rela.plt
 *(.rela.plt)

.rela.tocbss
 *(.rela.tocbss)

.init           0x0000000000010200       0x2c
 *(.init)
 .init          0x0000000000010200        0xc /usr/local/ps3dev/ppu/lib/gcc/powerpc64-ps3-elf/7.2.0/../../../../powerpc64-ps3-elf/lib/lv2-crti.o
                0x0000000000010200                ._init
 .init          0x000000000001020c        0x8 /usr/local/ps3dev/ppu/lib/gcc/powerpc64-ps3-elf/7.2.0/crtbegin.o
 .init          0x0000000000010214        0x8 /usr/local/ps3dev/ppu/lib/gcc/powerpc64-ps3-elf/7.2.0/crtend.o
 .init          0x000000000001021c       0x10 /usr/local/ps3dev/ppu/lib/gcc/powerpc64-ps3-elf/7.2.0/../../../../powerpc64-ps3-elf/lib/lv2-crtn.o

.text           0x0000000000010230    0x49e8c
 *(.text .stub .text.* .gnu.linkonce.t.*)
 .text          0x0000000000010230        0x0 /usr/local/ps3dev/ppu/lib/gcc/powerpc64-ps3-elf/7.2.0/../../../../powerpc64-ps3-elf/lib/lv2-crti.o
 .text          0x0000000000010230        0x0 /usr/local/ps3dev/ppu/lib/gcc/powerpc64-ps3-elf/7.2.0/crtbegin.o
 .text.deregister_tm_clones
                0x0000000000010230       0x54 /usr/local/ps3dev/ppu/lib/gcc/powerpc64-ps3-elf/7.2.0/crtbegin.o
 *fill*         0x0000000000010284        0x4 60000000
 .text.register_tm_clones
                0x0000000000010288       0x60 /usr/local/ps3dev/ppu/lib/gcc/powerpc64-ps3-elf/7.2.0/crtbegin.o
 .text.__do_global_dtors_aux
                0x00000000000102e8       0xd4 /usr/local/ps3dev/ppu/lib/gcc/powerpc64-ps3-elf/7.2.0/crtbegin.o
 *fill*         0x00000000000103bc        0x4 60000000
 .text.frame_dummy
                0x00000000000103c0       0x38 /usr/local/ps3dev/ppu/lib/gcc/powerpc64-ps3-elf/7.2.0/crtbegin.o
 .text          0x00000000000103f8       0x58 /usr/local/ps3dev/ppu/lib/gcc/powerpc64-ps3-elf/7.2.0/../../../../powerpc64-ps3-elf/lib/lv2-crt0.o
                0x00000000000103f8                ._start
 .text.startup.__syscalls_init
                0x0000000000010450      0x16c /usr/local/ps3dev/ppu/lib/gcc/powerpc64-ps3-elf/7.2.0/../../../../powerpc64-ps3-elf/lib/lv2-crt0.o
 *fill*         0x00000000000105bc        0x4 60000000
 .text._initialize
                0x00000000000105c0       0x40 /usr/local/ps3dev/ppu/lib/gcc/powerpc64-ps3-elf/7.2.0/../../../../powerpc64-ps3-elf/lib/lv2-crt0.o
 .text          0x0000000000010600        0x0 /usr/local/ps3dev/ppu/lib/gcc/powerpc64-ps3-elf/7.2.0/../../../../powerpc64-ps3-elf/lib/lv2-sprx.o
 .text          0x0000000000010600        0x0 wall1_png.bin.o
 .text          0x0000000000010600        0x0 wall2_png.bin.o
 .text          0x0000000000010600        0x0 diffuse_specular_shader.vpo.o
 .text          0x0000000000010600        0x0 vpshader_dbgfont.vpo.o
 .text          0x0000000000010600        0x0 diffuse_specular_shader.fpo.o
 .text          0x0000000000010600        0x0 fpshader_dbgfont.fpo.o
 .text          0x0000000000010600        0x0 geometry.o
 .text.rsxAddressToOffset
                0x0000000000010600       0x54 geometry.o
 .text._ZN10Vectormath10floatInVecC2EDv4_fi
                0x0000000000010654       0x88 geometry.o
 .text._ZN10Vectormath10floatInVecC2Ef
                0x00000000000106dc       0x70 geometry.o
 .text._ZNK10Vectormath10floatInVeccvfEv
                0x000000000001074c       0x34 geometry.o
 .text._ZNK10Vectormath10floatInVec6get128Ev
                0x0000000000010780       0x34 geometry.o
 .text._ZL12_vmathVfDot3Dv4_fS_
                0x00000000000107b4       0xf8 geometry.o
 .text._ZN10Vectormath3Aos7Vector3C2Efff
                0x00000000000108ac       0x7c geometry.o
 .text._ZN10Vectormath3Aos7Vector3C2EDv4_f
                0x0000000000010928       0x4c geometry.o
 .text._ZNK10Vectormath3Aos7Vector36get128Ev
                0x0000000000010974       0x34 geometry.o
 .text._ZN10Vectormath3Aos7Vector3aSES1_
                0x00000000000109a8       0x50 geometry.o
 .text._ZNK10Vectormath3Aos7Vector34getXEv
                0x00000000000109f8       0x5c geometry.o
 .text._ZNK10Vectormath3Aos7Vector34getYEv
                0x0000000000010a54       0x5c geometry.o
 .text._ZNK10Vectormath3Aos7Vector34getZEv
                0x0000000000010ab0       0x5c geometry.o
 .text._ZNK10Vectormath3Aos7Vector3miES1_
                0x0000000000010b0c       0x74 geometry.o
 .text._ZNK10Vectormath3Aos7Vector3mlEf
                0x0000000000010b80       0x74 geometry.o
 .text._ZNK10Vectormath3Aos7Vector3mlENS_10floatInVecE
                0x0000000000010bf4       0x90 geometry.o
 .text._ZN10Vectormath3Aos7Vector3mIES1_
                0x0000000000010c84       0x80 geometry.o
 .text._ZN10Vectormath3Aos7Vector3mLEf
                0x0000000000010d04       0x70 geometry.o
 .text._ZN10Vectormath3Aos9normalizeENS0_7Vector3E
                0x0000000000010d74       0xe8 geometry.o
 .text._ZNK10Vectormath3Aos6Point34getXEv
                0x0000000000010e5c       0x5c geometry.o
 .text._ZNK10Vectormath3Aos6Point34getYEv
                0x0000000000010eb8       0x5c geometry.o
 .text._ZNK10Vectormath3Aos6Point34getZEv
                0x0000000000010f14       0x5c geometry.o
 .text._ZnwmPv  0x0000000000010f70       0x34 geometry.o
 .text._ZN6SColorC2Ehhhh
                0x0000000000010fa4       0x84 geometry.o
 .text._ZN6SColorC2ERKS_
                0x0000000000011028       0x40 geometry.o
 .text._ZN9S3DVertexC2Effffff6SColorff
                0x0000000000011068       0xcc geometry.o
 .text._ZN9S3DVertexC2ERKN10Vectormath3Aos7Vector3ES4_RK6SColorff
                0x0000000000011134       0xa4 geometry.o
 .text._ZN9S3DVertexaSERKS_
                0x00000000000111d8       0xac geometry.o
 .text._ZN11SMeshBufferC2Ev
                0x0000000000011284       0xac geometry.o
 .text._ZN11SMeshBufferD2Ev
                0x0000000000011330       0x70 geometry.o
 .text._ZN11SMeshBufferD0Ev
                0x00000000000113a0       0x54 geometry.o
 .text._ZNK11SMeshBuffer11getVerticesEv
                0x00000000000113f4       0x54 geometry.o
 .text._ZN11SMeshBuffer11getVerticesEv
                0x0000000000011448       0x54 geometry.o
 .text._ZNK11SMeshBuffer14getVertexCountEv
                0x000000000001149c       0x54 geometry.o
 .text._ZNK11SMeshBuffer10getIndicesEv
                0x00000000000114f0       0x54 geometry.o
 .text._ZN11SMeshBuffer10getIndicesEv
                0x0000000000011544       0x54 geometry.o
 .text._ZNK11SMeshBuffer13getIndexCountEv
                0x0000000000011598       0x54 geometry.o
 .text._Z10createQuadN10Vectormath3Aos6Point3ES1_S1_S1_
                0x00000000000115ec      0x6c8 geometry.o
 .text._Z10createQuadff
                0x0000000000011cb4      0x478 geometry.o
 .text._Z10createCubef
                0x000000000001212c      0x9b8 geometry.o
 .text._Z11createDonutffjj
                0x0000000000012ae4      0x94c geometry.o
 .text._ZN9S3DVertexC2ERKS_
                0x0000000000013430       0xa8 geometry.o
 .text._Z12createSpherefjj
                0x00000000000134d8      0xea0 geometry.o
 .text._ZN3irr4core5arrayIjNS0_12allocatorRSXIjEEEC2Ev
                0x0000000000014378       0x68 geometry.o
 .text._ZN3irr4core5arrayIjNS0_12allocatorRSXIjEEED2Ev
                0x00000000000143e0       0xc4 geometry.o
 .text._ZN3irr4core5arrayI9S3DVertexNS0_12allocatorRSXIS2_EEEC2Ev
                0x00000000000144a4       0x68 geometry.o
 .text._ZN3irr4core5arrayI9S3DVertexNS0_12allocatorRSXIS2_EEED2Ev
                0x000000000001450c       0xc4 geometry.o
 .text._ZNK3irr4core5arrayI9S3DVertexNS0_12allocatorRSXIS2_EEE13const_pointerEv
                0x00000000000145d0       0x34 geometry.o
 .text._ZN3irr4core5arrayI9S3DVertexNS0_12allocatorRSXIS2_EEE7pointerEv
                0x0000000000014604       0x34 geometry.o
 .text._ZNK3irr4core5arrayI9S3DVertexNS0_12allocatorRSXIS2_EEE4sizeEv
                0x0000000000014638       0x34 geometry.o
 .text._ZNK3irr4core5arrayIjNS0_12allocatorRSXIjEEE13const_pointerEv
                0x000000000001466c       0x34 geometry.o
 .text._ZN3irr4core5arrayIjNS0_12allocatorRSXIjEEE7pointerEv
                0x00000000000146a0       0x34 geometry.o
 .text._ZNK3irr4core5arrayIjNS0_12allocatorRSXIjEEE4sizeEv
                0x00000000000146d4       0x34 geometry.o
 .text._ZN3irr4core5arrayIjNS0_12allocatorRSXIjEEE8set_usedEj
                0x0000000000014708       0x78 geometry.o
 .text._ZN3irr4core5arrayIjNS0_12allocatorRSXIjEEEixEj
                0x0000000000014780       0x48 geometry.o
 .text._ZN3irr4core5arrayI9S3DVertexNS0_12allocatorRSXIS2_EEE8set_usedEj
                0x00000000000147c8       0x78 geometry.o
 .text._ZN3irr4core5arrayI9S3DVertexNS0_12allocatorRSXIS2_EEEixEj
                0x0000000000014840       0x48 geometry.o
 .text._Z5clampIfEKT_RS1_S2_S2_
                0x0000000000014888       0x70 geometry.o
 .text._ZN3irr4core12allocatorRSXIjE8destructEPj
                0x00000000000148f8       0x30 geometry.o
 .text._ZN3irr4core12allocatorRSXIjE10deallocateEPj
                0x0000000000014928       0x4c geometry.o
 .text._ZN3irr4core12allocatorRSXI9S3DVertexE8destructEPS2_
                0x0000000000014974       0x30 geometry.o
 .text._ZN3irr4core12allocatorRSXI9S3DVertexE10deallocateEPS2_
                0x00000000000149a4       0x4c geometry.o
 .text._ZN3irr4core5arrayIjNS0_12allocatorRSXIjEEE10reallocateEj
                0x00000000000149f0      0x1a8 geometry.o
 .text._ZN3irr4core5arrayI9S3DVertexNS0_12allocatorRSXIS2_EEE10reallocateEj
                0x0000000000014b98      0x1a8 geometry.o
 .text._Z4max_IfERKT_S2_S2_
                0x0000000000014d40       0x54 geometry.o
 .text._Z4min_IfERKT_S2_S2_
                0x0000000000014d94       0x54 geometry.o
 .text._ZN3irr4core12allocatorRSXIjEdlEPv
                0x0000000000014de8       0x48 geometry.o
 .text._ZN3irr4core12allocatorRSXI9S3DVertexEdlEPv
                0x0000000000014e30       0x48 geometry.o
 .text._ZN3irr4core12allocatorRSXIjE8allocateEj
                0x0000000000014e78       0x5c geometry.o
 .text._ZN3irr4core12allocatorRSXIjE9constructEPjRKj
                0x0000000000014ed4       0x70 geometry.o
 .text._ZN3irr4core12allocatorRSXI9S3DVertexE8allocateEj
                0x0000000000014f44       0x5c geometry.o
 .text._ZN3irr4core12allocatorRSXI9S3DVertexE9constructEPS2_RKS2_
                0x0000000000014fa0       0x74 geometry.o
 .text._ZN3irr4core12allocatorRSXIjEnwEm
                0x0000000000015014       0x58 geometry.o
 .text._ZN3irr4core12allocatorRSXI9S3DVertexEnwEm
                0x000000000001506c       0x58 geometry.o
 .text          0x00000000000150c4        0x0 main.o
 .text.rsxAddressToOffset
                0x00000000000150c4       0x54 main.o
 .text._ZN10Vectormath3Aos7Vector4C2Ev
                0x0000000000015118       0x38 main.o
 .text._ZN10Vectormath3Aos7Vector4C2EDv4_f
                0x0000000000015150       0x4c main.o
 .text._ZN10Vectormath3Aos7Vector45xAxisEv
                0x000000000001519c       0x54 main.o
 .text._ZN10Vectormath3Aos7Vector45yAxisEv
                0x00000000000151f0       0x54 main.o
 .text._ZN10Vectormath3Aos7Vector45zAxisEv
                0x0000000000015244       0x54 main.o
 .text._ZN10Vectormath3Aos7Vector45wAxisEv
                0x0000000000015298       0x54 main.o
 .text._ZNK10Vectormath3Aos7Vector46get128Ev
                0x00000000000152ec       0x34 main.o
 .text._ZN10Vectormath3Aos7Vector4aSES1_
                0x0000000000015320       0x50 main.o
 .text._ZN10Vectormath3Aos6Point3C2Efff
                0x0000000000015370       0x7c main.o
 .text._ZN10Vectormath3Aos7Matrix4C2ENS0_7Vector4ES2_S2_S2_
                0x00000000000153ec      0x134 main.o
 .text._ZNK10Vectormath3Aos7Matrix47getCol0Ev
                0x0000000000015520       0x40 main.o
 .text._ZNK10Vectormath3Aos7Matrix47getCol1Ev
                0x0000000000015560       0x44 main.o
 .text._ZNK10Vectormath3Aos7Matrix47getCol2Ev
                0x00000000000155a4       0x44 main.o
 .text._ZNK10Vectormath3Aos7Matrix47getCol3Ev
                0x00000000000155e8       0x44 main.o
 .text._ZN10Vectormath3Aos9transposeERKNS0_7Matrix4E
                0x000000000001562c      0x2cc main.o
 .text._ZN10Vectormath3Aos7Matrix48identityEv
                0x00000000000158f8       0xa8 main.o
 .text._ZN9DebugFont11setPositionEii
                0x00000000000159a0       0x54 main.o
 .text._ZN9DebugFont8setColorEffff
                0x00000000000159f4       0x68 main.o
 .text._ZN9DebugFont12setScreenResEii
                0x0000000000015a5c       0x54 main.o
 .text.program_exit_callback
                0x0000000000015ab0       0x64 main.o
 .text.sysutil_exit_callback
                0x0000000000015b14       0x6c main.o
 .text._Z11getsubimagePjS_jjjjjj
                0x0000000000015b80      0x17c main.o
 .text._ZL12init_texturev
                0x0000000000015cfc      0x2d4 main.o
 .text._ZL10setTexturehPjjjj
                0x0000000000015fd0      0x1a4 main.o
 .text._ZL10setDrawEnvv
                0x0000000000016174      0x390 main.o
 .text._Z11init_shaderv
                0x0000000000016504      0x190 main.o
 .text._Z9drawFramev
                0x0000000000016694      0xadc main.o
 .text.main     0x0000000000017170      0x7a8 main.o
 .text          0x0000000000017918        0x0 rsxutil.o
 .text.rsxAddressToOffset
                0x0000000000017918       0x54 rsxutil.o
 .text._ZL10waitFinishv
                0x000000000001796c       0xd0 rsxutil.o
 .text._ZL11waitRSXIdlev
                0x0000000000017a3c       0x9c rsxutil.o
 .text._Z22initVideoConfigurationv
                0x0000000000017ad8      0x24c rsxutil.o
 .text._Z15setRenderTargetj
                0x0000000000017d24      0x148 rsxutil.o
 .text._Z11init_screenPvj
                0x0000000000017e6c      0x250 rsxutil.o
 .text._Z8waitflipv
                0x00000000000180bc       0x74 rsxutil.o
 .text._Z4flipv
                0x0000000000018130       0xd8 rsxutil.o
 .text          0x0000000000018208        0x0 debugfont.o
 .text._ZN9DebugFont13getGlyphWidthEv
                0x0000000000018208       0x2c debugfont.o
 .text._ZN9DebugFont14getGlyphHeightEv
                0x0000000000018234       0x2c debugfont.o
 .text._ZN9DebugFont7calcPosEii
                0x0000000000018260      0x108 debugfont.o
 .text._ZN9DebugFont6calcS0Eh
                0x0000000000018368       0xac debugfont.o
 .text._ZN9DebugFont6calcS1Eh
                0x0000000000018414       0xc0 debugfont.o
 .text._ZN9DebugFont6calcT0Eh
                0x00000000000184d4       0xbc debugfont.o
 .text._ZN9DebugFont6calcT1Eh
                0x0000000000018590       0xd0 debugfont.o
 .text._ZN9DebugFont11isPrintableEc
                0x0000000000018660       0x58 debugfont.o
 .text._ZN9DebugFont4initEv
                0x00000000000186b8      0x1c4 debugfont.o
 .text._ZN9DebugFont8shutdownEv
                0x000000000001887c      0x160 debugfont.o
 .text._ZN9DebugFont6printfEPKcz
                0x00000000000189dc       0xa4 debugfont.o
 .text._ZN9DebugFont5printEPKc
                0x0000000000018a80       0x5c debugfont.o
 .text._ZN9DebugFont5printEPKci
                0x0000000000018adc      0xd58 debugfont.o
 .text._ZN9DebugFont10getExtentsEPKcPiS2_i
                0x0000000000019834      0x2c4 debugfont.o
 .text          0x0000000000019af8        0x0 debugfontrenderer.o
 .text._ZN17DebugFontRendererC2Ev
                0x0000000000019af8       0x44 debugfontrenderer.o
 .text._ZN17DebugFontRendererD2Ev
                0x0000000000019b3c       0x38 debugfontrenderer.o
 .text._ZN17DebugFontRendererD0Ev
                0x0000000000019b74       0x50 debugfontrenderer.o
 .text          0x0000000000019bc4        0x0 rsxdebugfontrenderer.o
 .text._ZN17DebugFontRenderer11getFontDataEv
                0x0000000000019bc4       0x2c rsxdebugfontrenderer.o
 .text.rsxAddressToOffset
                0x0000000000019bf0       0x54 rsxdebugfontrenderer.o
 .text.rsxAlign
                0x0000000000019c44       0x90 rsxdebugfontrenderer.o
 .text._ZN20RSXDebugFontRendererC2Ev
                0x0000000000019cd4       0x58 rsxdebugfontrenderer.o
 .text._ZN20RSXDebugFontRendererC2EP11_gcmCtxData
                0x0000000000019d2c       0x68 rsxdebugfontrenderer.o
 .text._ZN20RSXDebugFontRendererD2Ev
                0x0000000000019d94       0x58 rsxdebugfontrenderer.o
 .text._ZN20RSXDebugFontRendererD0Ev
                0x0000000000019dec       0x50 rsxdebugfontrenderer.o
 .text._ZN20RSXDebugFontRenderer10initShaderEv
                0x0000000000019e3c       0xf0 rsxdebugfontrenderer.o
 .text._ZN20RSXDebugFontRenderer4initEv
                0x0000000000019f2c      0x244 rsxdebugfontrenderer.o
 .text._ZN20RSXDebugFontRenderer8shutdownEv
                0x000000000001a170       0x2c rsxdebugfontrenderer.o
 .text._ZN20RSXDebugFontRenderer10printStartEffff
                0x000000000001a19c      0x2a0 rsxdebugfontrenderer.o
 .text._ZN20RSXDebugFontRenderer9printPassEPN9DebugFont8PositionEPNS0_8TexCoordEPNS0_5ColorEi
                0x000000000001a43c      0x244 rsxdebugfontrenderer.o
 .text._ZN20RSXDebugFontRenderer8printEndEv
                0x000000000001a680       0x6c rsxdebugfontrenderer.o
 .text          0x000000000001a6ec        0x0 /usr/local/ps3dev/psl1ght/ppu/lib/libsimdmath.a(rsqrtf4.o)
 *fill*         0x000000000001a6ec        0x4 60000000
 .text.rsqrtf4  0x000000000001a6f0       0x38 /usr/local/ps3dev/psl1ght/ppu/lib/libsimdmath.a(rsqrtf4.o)
 .text          0x000000000001a728        0x0 /usr/local/ps3dev/psl1ght/ppu/lib/librsx.a(init.o)
 .text.rsxInit  0x000000000001a728       0x9c /usr/local/ps3dev/psl1ght/ppu/lib/librsx.a(init.o)
 *fill*         0x000000000001a7c4        0x4 60000000
 .text.rsxSetupContextData
                0x000000000001a7c8       0x48 /usr/local/ps3dev/psl1ght/ppu/lib/librsx.a(init.o)
 .text.rsxSetCurrentBuffer
                0x000000000001a810       0x48 /usr/local/ps3dev/psl1ght/ppu/lib/librsx.a(init.o)
 .text.rsxSetDefaultCommandBuffer
                0x000000000001a858       0x50 /usr/local/ps3dev/psl1ght/ppu/lib/librsx.a(init.o)
 .text.rsxSetUserCallback
                0x000000000001a8a8       0x18 /usr/local/ps3dev/psl1ght/ppu/lib/librsx.a(init.o)
 .text.rsxGetCurrentBuffer
                0x000000000001a8c0       0x1c /usr/local/ps3dev/psl1ght/ppu/lib/librsx.a(init.o)
 .text          0x000000000001a8dc        0x0 /usr/local/ps3dev/psl1ght/ppu/lib/librsx.a(buffer.o)
 *fill*         0x000000000001a8dc        0x4 60000000
 .text.rsxResetCommandBufferUnsafe
                0x000000000001a8e0       0x80 /usr/local/ps3dev/psl1ght/ppu/lib/librsx.a(buffer.o)
 .text.rsxFlushBufferUnsafe
                0x000000000001a960       0x78 /usr/local/ps3dev/psl1ght/ppu/lib/librsx.a(buffer.o)
 .text.rsxFinishUnsafe
                0x000000000001a9d8       0x84 /usr/local/ps3dev/psl1ght/ppu/lib/librsx.a(buffer.o)
 *fill*         0x000000000001aa5c        0x4 60000000
 .text.rsxResetCommandBuffer
                0x000000000001aa60       0x80 /usr/local/ps3dev/psl1ght/ppu/lib/librsx.a(buffer.o)
 .text.rsxFlushBuffer
                0x000000000001aae0       0x10 /usr/local/ps3dev/psl1ght/ppu/lib/librsx.a(buffer.o)
 .text.rsxFinish
                0x000000000001aaf0       0x84 /usr/local/ps3dev/psl1ght/ppu/lib/librsx.a(buffer.o)
 .text          0x000000000001ab74        0x0 /usr/local/ps3dev/psl1ght/ppu/lib/librsx.a(commands.o)
 *fill*         0x000000000001ab74        0x4 60000000
 .text.rsxSetReturnCommandUnsafe
                0x000000000001ab78       0x24 /usr/local/ps3dev/psl1ght/ppu/lib/librsx.a(commands.o)
 *fill*         0x000000000001ab9c        0x4 60000000
 .text.rsxSetCallCommandUnsafe
                0x000000000001aba0       0x24 /usr/local/ps3dev/psl1ght/ppu/lib/librsx.a(commands.o)
 *fill*         0x000000000001abc4        0x4 60000000
 .text.rsxSetJumpCommandUnsafe
                0x000000000001abc8       0x24 /usr/local/ps3dev/psl1ght/ppu/lib/librsx.a(commands.o)
 *fill*         0x000000000001abec        0x4 60000000
 .text.rsxSetNopCommandUnsafe
                0x000000000001abf0       0x98 /usr/local/ps3dev/psl1ght/ppu/lib/librsx.a(commands.o)
 .text.rsxSetSkipNopUnsafe
                0x000000000001ac88       0x34 /usr/local/ps3dev/psl1ght/ppu/lib/librsx.a(commands.o)
 *fill*         0x000000000001acbc        0x4 60000000
 .text.rsxSetClearColorUnsafe
                0x000000000001acc0       0x2c /usr/local/ps3dev/psl1ght/ppu/lib/librsx.a(commands.o)
 *fill*         0x000000000001acec        0x4 60000000
 .text.rsxSetClearDepthStencilUnsafe
                0x000000000001acf0       0x2c /usr/local/ps3dev/psl1ght/ppu/lib/librsx.a(commands.o)
 *fill*         0x000000000001ad1c        0x4 60000000
 .text.rsxSetReferenceCommandUnsafe
                0x000000000001ad20       0x2c /usr/local/ps3dev/psl1ght/ppu/lib/librsx.a(commands.o)
 *fill*         0x000000000001ad4c        0x4 60000000
 .text.rsxSetWriteBackendLabelUnsafe
                0x000000000001ad50       0x58 /usr/local/ps3dev/psl1ght/ppu/lib/librsx.a(commands.o)
 .text.rsxSetWriteTextureLabelUnsafe
                0x000000000001ada8       0x40 /usr/local/ps3dev/psl1ght/ppu/lib/librsx.a(commands.o)
 .text.rsxSetWaitLabelUnsafe
                0x000000000001ade8       0x40 /usr/local/ps3dev/psl1ght/ppu/lib/librsx.a(commands.o)
 .text.rsxSetWriteCommandLabelUnsafe
                0x000000000001ae28       0x40 /usr/local/ps3dev/psl1ght/ppu/lib/librsx.a(commands.o)
 .text.rsxSetSurfaceUnsafe
                0x000000000001ae68      0x1cc /usr/local/ps3dev/psl1ght/ppu/lib/librsx.a(commands.o)
 *fill*         0x000000000001b034        0x4 60000000
 .text.rsxSetColorMaskUnsafe
                0x000000000001b038       0x2c /usr/local/ps3dev/psl1ght/ppu/lib/librsx.a(commands.o)
 *fill*         0x000000000001b064        0x4 60000000
 .text.rsxSetColorMaskMrtUnsafe
                0x000000000001b068       0x2c /usr/local/ps3dev/psl1ght/ppu/lib/librsx.a(commands.o)
 *fill*         0x000000000001b094        0x4 60000000
 .text.rsxSetShadeModelUnsafe
                0x000000000001b098       0x2c /usr/local/ps3dev/psl1ght/ppu/lib/librsx.a(commands.o)
 *fill*         0x000000000001b0c4        0x4 60000000
 .text.rsxSetViewportUnsafe
                0x000000000001b0c8      0x108 /usr/local/ps3dev/psl1ght/ppu/lib/librsx.a(commands.o)
 .text.rsxSetViewportClipUnsafe
                0x000000000001b1d0       0x44 /usr/local/ps3dev/psl1ght/ppu/lib/librsx.a(commands.o)
 *fill*         0x000000000001b214        0x4 60000000
 .text.rsxSetUserClipPlaneControlUnsafe
                0x000000000001b218       0x54 /usr/local/ps3dev/psl1ght/ppu/lib/librsx.a(commands.o)
 *fill*         0x000000000001b26c        0x4 60000000
 .text.rsxSetDepthTestEnableUnsafe
                0x000000000001b270       0x2c /usr/local/ps3dev/psl1ght/ppu/lib/librsx.a(commands.o)
 *fill*         0x000000000001b29c        0x4 60000000
 .text.rsxSetDepthFuncUnsafe
                0x000000000001b2a0       0x2c /usr/local/ps3dev/psl1ght/ppu/lib/librsx.a(commands.o)
 *fill*         0x000000000001b2cc        0x4 60000000
 .text.rsxSetDepthWriteEnableUnsafe
                0x000000000001b2d0       0x2c /usr/local/ps3dev/psl1ght/ppu/lib/librsx.a(commands.o)
 *fill*         0x000000000001b2fc        0x4 60000000
 .text.rsxSetDepthFormatUnsafe
                0x000000000001b300       0x34 /usr/local/ps3dev/psl1ght/ppu/lib/librsx.a(commands.o)
 *fill*         0x000000000001b334        0x4 60000000
 .text.rsxSetCullFaceEnableUnsafe
                0x000000000001b338       0x2c /usr/local/ps3dev/psl1ght/ppu/lib/librsx.a(commands.o)
 *fill*         0x000000000001b364        0x4 60000000
 .text.rsxSetCullFaceUnsafe
                0x000000000001b368       0x2c /usr/local/ps3dev/psl1ght/ppu/lib/librsx.a(commands.o)
 *fill*         0x000000000001b394        0x4 60000000
 .text.rsxSetFrontFaceUnsafe
                0x000000000001b398       0x2c /usr/local/ps3dev/psl1ght/ppu/lib/librsx.a(commands.o)
 *fill*         0x000000000001b3c4        0x4 60000000
 .text.rsxSetFrontPolygonModeUnsafe
                0x000000000001b3c8       0x2c /usr/local/ps3dev/psl1ght/ppu/lib/librsx.a(commands.o)
 *fill*         0x000000000001b3f4        0x4 60000000
 .text.rsxSetBackPolygonModeUnsafe
                0x000000000001b3f8       0x2c /usr/local/ps3dev/psl1ght/ppu/lib/librsx.a(commands.o)
 *fill*         0x000000000001b424        0x4 60000000
 .text.rsxSetPolygonOffsetFillEnableUnsafe
                0x000000000001b428       0x2c /usr/local/ps3dev/psl1ght/ppu/lib/librsx.a(commands.o)
 *fill*         0x000000000001b454        0x4 60000000
 .text.rsxSetPolygonOffsetUnsafe
                0x000000000001b458       0x40 /usr/local/ps3dev/psl1ght/ppu/lib/librsx.a(commands.o)
 .text.rsxClearSurfaceUnsafe
                0x000000000001b498       0x3c /usr/local/ps3dev/psl1ght/ppu/lib/librsx.a(commands.o)
 *fill*         0x000000000001b4d4        0x4 60000000
 .text.rsxSetCylindricalWrapUnsafe
                0x000000000001b4d8       0x2c /usr/local/ps3dev/psl1ght/ppu/lib/librsx.a(commands.o)
 *fill*         0x000000000001b504        0x4 60000000
 .text.rsxSetTwoSideLightEnableUnsafe
                0x000000000001b508       0x2c /usr/local/ps3dev/psl1ght/ppu/lib/librsx.a(commands.o)
 *fill*         0x000000000001b534        0x4 60000000
 .text.rsxSetStencilFuncUnsafe
                0x000000000001b538       0x34 /usr/local/ps3dev/psl1ght/ppu/lib/librsx.a(commands.o)
 *fill*         0x000000000001b56c        0x4 60000000
 .text.rsxSetStencilMaskUnsafe
                0x000000000001b570       0x2c /usr/local/ps3dev/psl1ght/ppu/lib/librsx.a(commands.o)
 *fill*         0x000000000001b59c        0x4 60000000
 .text.rsxSetStencilOpUnsafe
                0x000000000001b5a0       0x34 /usr/local/ps3dev/psl1ght/ppu/lib/librsx.a(commands.o)
 *fill*         0x000000000001b5d4        0x4 60000000
 .text.rsxSetStencilTestEnableUnsafe
                0x000000000001b5d8       0x2c /usr/local/ps3dev/psl1ght/ppu/lib/librsx.a(commands.o)
 *fill*         0x000000000001b604        0x4 60000000
 .text.rsxSetBackStencilFuncUnsafe
                0x000000000001b608       0x34 /usr/local/ps3dev/psl1ght/ppu/lib/librsx.a(commands.o)
 *fill*         0x000000000001b63c        0x4 60000000
 .text.rsxSetBackStencilMaskUnsafe
                0x000000000001b640       0x2c /usr/local/ps3dev/psl1ght/ppu/lib/librsx.a(commands.o)
 *fill*         0x000000000001b66c        0x4 60000000
 .text.rsxSetBackStencilOpUnsafe
                0x000000000001b670       0x34 /usr/local/ps3dev/psl1ght/ppu/lib/librsx.a(commands.o)
 *fill*         0x000000000001b6a4        0x4 60000000
 .text.rsxSetTwoSidedStencilTestEnableUnsafe
                0x000000000001b6a8       0x2c /usr/local/ps3dev/psl1ght/ppu/lib/librsx.a(commands.o)
 *fill*         0x000000000001b6d4        0x4 60000000
 .text.rsxSetRenderEnableUnsafe
                0x000000000001b6d8       0x70 /usr/local/ps3dev/psl1ght/ppu/lib/librsx.a(commands.o)
 .text.rsxSetReportUnsafe
                0x000000000001b748       0x38 /usr/local/ps3dev/psl1ght/ppu/lib/librsx.a(commands.o)
 .text.rsxSetClearReportUnsafe
                0x000000000001b780       0x2c /usr/local/ps3dev/psl1ght/ppu/lib/librsx.a(commands.o)
 *fill*         0x000000000001b7ac        0x4 60000000
 .text.rsxSetZPixelCountEnableUnsafe
                0x000000000001b7b0       0x2c /usr/local/ps3dev/psl1ght/ppu/lib/librsx.a(commands.o)
 *fill*         0x000000000001b7dc        0x4 60000000
 .text.rsxSetSCullControlUnsafe
                0x000000000001b7e0       0x3c /usr/local/ps3dev/psl1ght/ppu/lib/librsx.a(commands.o)
 *fill*         0x000000000001b81c        0x4 60000000
 .text.rsxSetZCullLimitUnsafe
                0x000000000001b820       0x34 /usr/local/ps3dev/psl1ght/ppu/lib/librsx.a(commands.o)
 *fill*         0x000000000001b854        0x4 60000000
 .text.rsxSetZCullStatsEnableUnsafe
                0x000000000001b858       0x2c /usr/local/ps3dev/psl1ght/ppu/lib/librsx.a(commands.o)
 *fill*         0x000000000001b884        0x4 60000000
 .text.rsxSetZCullControlUnsafe
                0x000000000001b888       0x34 /usr/local/ps3dev/psl1ght/ppu/lib/librsx.a(commands.o)
 *fill*         0x000000000001b8bc        0x4 60000000
 .text.rsxSetClearZCullSurfaceUnsafe
                0x000000000001b8c0       0x34 /usr/local/ps3dev/psl1ght/ppu/lib/librsx.a(commands.o)
 *fill*         0x000000000001b8f4        0x4 60000000
 .text.rsxSetZCullEnableUnsafe
                0x000000000001b8f8       0x34 /usr/local/ps3dev/psl1ght/ppu/lib/librsx.a(commands.o)
 *fill*         0x000000000001b92c        0x4 60000000
 .text.rsxSetPolygonSmoothEnableUnsafe
                0x000000000001b930       0x2c /usr/local/ps3dev/psl1ght/ppu/lib/librsx.a(commands.o)
 *fill*         0x000000000001b95c        0x4 60000000
 .text.rsxSetDitherEnableUnsafe
                0x000000000001b960       0x2c /usr/local/ps3dev/psl1ght/ppu/lib/librsx.a(commands.o)
 *fill*         0x000000000001b98c        0x4 60000000
 .text.rsxLoadVertexProgramBlockUnsafe
                0x000000000001b990      0x2ac /usr/local/ps3dev/psl1ght/ppu/lib/librsx.a(commands.o)
 *fill*         0x000000000001bc3c        0x4 60000000
 .text.rsxLoadFragmentProgramLocationUnsafe
                0x000000000001bc40      0x16c /usr/local/ps3dev/psl1ght/ppu/lib/librsx.a(commands.o)
 *fill*         0x000000000001bdac        0x4 60000000
 .text.rsxUpdateFragmentProgramLocationUnsafe
                0x000000000001bdb0       0x38 /usr/local/ps3dev/psl1ght/ppu/lib/librsx.a(commands.o)
 .text.rsxSetFragmentProgramControlUnsafe
                0x000000000001bde8       0x54 /usr/local/ps3dev/psl1ght/ppu/lib/librsx.a(commands.o)
 *fill*         0x000000000001be3c        0x4 60000000
 .text.rsxLoadVertexProgramParameterBlockUnsafe
                0x000000000001be40      0x290 /usr/local/ps3dev/psl1ght/ppu/lib/librsx.a(commands.o)
 .text.rsxLoadVertexProgramUnsafe
                0x000000000001c0d0       0xec /usr/local/ps3dev/psl1ght/ppu/lib/librsx.a(commands.o)
 *fill*         0x000000000001c1bc        0x4 60000000
 .text.rsxSetVertexProgramParameterUnsafe
                0x000000000001c1c0      0x218 /usr/local/ps3dev/psl1ght/ppu/lib/librsx.a(commands.o)
 .text.rsxSetVertexProgramConstantsUnsafe
                0x000000000001c3d8      0x210 /usr/local/ps3dev/psl1ght/ppu/lib/librsx.a(commands.o)
 .text.rsxSetVertexAttribOutputMaskUnsafe
                0x000000000001c5e8       0x2c /usr/local/ps3dev/psl1ght/ppu/lib/librsx.a(commands.o)
 *fill*         0x000000000001c614        0x4 60000000
 .text.rsxSetFragmentProgramGammaEnableUnsafe
                0x000000000001c618       0x2c /usr/local/ps3dev/psl1ght/ppu/lib/librsx.a(commands.o)
 *fill*         0x000000000001c644        0x4 60000000
 .text.rsxDrawVertexBeginUnsafe
                0x000000000001c648       0x2c /usr/local/ps3dev/psl1ght/ppu/lib/librsx.a(commands.o)
 *fill*         0x000000000001c674        0x4 60000000
 .text.rsxDrawVertexEndUnsafe
                0x000000000001c678       0x2c /usr/local/ps3dev/psl1ght/ppu/lib/librsx.a(commands.o)
 *fill*         0x000000000001c6a4        0x4 60000000
 .text.rsxDrawVertex1fUnsafe
                0x000000000001c6a8       0x38 /usr/local/ps3dev/psl1ght/ppu/lib/librsx.a(commands.o)
 .text.rsxDrawVertex2fUnsafe
                0x000000000001c6e0       0x40 /usr/local/ps3dev/psl1ght/ppu/lib/librsx.a(commands.o)
 .text.rsxDrawVertex3fUnsafe
                0x000000000001c720       0x48 /usr/local/ps3dev/psl1ght/ppu/lib/librsx.a(commands.o)
 .text.rsxDrawVertex4fUnsafe
                0x000000000001c768       0x48 /usr/local/ps3dev/psl1ght/ppu/lib/librsx.a(commands.o)
 .text.rsxDrawVertex4sUnsafe
                0x000000000001c7b0       0x5c /usr/local/ps3dev/psl1ght/ppu/lib/librsx.a(commands.o)
 *fill*         0x000000000001c80c        0x4 60000000
 .text.rsxDrawVertexScaled4sUnsafe
                0x000000000001c810       0x5c /usr/local/ps3dev/psl1ght/ppu/lib/librsx.a(commands.o)
 *fill*         0x000000000001c86c        0x4 60000000
 .text.rsxDrawVertex2sUnsafe
                0x000000000001c870       0x44 /usr/local/ps3dev/psl1ght/ppu/lib/librsx.a(commands.o)
 *fill*         0x000000000001c8b4        0x4 60000000
 .text.rsxDrawVertex4ubUnsafe
                0x000000000001c8b8       0x34 /usr/local/ps3dev/psl1ght/ppu/lib/librsx.a(commands.o)
 *fill*         0x000000000001c8ec        0x4 60000000
 .text.rsxSetFrequencyDividerOperationUnsafe
                0x000000000001c8f0       0x2c /usr/local/ps3dev/psl1ght/ppu/lib/librsx.a(commands.o)
 *fill*         0x000000000001c91c        0x4 60000000
 .text.rsxInvalidateVertexCacheUnsafe
                0x000000000001c920       0x44 /usr/local/ps3dev/psl1ght/ppu/lib/librsx.a(commands.o)
 *fill*         0x000000000001c964        0x4 60000000
 .text.rsxInvalidateTextureCacheUnsafe
                0x000000000001c968       0x2c /usr/local/ps3dev/psl1ght/ppu/lib/librsx.a(commands.o)
 *fill*         0x000000000001c994        0x4 60000000
 .text.rsxLoadTextureUnsafe
                0x000000000001c998       0xc0 /usr/local/ps3dev/psl1ght/ppu/lib/librsx.a(commands.o)
 .text.rsxLoadVertexTextureUnsafe
                0x000000000001ca58       0x8c /usr/local/ps3dev/psl1ght/ppu/lib/librsx.a(commands.o)
 *fill*         0x000000000001cae4        0x4 60000000
 .text.rsxTextureControlUnsafe
                0x000000000001cae8       0x4c /usr/local/ps3dev/psl1ght/ppu/lib/librsx.a(commands.o)
 *fill*         0x000000000001cb34        0x4 60000000
 .text.rsxVertexTextureControlUnsafe
                0x000000000001cb38       0x44 /usr/local/ps3dev/psl1ght/ppu/lib/librsx.a(commands.o)
 *fill*         0x000000000001cb7c        0x4 60000000
 .text.rsxTextureFilterUnsafe
                0x000000000001cb80       0x44 /usr/local/ps3dev/psl1ght/ppu/lib/librsx.a(commands.o)
 *fill*         0x000000000001cbc4        0x4 60000000
 .text.rsxVertexTextureFilterUnsafe
                0x000000000001cbc8       0x30 /usr/local/ps3dev/psl1ght/ppu/lib/librsx.a(commands.o)
 .text.rsxTextureWrapModeUnsafe
                0x000000000001cbf8       0x58 /usr/local/ps3dev/psl1ght/ppu/lib/librsx.a(commands.o)
 .text.rsxVertexTextureWrapModeUnsafe
                0x000000000001cc50       0x38 /usr/local/ps3dev/psl1ght/ppu/lib/librsx.a(commands.o)
 .text.rsxTextureBorderColorUnsafe
                0x000000000001cc88       0x30 /usr/local/ps3dev/psl1ght/ppu/lib/librsx.a(commands.o)
 .text.rsxVertexTextureBorderColorUnsafe
                0x000000000001ccb8       0x30 /usr/local/ps3dev/psl1ght/ppu/lib/librsx.a(commands.o)
 .text.rsxTextureOptimizationUnsafe
                0x000000000001cce8       0x44 /usr/local/ps3dev/psl1ght/ppu/lib/librsx.a(commands.o)
 *fill*         0x000000000001cd2c        0x4 60000000
 .text.rsxTextureAnisoSpreadUnsafe
                0x000000000001cd30       0x5c /usr/local/ps3dev/psl1ght/ppu/lib/librsx.a(commands.o)
 *fill*         0x000000000001cd8c        0x4 60000000
 .text.rsxSetZControlUnsafe
                0x000000000001cd90       0x3c /usr/local/ps3dev/psl1ght/ppu/lib/librsx.a(commands.o)
 *fill*         0x000000000001cdcc        0x4 60000000
 .text.rsxBindVertexArrayAttribUnsafe
                0x000000000001cdd0       0x60 /usr/local/ps3dev/psl1ght/ppu/lib/librsx.a(commands.o)
 .text.rsxDrawVertexArrayUnsafe
                0x000000000001ce30      0x1e4 /usr/local/ps3dev/psl1ght/ppu/lib/librsx.a(commands.o)
 *fill*         0x000000000001d014        0x4 60000000
 .text.rsxDrawInlineVertexArrayUnsafe
                0x000000000001d018      0x1a0 /usr/local/ps3dev/psl1ght/ppu/lib/librsx.a(commands.o)
 .text.rsxDrawIndexArrayUnsafe
                0x000000000001d1b8      0x23c /usr/local/ps3dev/psl1ght/ppu/lib/librsx.a(commands.o)
 *fill*         0x000000000001d3f4        0x4 60000000
 .text.rsxDrawInlineIndexArray16Unsafe
                0x000000000001d3f8      0x208 /usr/local/ps3dev/psl1ght/ppu/lib/librsx.a(commands.o)
 .text.rsxDrawInlineIndexArray32Unsafe
                0x000000000001d600      0x1a8 /usr/local/ps3dev/psl1ght/ppu/lib/librsx.a(commands.o)
 .text.rsxSetScissorUnsafe
                0x000000000001d7a8       0x40 /usr/local/ps3dev/psl1ght/ppu/lib/librsx.a(commands.o)
 .text.rsxSetAntialiasingControlUnsafe
                0x000000000001d7e8       0x44 /usr/local/ps3dev/psl1ght/ppu/lib/librsx.a(commands.o)
 *fill*         0x000000000001d82c        0x4 60000000
 .text.rsxInlineTransferUnsafe
                0x000000000001d830      0x18c /usr/local/ps3dev/psl1ght/ppu/lib/librsx.a(commands.o)
 *fill*         0x000000000001d9bc        0x4 60000000
 .text.rsxSetFragmentProgramParameterUnsafe
                0x000000000001d9c0      0x5d8 /usr/local/ps3dev/psl1ght/ppu/lib/librsx.a(commands.o)
 .text.rsxSetAlphaFuncUnsafe
                0x000000000001df98       0x30 /usr/local/ps3dev/psl1ght/ppu/lib/librsx.a(commands.o)
 .text.rsxSetAlphaTestEnableUnsafe
                0x000000000001dfc8       0x2c /usr/local/ps3dev/psl1ght/ppu/lib/librsx.a(commands.o)
 *fill*         0x000000000001dff4        0x4 60000000
 .text.rsxSetBlendFuncUnsafe
                0x000000000001dff8       0x40 /usr/local/ps3dev/psl1ght/ppu/lib/librsx.a(commands.o)
 .text.rsxSetBlendEquationUnsafe
                0x000000000001e038       0x34 /usr/local/ps3dev/psl1ght/ppu/lib/librsx.a(commands.o)
 *fill*         0x000000000001e06c        0x4 60000000
 .text.rsxSetBlendColorUnsafe
                0x000000000001e070       0x3c /usr/local/ps3dev/psl1ght/ppu/lib/librsx.a(commands.o)
 *fill*         0x000000000001e0ac        0x4 60000000
 .text.rsxSetBlendEnableUnsafe
                0x000000000001e0b0       0x2c /usr/local/ps3dev/psl1ght/ppu/lib/librsx.a(commands.o)
 *fill*         0x000000000001e0dc        0x4 60000000
 .text.rsxSetBlendOptimizationUnsafe
                0x000000000001e0e0       0x2c /usr/local/ps3dev/psl1ght/ppu/lib/librsx.a(commands.o)
 *fill*         0x000000000001e10c        0x4 60000000
 .text.rsxSetBlendEnableMrtUnsafe
                0x000000000001e110       0x40 /usr/local/ps3dev/psl1ght/ppu/lib/librsx.a(commands.o)
 .text.rsxSetLogicOpUnsafe
                0x000000000001e150       0x2c /usr/local/ps3dev/psl1ght/ppu/lib/librsx.a(commands.o)
 *fill*         0x000000000001e17c        0x4 60000000
 .text.rsxSetLogicOpEnableUnsafe
                0x000000000001e180       0x2c /usr/local/ps3dev/psl1ght/ppu/lib/librsx.a(commands.o)
 *fill*         0x000000000001e1ac        0x4 60000000
 .text.rsxSetFogModeUnsafe
                0x000000000001e1b0       0x2c /usr/local/ps3dev/psl1ght/ppu/lib/librsx.a(commands.o)
 *fill*         0x000000000001e1dc        0x4 60000000
 .text.rsxSetFogParamsUnsafe
                0x000000000001e1e0       0x40 /usr/local/ps3dev/psl1ght/ppu/lib/librsx.a(commands.o)
 .text.rsxSetTransformBranchBitsUnsafe
                0x000000000001e220       0x2c /usr/local/ps3dev/psl1ght/ppu/lib/librsx.a(commands.o)
 *fill*         0x000000000001e24c        0x4 60000000
 .text.rsxSetPointSpriteControlUnsafe
                0x000000000001e250       0x48 /usr/local/ps3dev/psl1ght/ppu/lib/librsx.a(commands.o)
 .text.rsxSetPointSizeUnsafe
                0x000000000001e298       0x34 /usr/local/ps3dev/psl1ght/ppu/lib/librsx.a(commands.o)
 *fill*         0x000000000001e2cc        0x4 60000000
 .text.rsxSetTransferDataUnsafe
                0x000000000001e2d0       0xa0 /usr/local/ps3dev/psl1ght/ppu/lib/librsx.a(commands.o)
 .text.rsxSetTransferDataModeUnsafe
                0x000000000001e370       0x70 /usr/local/ps3dev/psl1ght/ppu/lib/librsx.a(commands.o)
 .text.rsxSetTransferDataOffsetUnsafe
                0x000000000001e3e0       0x40 /usr/local/ps3dev/psl1ght/ppu/lib/librsx.a(commands.o)
 .text.rsxSetTransferDataFormatUnsafe
                0x000000000001e420       0x44 /usr/local/ps3dev/psl1ght/ppu/lib/librsx.a(commands.o)
 *fill*         0x000000000001e464        0x4 60000000
 .text.rsxSetTransferImageUnsafe
                0x000000000001e468      0x1dc /usr/local/ps3dev/psl1ght/ppu/lib/librsx.a(commands.o)
 *fill*         0x000000000001e644        0x4 60000000
 .text.rsxSetTransferScaleModeUnsafe
                0x000000000001e648       0xe8 /usr/local/ps3dev/psl1ght/ppu/lib/librsx.a(commands.o)
 .text.rsxSetTransferScaleSurfaceUnsafe
                0x000000000001e730      0x140 /usr/local/ps3dev/psl1ght/ppu/lib/librsx.a(commands.o)
 .text.rsxSetTransferScaleSwizzleUnsafe
                0x000000000001e870      0x140 /usr/local/ps3dev/psl1ght/ppu/lib/librsx.a(commands.o)
 .text.rsxSetTimeStampUnsafe
                0x000000000001e9b0       0x34 /usr/local/ps3dev/psl1ght/ppu/lib/librsx.a(commands.o)
 *fill*         0x000000000001e9e4        0x4 60000000
 .text.rsxSetWaitForIdleUnsafe
                0x000000000001e9e8       0x2c /usr/local/ps3dev/psl1ght/ppu/lib/librsx.a(commands.o)
 *fill*         0x000000000001ea14        0x4 60000000
 .text.rsxContextCallback
                0x000000000001ea18       0x50 /usr/local/ps3dev/psl1ght/ppu/lib/librsx.a(commands.o)
 .text.rsxSetReturnCommand
                0x000000000001ea68       0x90 /usr/local/ps3dev/psl1ght/ppu/lib/librsx.a(commands.o)
 .text.rsxSetCallCommand
                0x000000000001eaf8       0x9c /usr/local/ps3dev/psl1ght/ppu/lib/librsx.a(commands.o)
 *fill*         0x000000000001eb94        0x4 60000000
 .text.rsxSetJumpCommand
                0x000000000001eb98       0x9c /usr/local/ps3dev/psl1ght/ppu/lib/librsx.a(commands.o)
 *fill*         0x000000000001ec34        0x4 60000000
 .text.rsxSetNopCommand
                0x000000000001ec38      0x118 /usr/local/ps3dev/psl1ght/ppu/lib/librsx.a(commands.o)
 .text.rsxSetSkipNop
                0x000000000001ed50       0xc0 /usr/local/ps3dev/psl1ght/ppu/lib/librsx.a(commands.o)
 .text.rsxSetClearColor
                0x000000000001ee10       0xa4 /usr/local/ps3dev/psl1ght/ppu/lib/librsx.a(commands.o)
 *fill*         0x000000000001eeb4        0x4 60000000
 .text.rsxSetClearDepthStencil
                0x000000000001eeb8       0xa4 /usr/local/ps3dev/psl1ght/ppu/lib/librsx.a(commands.o)
 *fill*         0x000000000001ef5c        0x4 60000000
 .text.rsxSetReferenceCommand
                0x000000000001ef60       0xa4 /usr/local/ps3dev/psl1ght/ppu/lib/librsx.a(commands.o)
 *fill*         0x000000000001f004        0x4 60000000
 .text.rsxSetWriteBackendLabel
                0x000000000001f008       0xd8 /usr/local/ps3dev/psl1ght/ppu/lib/librsx.a(commands.o)
 .text.rsxSetWriteTextureLabel
                0x000000000001f0e0       0xbc /usr/local/ps3dev/psl1ght/ppu/lib/librsx.a(commands.o)
 *fill*         0x000000000001f19c        0x4 60000000
 .text.rsxSetWaitLabel
                0x000000000001f1a0       0xbc /usr/local/ps3dev/psl1ght/ppu/lib/librsx.a(commands.o)
 *fill*         0x000000000001f25c        0x4 60000000
 .text.rsxSetWriteCommandLabel
                0x000000000001f260       0xbc /usr/local/ps3dev/psl1ght/ppu/lib/librsx.a(commands.o)
 *fill*         0x000000000001f31c        0x4 60000000
 .text.rsxSetSurface
                0x000000000001f320      0x254 /usr/local/ps3dev/psl1ght/ppu/lib/librsx.a(commands.o)
 *fill*         0x000000000001f574        0x4 60000000
 .text.rsxSetColorMask
                0x000000000001f578       0xa4 /usr/local/ps3dev/psl1ght/ppu/lib/librsx.a(commands.o)
 *fill*         0x000000000001f61c        0x4 60000000
 .text.rsxSetColorMaskMrt
                0x000000000001f620       0xa4 /usr/local/ps3dev/psl1ght/ppu/lib/librsx.a(commands.o)
 *fill*         0x000000000001f6c4        0x4 60000000
 .text.rsxSetShadeModel
                0x000000000001f6c8       0xa4 /usr/local/ps3dev/psl1ght/ppu/lib/librsx.a(commands.o)
 *fill*         0x000000000001f76c        0x4 60000000
 .text.rsxSetViewport
                0x000000000001f770      0x1e8 /usr/local/ps3dev/psl1ght/ppu/lib/librsx.a(commands.o)
 .text.rsxSetViewportClip
                0x000000000001f958       0xcc /usr/local/ps3dev/psl1ght/ppu/lib/librsx.a(commands.o)
 *fill*         0x000000000001fa24        0x4 60000000
 .text.rsxSetUserClipPlaneControl
                0x000000000001fa28       0xf4 /usr/local/ps3dev/psl1ght/ppu/lib/librsx.a(commands.o)
 *fill*         0x000000000001fb1c        0x4 60000000
 .text.rsxSetDepthTestEnable
                0x000000000001fb20       0xa4 /usr/local/ps3dev/psl1ght/ppu/lib/librsx.a(commands.o)
 *fill*         0x000000000001fbc4        0x4 60000000
 .text.rsxSetDepthFunc
                0x000000000001fbc8       0xa4 /usr/local/ps3dev/psl1ght/ppu/lib/librsx.a(commands.o)
 *fill*         0x000000000001fc6c        0x4 60000000
 .text.rsxSetDepthWriteEnable
                0x000000000001fc70       0xa4 /usr/local/ps3dev/psl1ght/ppu/lib/librsx.a(commands.o)
 *fill*         0x000000000001fd14        0x4 60000000
 .text.rsxSetDepthFormat
                0x000000000001fd18       0xac /usr/local/ps3dev/psl1ght/ppu/lib/librsx.a(commands.o)
 *fill*         0x000000000001fdc4        0x4 60000000
 .text.rsxSetCullFaceEnable
                0x000000000001fdc8       0xa4 /usr/local/ps3dev/psl1ght/ppu/lib/librsx.a(commands.o)
 *fill*         0x000000000001fe6c        0x4 60000000
 .text.rsxSetCullFace
                0x000000000001fe70       0xa4 /usr/local/ps3dev/psl1ght/ppu/lib/librsx.a(commands.o)
 *fill*         0x000000000001ff14        0x4 60000000
 .text.rsxSetFrontFace
                0x000000000001ff18       0xa4 /usr/local/ps3dev/psl1ght/ppu/lib/librsx.a(commands.o)
 *fill*         0x000000000001ffbc        0x4 60000000
 .text.rsxSetFrontPolygonMode
                0x000000000001ffc0       0xa4 /usr/local/ps3dev/psl1ght/ppu/lib/librsx.a(commands.o)
 *fill*         0x0000000000020064        0x4 60000000
 .text.rsxSetBackPolygonMode
                0x0000000000020068       0xa4 /usr/local/ps3dev/psl1ght/ppu/lib/librsx.a(commands.o)
 *fill*         0x000000000002010c        0x4 60000000
 .text.rsxSetPolygonOffsetFillEnable
                0x0000000000020110       0xa4 /usr/local/ps3dev/psl1ght/ppu/lib/librsx.a(commands.o)
 *fill*         0x00000000000201b4        0x4 60000000
 .text.rsxSetPolygonOffset
                0x00000000000201b8       0xc0 /usr/local/ps3dev/psl1ght/ppu/lib/librsx.a(commands.o)
 .text.rsxClearSurface
                0x0000000000020278       0xb4 /usr/local/ps3dev/psl1ght/ppu/lib/librsx.a(commands.o)
 *fill*         0x000000000002032c        0x4 60000000
 .text.rsxSetCylindricalWrap
                0x0000000000020330       0xa4 /usr/local/ps3dev/psl1ght/ppu/lib/librsx.a(commands.o)
 *fill*         0x00000000000203d4        0x4 60000000
 .text.rsxSetTwoSideLightEnable
                0x00000000000203d8       0xa4 /usr/local/ps3dev/psl1ght/ppu/lib/librsx.a(commands.o)
 *fill*         0x000000000002047c        0x4 60000000
 .text.rsxSetStencilFunc
                0x0000000000020480       0xbc /usr/local/ps3dev/psl1ght/ppu/lib/librsx.a(commands.o)
 *fill*         0x000000000002053c        0x4 60000000
 .text.rsxSetStencilMask
                0x0000000000020540       0xa4 /usr/local/ps3dev/psl1ght/ppu/lib/librsx.a(commands.o)
 *fill*         0x00000000000205e4        0x4 60000000
 .text.rsxSetStencilOp
                0x00000000000205e8       0xbc /usr/local/ps3dev/psl1ght/ppu/lib/librsx.a(commands.o)
 *fill*         0x00000000000206a4        0x4 60000000
 .text.rsxSetStencilTestEnable
                0x00000000000206a8       0xa4 /usr/local/ps3dev/psl1ght/ppu/lib/librsx.a(commands.o)
 *fill*         0x000000000002074c        0x4 60000000
 .text.rsxSetBackStencilFunc
                0x0000000000020750       0xbc /usr/local/ps3dev/psl1ght/ppu/lib/librsx.a(commands.o)
 *fill*         0x000000000002080c        0x4 60000000
 .text.rsxSetBackStencilMask
                0x0000000000020810       0xa4 /usr/local/ps3dev/psl1ght/ppu/lib/librsx.a(commands.o)
 *fill*         0x00000000000208b4        0x4 60000000
 .text.rsxSetBackStencilOp
                0x00000000000208b8       0xbc /usr/local/ps3dev/psl1ght/ppu/lib/librsx.a(commands.o)
 *fill*         0x0000000000020974        0x4 60000000
 .text.rsxSetTwoSidedStencilTestEnable
                0x0000000000020978       0xa4 /usr/local/ps3dev/psl1ght/ppu/lib/librsx.a(commands.o)
 *fill*         0x0000000000020a1c        0x4 60000000
 .text.rsxSetRenderEnable
                0x0000000000020a20      0x124 /usr/local/ps3dev/psl1ght/ppu/lib/librsx.a(commands.o)
 *fill*         0x0000000000020b44        0x4 60000000
 .text.rsxSetReport
                0x0000000000020b48       0xc0 /usr/local/ps3dev/psl1ght/ppu/lib/librsx.a(commands.o)
 .text.rsxSetClearReport
                0x0000000000020c08       0xa4 /usr/local/ps3dev/psl1ght/ppu/lib/librsx.a(commands.o)
 *fill*         0x0000000000020cac        0x4 60000000
 .text.rsxSetZPixelCountEnable
                0x0000000000020cb0       0xa4 /usr/local/ps3dev/psl1ght/ppu/lib/librsx.a(commands.o)
 *fill*         0x0000000000020d54        0x4 60000000
 .text.rsxSetSCullControl
                0x0000000000020d58       0xc4 /usr/local/ps3dev/psl1ght/ppu/lib/librsx.a(commands.o)
 *fill*         0x0000000000020e1c        0x4 60000000
 .text.rsxSetZCullLimit
                0x0000000000020e20       0xb4 /usr/local/ps3dev/psl1ght/ppu/lib/librsx.a(commands.o)
 *fill*         0x0000000000020ed4        0x4 60000000
 .text.rsxSetZCullStatsEnable
                0x0000000000020ed8       0xa4 /usr/local/ps3dev/psl1ght/ppu/lib/librsx.a(commands.o)
 *fill*         0x0000000000020f7c        0x4 60000000
 .text.rsxSetZCullControl
                0x0000000000020f80       0xb4 /usr/local/ps3dev/psl1ght/ppu/lib/librsx.a(commands.o)
 *fill*         0x0000000000021034        0x4 60000000
 .text.rsxSetClearZCullSurface
                0x0000000000021038       0xb4 /usr/local/ps3dev/psl1ght/ppu/lib/librsx.a(commands.o)
 *fill*         0x00000000000210ec        0x4 60000000
 .text.rsxSetZCullEnable
                0x00000000000210f0       0xb4 /usr/local/ps3dev/psl1ght/ppu/lib/librsx.a(commands.o)
 *fill*         0x00000000000211a4        0x4 60000000
 .text.rsxSetPolygonSmoothEnable
                0x00000000000211a8       0xa4 /usr/local/ps3dev/psl1ght/ppu/lib/librsx.a(commands.o)
 *fill*         0x000000000002124c        0x4 60000000
 .text.rsxSetDitherEnable
                0x0000000000021250       0xa4 /usr/local/ps3dev/psl1ght/ppu/lib/librsx.a(commands.o)
 *fill*         0x00000000000212f4        0x4 60000000
 .text.rsxLoadVertexProgramBlock
                0x00000000000212f8      0x384 /usr/local/ps3dev/psl1ght/ppu/lib/librsx.a(commands.o)
 *fill*         0x000000000002167c        0x4 60000000
 .text.rsxLoadFragmentProgramLocation
                0x0000000000021680      0x228 /usr/local/ps3dev/psl1ght/ppu/lib/librsx.a(commands.o)
 .text.rsxUpdateFragmentProgramLocation
                0x00000000000218a8       0xbc /usr/local/ps3dev/psl1ght/ppu/lib/librsx.a(commands.o)
 *fill*         0x0000000000021964        0x4 60000000
 .text.rsxSetFragmentProgramControl
                0x0000000000021968       0xd4 /usr/local/ps3dev/psl1ght/ppu/lib/librsx.a(commands.o)
 *fill*         0x0000000000021a3c        0x4 60000000
 .text.rsxLoadVertexProgramParameterBlock
                0x0000000000021a40      0x320 /usr/local/ps3dev/psl1ght/ppu/lib/librsx.a(commands.o)
 .text.rsxLoadVertexProgram
                0x0000000000021d60       0xec /usr/local/ps3dev/psl1ght/ppu/lib/librsx.a(commands.o)
 *fill*         0x0000000000021e4c        0x4 60000000
 .text.rsxSetVertexProgramParameter
                0x0000000000021e50      0x218 /usr/local/ps3dev/psl1ght/ppu/lib/librsx.a(commands.o)
 .text.rsxSetVertexProgramConstants
                0x0000000000022068      0x29c /usr/local/ps3dev/psl1ght/ppu/lib/librsx.a(commands.o)
 *fill*         0x0000000000022304        0x4 60000000
 .text.rsxSetVertexAttribOutputMask
                0x0000000000022308       0xa4 /usr/local/ps3dev/psl1ght/ppu/lib/librsx.a(commands.o)
 *fill*         0x00000000000223ac        0x4 60000000
 .text.rsxSetFragmentProgramGammaEnable
                0x00000000000223b0       0xa4 /usr/local/ps3dev/psl1ght/ppu/lib/librsx.a(commands.o)
 *fill*         0x0000000000022454        0x4 60000000
 .text.rsxDrawVertexBegin
                0x0000000000022458       0xa4 /usr/local/ps3dev/psl1ght/ppu/lib/librsx.a(commands.o)
 *fill*         0x00000000000224fc        0x4 60000000
 .text.rsxDrawVertexEnd
                0x0000000000022500       0x98 /usr/local/ps3dev/psl1ght/ppu/lib/librsx.a(commands.o)
 .text.rsxDrawVertex1f
                0x0000000000022598       0xc0 /usr/local/ps3dev/psl1ght/ppu/lib/librsx.a(commands.o)
 .text.rsxDrawVertex2f
                0x0000000000022658       0xbc /usr/local/ps3dev/psl1ght/ppu/lib/librsx.a(commands.o)
 *fill*         0x0000000000022714        0x4 60000000
 .text.rsxDrawVertex3f
                0x0000000000022718       0xbc /usr/local/ps3dev/psl1ght/ppu/lib/librsx.a(commands.o)
 *fill*         0x00000000000227d4        0x4 60000000
 .text.rsxDrawVertex4f
                0x00000000000227d8       0xbc /usr/local/ps3dev/psl1ght/ppu/lib/librsx.a(commands.o)
 *fill*         0x0000000000022894        0x4 60000000
 .text.rsxDrawVertex4s
                0x0000000000022898       0xdc /usr/local/ps3dev/psl1ght/ppu/lib/librsx.a(commands.o)
 *fill*         0x0000000000022974        0x4 60000000
 .text.rsxDrawVertexScaled4s
                0x0000000000022978       0xdc /usr/local/ps3dev/psl1ght/ppu/lib/librsx.a(commands.o)
 *fill*         0x0000000000022a54        0x4 60000000
 .text.rsxDrawVertex2s
                0x0000000000022a58       0xc4 /usr/local/ps3dev/psl1ght/ppu/lib/librsx.a(commands.o)
 *fill*         0x0000000000022b1c        0x4 60000000
 .text.rsxDrawVertex4ub
                0x0000000000022b20       0xb4 /usr/local/ps3dev/psl1ght/ppu/lib/librsx.a(commands.o)
 *fill*         0x0000000000022bd4        0x4 60000000
 .text.rsxSetFrequencyDividerOperation
                0x0000000000022bd8       0xa4 /usr/local/ps3dev/psl1ght/ppu/lib/librsx.a(commands.o)
 *fill*         0x0000000000022c7c        0x4 60000000
 .text.rsxInvalidateVertexCache
                0x0000000000022c80       0xb0 /usr/local/ps3dev/psl1ght/ppu/lib/librsx.a(commands.o)
 .text.rsxInvalidateTextureCache
                0x0000000000022d30       0xa4 /usr/local/ps3dev/psl1ght/ppu/lib/librsx.a(commands.o)
 *fill*         0x0000000000022dd4        0x4 60000000
 .text.rsxLoadTexture
                0x0000000000022dd8      0x144 /usr/local/ps3dev/psl1ght/ppu/lib/librsx.a(commands.o)
 *fill*         0x0000000000022f1c        0x4 60000000
 .text.rsxLoadVertexTexture
                0x0000000000022f20      0x134 /usr/local/ps3dev/psl1ght/ppu/lib/librsx.a(commands.o)
 *fill*         0x0000000000023054        0x4 60000000
 .text.rsxTextureControl
                0x0000000000023058       0xe4 /usr/local/ps3dev/psl1ght/ppu/lib/librsx.a(commands.o)
 *fill*         0x000000000002313c        0x4 60000000
 .text.rsxVertexTextureControl
                0x0000000000023140       0xd4 /usr/local/ps3dev/psl1ght/ppu/lib/librsx.a(commands.o)
 *fill*         0x0000000000023214        0x4 60000000
 .text.rsxTextureFilter
                0x0000000000023218       0xdc /usr/local/ps3dev/psl1ght/ppu/lib/librsx.a(commands.o)
 *fill*         0x00000000000232f4        0x4 60000000
 .text.rsxVertexTextureFilter
                0x00000000000232f8       0xb4 /usr/local/ps3dev/psl1ght/ppu/lib/librsx.a(commands.o)
 *fill*         0x00000000000233ac        0x4 60000000
 .text.rsxTextureWrapMode
                0x00000000000233b0      0x104 /usr/local/ps3dev/psl1ght/ppu/lib/librsx.a(commands.o)
 *fill*         0x00000000000234b4        0x4 60000000
 .text.rsxVertexTextureWrapMode
                0x00000000000234b8       0xc4 /usr/local/ps3dev/psl1ght/ppu/lib/librsx.a(commands.o)
 *fill*         0x000000000002357c        0x4 60000000
 .text.rsxTextureBorderColor
                0x0000000000023580       0xb4 /usr/local/ps3dev/psl1ght/ppu/lib/librsx.a(commands.o)
 *fill*         0x0000000000023634        0x4 60000000
 .text.rsxVertexTextureBorderColor
                0x0000000000023638       0xb4 /usr/local/ps3dev/psl1ght/ppu/lib/librsx.a(commands.o)
 *fill*         0x00000000000236ec        0x4 60000000
 .text.rsxTextureOptimization
                0x00000000000236f0       0xd4 /usr/local/ps3dev/psl1ght/ppu/lib/librsx.a(commands.o)
 *fill*         0x00000000000237c4        0x4 60000000
 .text.rsxTextureAnisoSpread
                0x00000000000237c8       0xe0 /usr/local/ps3dev/psl1ght/ppu/lib/librsx.a(commands.o)
 .text.rsxSetZControl
                0x00000000000238a8       0xc4 /usr/local/ps3dev/psl1ght/ppu/lib/librsx.a(commands.o)
 *fill*         0x000000000002396c        0x4 60000000
 .text.rsxBindVertexArrayAttrib
                0x0000000000023970      0x10c /usr/local/ps3dev/psl1ght/ppu/lib/librsx.a(commands.o)
 *fill*         0x0000000000023a7c        0x4 60000000
 .text.rsxDrawVertexArray
                0x0000000000023a80      0x2ec /usr/local/ps3dev/psl1ght/ppu/lib/librsx.a(commands.o)
 *fill*         0x0000000000023d6c        0x4 60000000
 .text.rsxDrawInlineVertexArray
                0x0000000000023d70      0x294 /usr/local/ps3dev/psl1ght/ppu/lib/librsx.a(commands.o)
 *fill*         0x0000000000024004        0x4 60000000
 .text.rsxDrawIndexArray
                0x0000000000024008      0x398 /usr/local/ps3dev/psl1ght/ppu/lib/librsx.a(commands.o)
 .text.rsxDrawInlineIndexArray16
                0x00000000000243a0      0x334 /usr/local/ps3dev/psl1ght/ppu/lib/librsx.a(commands.o)
 *fill*         0x00000000000246d4        0x4 60000000
 .text.rsxDrawInlineIndexArray32
                0x00000000000246d8      0x29c /usr/local/ps3dev/psl1ght/ppu/lib/librsx.a(commands.o)
 *fill*         0x0000000000024974        0x4 60000000
 .text.rsxSetScissor
                0x0000000000024978       0xd4 /usr/local/ps3dev/psl1ght/ppu/lib/librsx.a(commands.o)
 *fill*         0x0000000000024a4c        0x4 60000000
 .text.rsxSetAntialiasingControl
                0x0000000000024a50       0xd4 /usr/local/ps3dev/psl1ght/ppu/lib/librsx.a(commands.o)
 *fill*         0x0000000000024b24        0x4 60000000
 .text.rsxInlineTransfer
                0x0000000000024b28      0x23c /usr/local/ps3dev/psl1ght/ppu/lib/librsx.a(commands.o)
 *fill*         0x0000000000024d64        0x4 60000000
 .text.rsxSetFragmentProgramParameter
                0x0000000000024d68      0x5d8 /usr/local/ps3dev/psl1ght/ppu/lib/librsx.a(commands.o)
 .text.rsxSetAlphaFunc
                0x0000000000025340       0xb4 /usr/local/ps3dev/psl1ght/ppu/lib/librsx.a(commands.o)
 *fill*         0x00000000000253f4        0x4 60000000
 .text.rsxSetAlphaTestEnable
                0x00000000000253f8       0xa4 /usr/local/ps3dev/psl1ght/ppu/lib/librsx.a(commands.o)
 *fill*         0x000000000002549c        0x4 60000000
 .text.rsxSetBlendFunc
                0x00000000000254a0       0xd4 /usr/local/ps3dev/psl1ght/ppu/lib/librsx.a(commands.o)
 *fill*         0x0000000000025574        0x4 60000000
 .text.rsxSetBlendEquation
                0x0000000000025578       0xb4 /usr/local/ps3dev/psl1ght/ppu/lib/librsx.a(commands.o)
 *fill*         0x000000000002562c        0x4 60000000
 .text.rsxSetBlendColor
                0x0000000000025630       0xbc /usr/local/ps3dev/psl1ght/ppu/lib/librsx.a(commands.o)
 *fill*         0x00000000000256ec        0x4 60000000
 .text.rsxSetBlendEnable
                0x00000000000256f0       0xa4 /usr/local/ps3dev/psl1ght/ppu/lib/librsx.a(commands.o)
 *fill*         0x0000000000025794        0x4 60000000
 .text.rsxSetBlendOptimization
                0x0000000000025798       0xa4 /usr/local/ps3dev/psl1ght/ppu/lib/librsx.a(commands.o)
 *fill*         0x000000000002583c        0x4 60000000
 .text.rsxSetBlendEnableMrt
                0x0000000000025840       0xcc /usr/local/ps3dev/psl1ght/ppu/lib/librsx.a(commands.o)
 *fill*         0x000000000002590c        0x4 60000000
 .text.rsxSetLogicOp
                0x0000000000025910       0xa4 /usr/local/ps3dev/psl1ght/ppu/lib/librsx.a(commands.o)
 *fill*         0x00000000000259b4        0x4 60000000
 .text.rsxSetLogicOpEnable
                0x00000000000259b8       0xa4 /usr/local/ps3dev/psl1ght/ppu/lib/librsx.a(commands.o)
 *fill*         0x0000000000025a5c        0x4 60000000
 .text.rsxSetFogMode
                0x0000000000025a60       0xa4 /usr/local/ps3dev/psl1ght/ppu/lib/librsx.a(commands.o)
 *fill*         0x0000000000025b04        0x4 60000000
 .text.rsxSetFogParams
                0x0000000000025b08       0xc0 /usr/local/ps3dev/psl1ght/ppu/lib/librsx.a(commands.o)
 .text.rsxSetTransformBranchBits
                0x0000000000025bc8       0xa4 /usr/local/ps3dev/psl1ght/ppu/lib/librsx.a(commands.o)
 *fill*         0x0000000000025c6c        0x4 60000000
 .text.rsxSetPointSpriteControl
                0x0000000000025c70       0xd4 /usr/local/ps3dev/psl1ght/ppu/lib/librsx.a(commands.o)
 *fill*         0x0000000000025d44        0x4 60000000
 .text.rsxSetPointSize
                0x0000000000025d48       0xac /usr/local/ps3dev/psl1ght/ppu/lib/librsx.a(commands.o)
 *fill*         0x0000000000025df4        0x4 60000000
 .text.rsxSetTransferData
                0x0000000000025df8      0x14c /usr/local/ps3dev/psl1ght/ppu/lib/librsx.a(commands.o)
 *fill*         0x0000000000025f44        0x4 60000000
 .text.rsxSetConvertSwizzleFormatUnsafe
                0x0000000000025f48      0x7a8 /usr/local/ps3dev/psl1ght/ppu/lib/librsx.a(commands.o)
 .text.rsxSetTransferDataMode
                0x00000000000266f0       0xec /usr/local/ps3dev/psl1ght/ppu/lib/librsx.a(commands.o)
 *fill*         0x00000000000267dc        0x4 60000000
 .text.rsxSetTransferDataOffset
                0x00000000000267e0       0xc4 /usr/local/ps3dev/psl1ght/ppu/lib/librsx.a(commands.o)
 *fill*         0x00000000000268a4        0x4 60000000
 .text.rsxSetTransferDataFormat
                0x00000000000268a8       0xe4 /usr/local/ps3dev/psl1ght/ppu/lib/librsx.a(commands.o)
 *fill*         0x000000000002698c        0x4 60000000
 .text.rsxSetTransferImage
                0x0000000000026990      0x274 /usr/local/ps3dev/psl1ght/ppu/lib/librsx.a(commands.o)
 *fill*         0x0000000000026c04        0x4 60000000
 .text.rsxSetTransferScaleMode
                0x0000000000026c08      0x178 /usr/local/ps3dev/psl1ght/ppu/lib/librsx.a(commands.o)
 .text.rsxSetTransferScaleSurface
                0x0000000000026d80      0x1bc /usr/local/ps3dev/psl1ght/ppu/lib/librsx.a(commands.o)
 *fill*         0x0000000000026f3c        0x4 60000000
 .text.rsxSetTransferScaleSwizzle
                0x0000000000026f40      0x1bc /usr/local/ps3dev/psl1ght/ppu/lib/librsx.a(commands.o)
 *fill*         0x00000000000270fc        0x4 60000000
 .text.rsxSetConvertSwizzleFormat
                0x0000000000027100      0x750 /usr/local/ps3dev/psl1ght/ppu/lib/librsx.a(commands.o)
 .text.rsxSetTimeStamp
                0x0000000000027850       0xac /usr/local/ps3dev/psl1ght/ppu/lib/librsx.a(commands.o)
 *fill*         0x00000000000278fc        0x4 60000000
 .text.rsxSetWaitForIdle
                0x0000000000027900       0x98 /usr/local/ps3dev/psl1ght/ppu/lib/librsx.a(commands.o)
 .text          0x0000000000027998        0x0 /usr/local/ps3dev/psl1ght/ppu/lib/librsx.a(mm.o)
 .text.rsxHeapInit
                0x0000000000027998       0x80 /usr/local/ps3dev/psl1ght/ppu/lib/librsx.a(mm.o)
 .text.rsxMemalign
                0x0000000000027a18       0x58 /usr/local/ps3dev/psl1ght/ppu/lib/librsx.a(mm.o)
 .text.rsxMalloc
                0x0000000000027a70       0x58 /usr/local/ps3dev/psl1ght/ppu/lib/librsx.a(mm.o)
 .text.rsxFree  0x0000000000027ac8       0x48 /usr/local/ps3dev/psl1ght/ppu/lib/librsx.a(mm.o)
 .text          0x0000000000027b10        0x0 /usr/local/ps3dev/psl1ght/ppu/lib/librsx.a(vertex_program.o)
 .text.rsxVertexProgramGetUCode
                0x0000000000027b10       0x28 /usr/local/ps3dev/psl1ght/ppu/lib/librsx.a(vertex_program.o)
 .text.rsxVertexProgramGetNumConst
                0x0000000000027b38       0x14 /usr/local/ps3dev/psl1ght/ppu/lib/librsx.a(vertex_program.o)
 *fill*         0x0000000000027b4c        0x4 60000000
 .text.rsxVertexProgramGetNumAttrib
                0x0000000000027b50       0x14 /usr/local/ps3dev/psl1ght/ppu/lib/librsx.a(vertex_program.o)
 *fill*         0x0000000000027b64        0x4 60000000
 .text.rsxVertexProgramGetConsts
                0x0000000000027b68       0x30 /usr/local/ps3dev/psl1ght/ppu/lib/librsx.a(vertex_program.o)
 .text.rsxVertexProgramGetConst
                0x0000000000027b98       0x74 /usr/local/ps3dev/psl1ght/ppu/lib/librsx.a(vertex_program.o)
 *fill*         0x0000000000027c0c        0x4 60000000
 .text.rsxVertexProgramGetAttribs
                0x0000000000027c10       0x30 /usr/local/ps3dev/psl1ght/ppu/lib/librsx.a(vertex_program.o)
 .text.rsxVertexProgramGetAttrib
                0x0000000000027c40       0x30 /usr/local/ps3dev/psl1ght/ppu/lib/librsx.a(vertex_program.o)
 .text          0x0000000000027c70        0x0 /usr/local/ps3dev/psl1ght/ppu/lib/librsx.a(fragment_program.o)
 .text.rsxFragmentProgramGetUCode
                0x0000000000027c70       0x28 /usr/local/ps3dev/psl1ght/ppu/lib/librsx.a(fragment_program.o)
 .text.rsxFragmentProgramGetNumConst
                0x0000000000027c98       0x14 /usr/local/ps3dev/psl1ght/ppu/lib/librsx.a(fragment_program.o)
 *fill*         0x0000000000027cac        0x4 60000000
 .text.rsxFragmentProgramGetConsts
                0x0000000000027cb0       0x30 /usr/local/ps3dev/psl1ght/ppu/lib/librsx.a(fragment_program.o)
 .text.rsxFragmentProgramGetConst
                0x0000000000027ce0       0x74 /usr/local/ps3dev/psl1ght/ppu/lib/librsx.a(fragment_program.o)
 *fill*         0x0000000000027d54        0x4 60000000
 .text.rsxFragmentProgramGetNumAttrib
                0x0000000000027d58       0x14 /usr/local/ps3dev/psl1ght/ppu/lib/librsx.a(fragment_program.o)
 *fill*         0x0000000000027d6c        0x4 60000000
 .text.rsxFragmentProgramGetAttribs
                0x0000000000027d70       0x30 /usr/local/ps3dev/psl1ght/ppu/lib/librsx.a(fragment_program.o)
 .text.rsxFragmentProgramGetAttrib
                0x0000000000027da0       0x30 /usr/local/ps3dev/psl1ght/ppu/lib/librsx.a(fragment_program.o)
 .text.rsxFragmentProgramGetConstOffsetTable
                0x0000000000027dd0       0x14 /usr/local/ps3dev/psl1ght/ppu/lib/librsx.a(fragment_program.o)
 .text          0x0000000000027de4        0x0 /usr/local/ps3dev/psl1ght/ppu/lib/librsx.a(rsx_internal.o)
 *fill*         0x0000000000027de4        0x4 60000000
 .text.__rsxGetAttrs
                0x0000000000027de8       0x18 /usr/local/ps3dev/psl1ght/ppu/lib/librsx.a(rsx_internal.o)
 .text.__rsxGetAttr
                0x0000000000027e00       0xcc /usr/local/ps3dev/psl1ght/ppu/lib/librsx.a(rsx_internal.o)
 *fill*         0x0000000000027ecc        0x4 60000000
 .text.__rsxGetConsts
                0x0000000000027ed0       0x18 /usr/local/ps3dev/psl1ght/ppu/lib/librsx.a(rsx_internal.o)
 .text.__rsxGetConstIndex
                0x0000000000027ee8       0xbc /usr/local/ps3dev/psl1ght/ppu/lib/librsx.a(rsx_internal.o)
 .text          0x0000000000027fa4        0x0 /usr/local/ps3dev/psl1ght/ppu/lib/libgcm_sys.a(sprx.o)
 .text          0x0000000000027fa4        0x0 /usr/local/ps3dev/psl1ght/ppu/lib/libio.a(sprx.o)
 .text          0x0000000000027fa4        0x0 /usr/local/ps3dev/psl1ght/ppu/lib/libsysutil.a(sprx.o)
 .text          0x0000000000027fa4        0x0 /usr/local/ps3dev/psl1ght/ppu/lib/libsysutil.a(sysutil_wrapper.o)
 *fill*         0x0000000000027fa4        0x4 60000000
 .text.sysUtilRegisterCallback
                0x0000000000027fa8       0x58 /usr/local/ps3dev/psl1ght/ppu/lib/libsysutil.a(sysutil_wrapper.o)
 .text.msgDialogOpen
                0x0000000000028000       0x58 /usr/local/ps3dev/psl1ght/ppu/lib/libsysutil.a(sysutil_wrapper.o)
 .text.msgDialogOpen2
                0x0000000000028058       0x58 /usr/local/ps3dev/psl1ght/ppu/lib/libsysutil.a(sysutil_wrapper.o)
 .text.msgDialogOpenErrorCode
                0x00000000000280b0       0x58 /usr/local/ps3dev/psl1ght/ppu/lib/libsysutil.a(sysutil_wrapper.o)
 .text.sysSaveListLoad2
                0x0000000000028108       0x74 /usr/local/ps3dev/psl1ght/ppu/lib/libsysutil.a(sysutil_wrapper.o)
 *fill*         0x000000000002817c        0x4 60000000
 .text.sysSaveListSave2
                0x0000000000028180       0x74 /usr/local/ps3dev/psl1ght/ppu/lib/libsysutil.a(sysutil_wrapper.o)
 *fill*         0x00000000000281f4        0x4 60000000
 .text.sysSaveListAutoLoad
                0x00000000000281f8       0x7c /usr/local/ps3dev/psl1ght/ppu/lib/libsysutil.a(sysutil_wrapper.o)
 *fill*         0x0000000000028274        0x4 60000000
 .text.sysSaveListAutoSave
                0x0000000000028278       0x7c /usr/local/ps3dev/psl1ght/ppu/lib/libsysutil.a(sysutil_wrapper.o)
 *fill*         0x00000000000282f4        0x4 60000000
 .text.sysSaveFixedLoad2
                0x00000000000282f8       0x74 /usr/local/ps3dev/psl1ght/ppu/lib/libsysutil.a(sysutil_wrapper.o)
 *fill*         0x000000000002836c        0x4 60000000
 .text.sysSaveFixedSave2
                0x0000000000028370       0x74 /usr/local/ps3dev/psl1ght/ppu/lib/libsysutil.a(sysutil_wrapper.o)
 *fill*         0x00000000000283e4        0x4 60000000
 .text.sysSaveAutoLoad2
                0x00000000000283e8       0x5c /usr/local/ps3dev/psl1ght/ppu/lib/libsysutil.a(sysutil_wrapper.o)
 *fill*         0x0000000000028444        0x4 60000000
 .text.sysSaveAutoSave2
                0x0000000000028448       0x5c /usr/local/ps3dev/psl1ght/ppu/lib/libsysutil.a(sysutil_wrapper.o)
 *fill*         0x00000000000284a4        0x4 60000000
 .text.sysGameThemeInstallFromBuffer
                0x00000000000284a8       0x58 /usr/local/ps3dev/psl1ght/ppu/lib/libsysutil.a(sysutil_wrapper.o)
 .text.sysDiscRegisterDiscChangeCallback
                0x0000000000028500       0x5c /usr/local/ps3dev/psl1ght/ppu/lib/libsysutil.a(sysutil_wrapper.o)
 *fill*         0x000000000002855c        0x4 60000000
 .text.sysGameDiscRegisterDiscChangeCallback
                0x0000000000028560       0x10 /usr/local/ps3dev/psl1ght/ppu/lib/libsysutil.a(sysutil_wrapper.o)
 .text.videoRegisterCallback
                0x0000000000028570       0x58 /usr/local/ps3dev/psl1ght/ppu/lib/libsysutil.a(sysutil_wrapper.o)
 .text          0x00000000000285c8        0x0 /usr/local/ps3dev/psl1ght/ppu/lib/librt.a(sbrk.o)
 .text.startup.sbrk_init
                0x00000000000285c8       0xb8 /usr/local/ps3dev/psl1ght/ppu/lib/librt.a(sbrk.o)
 .text.sbrk_deinit
                0x0000000000028680       0xc8 /usr/local/ps3dev/psl1ght/ppu/lib/librt.a(sbrk.o)
 .text.__librt_sbrk_r
                0x0000000000028748      0x2f4 /usr/local/ps3dev/psl1ght/ppu/lib/librt.a(sbrk.o)
 .text          0x0000000000028a3c        0x0 /usr/local/ps3dev/psl1ght/ppu/lib/librt.a(exit.o)
 *fill*         0x0000000000028a3c        0x4 60000000
 .text.__librt_exit
                0x0000000000028a40       0x30 /usr/local/ps3dev/psl1ght/ppu/lib/librt.a(exit.o)
 .text          0x0000000000028a70        0x0 /usr/local/ps3dev/psl1ght/ppu/lib/librt.a(close.o)
 .text.__librt_close_r
                0x0000000000028a70       0x88 /usr/local/ps3dev/psl1ght/ppu/lib/librt.a(close.o)
 .text          0x0000000000028af8        0x0 /usr/local/ps3dev/psl1ght/ppu/lib/librt.a(lseek.o)
 .text.__librt_lseek_r
                0x0000000000028af8       0x8c /usr/local/ps3dev/psl1ght/ppu/lib/librt.a(lseek.o)
 *fill*         0x0000000000028b84        0x4 60000000
 .text.__librt_lseek64_r
                0x0000000000028b88       0x10 /usr/local/ps3dev/psl1ght/ppu/lib/librt.a(lseek.o)
 .text          0x0000000000028b98        0x0 /usr/local/ps3dev/psl1ght/ppu/lib/librt.a(read.o)
 .text.__librt_read_r
                0x0000000000028b98      0x10c /usr/local/ps3dev/psl1ght/ppu/lib/librt.a(read.o)
 .text          0x0000000000028ca4        0x0 /usr/local/ps3dev/psl1ght/ppu/lib/librt.a(open.o)
 *fill*         0x0000000000028ca4        0x4 60000000
 .text.__librt_open_r
                0x0000000000028ca8      0x180 /usr/local/ps3dev/psl1ght/ppu/lib/librt.a(open.o)
 .text          0x0000000000028e28        0x0 /usr/local/ps3dev/psl1ght/ppu/lib/librt.a(sleep.o)
 .text.__librt_usleep_r
                0x0000000000028e28       0x50 /usr/local/ps3dev/psl1ght/ppu/lib/librt.a(sleep.o)
 .text.__librt_sleep_r
                0x0000000000028e78       0x6c /usr/local/ps3dev/psl1ght/ppu/lib/librt.a(sleep.o)
 .text          0x0000000000028ee4        0x0 /usr/local/ps3dev/psl1ght/ppu/lib/librt.a(write.o)
 *fill*         0x0000000000028ee4        0x4 60000000
 .text.__librt_write_r
                0x0000000000028ee8      0x104 /usr/local/ps3dev/psl1ght/ppu/lib/librt.a(write.o)
 .text          0x0000000000028fec        0x0 /usr/local/ps3dev/psl1ght/ppu/lib/librt.a(fstat.o)
 *fill*         0x0000000000028fec        0x4 60000000
 .text.__librt_fstat_r
                0x0000000000028ff0       0xd0 /usr/local/ps3dev/psl1ght/ppu/lib/librt.a(fstat.o)
 .text.__librt_fstat64_r
                0x00000000000290c0       0x10 /usr/local/ps3dev/psl1ght/ppu/lib/librt.a(fstat.o)
 .text.__librt_stat_r
                0x00000000000290d0       0xd0 /usr/local/ps3dev/psl1ght/ppu/lib/librt.a(fstat.o)
 .text.__librt_stat64_r
                0x00000000000291a0       0x10 /usr/local/ps3dev/psl1ght/ppu/lib/librt.a(fstat.o)
 .text          0x00000000000291b0        0x0 /usr/local/ps3dev/psl1ght/ppu/lib/librt.a(socket.o)
 .text.accept   0x00000000000291b0       0xe0 /usr/local/ps3dev/psl1ght/ppu/lib/librt.a(socket.o)
 .text.bind     0x0000000000029290       0x44 /usr/local/ps3dev/psl1ght/ppu/lib/librt.a(socket.o)
 *fill*         0x00000000000292d4        0x4 60000000
 .text.connect  0x00000000000292d8       0x44 /usr/local/ps3dev/psl1ght/ppu/lib/librt.a(socket.o)
 *fill*         0x000000000002931c        0x4 60000000
 .text.listen   0x0000000000029320       0x44 /usr/local/ps3dev/psl1ght/ppu/lib/librt.a(socket.o)
 *fill*         0x0000000000029364        0x4 60000000
 .text.socket   0x0000000000029368       0x5c /usr/local/ps3dev/psl1ght/ppu/lib/librt.a(socket.o)
 *fill*         0x00000000000293c4        0x4 60000000
 .text.send     0x00000000000293c8       0x4c /usr/local/ps3dev/psl1ght/ppu/lib/librt.a(socket.o)
 *fill*         0x0000000000029414        0x4 60000000
 .text.sendto   0x0000000000029418       0x44 /usr/local/ps3dev/psl1ght/ppu/lib/librt.a(socket.o)
 *fill*         0x000000000002945c        0x4 60000000
 .text.recv     0x0000000000029460       0x4c /usr/local/ps3dev/psl1ght/ppu/lib/librt.a(socket.o)
 *fill*         0x00000000000294ac        0x4 60000000
 .text.recvfrom
                0x00000000000294b0       0xd8 /usr/local/ps3dev/psl1ght/ppu/lib/librt.a(socket.o)
 .text.shutdown
                0x0000000000029588       0x44 /usr/local/ps3dev/psl1ght/ppu/lib/librt.a(socket.o)
 *fill*         0x00000000000295cc        0x4 60000000
 .text.inet_aton
                0x00000000000295d0       0xbc /usr/local/ps3dev/psl1ght/ppu/lib/librt.a(socket.o)
 *fill*         0x000000000002968c        0x4 60000000
 .text.inet_pton
                0x0000000000029690       0x48 /usr/local/ps3dev/psl1ght/ppu/lib/librt.a(socket.o)
 .text.select   0x00000000000296d8       0x3c /usr/local/ps3dev/psl1ght/ppu/lib/librt.a(socket.o)
 *fill*         0x0000000000029714        0x4 60000000
 .text.closesocket
                0x0000000000029718       0x44 /usr/local/ps3dev/psl1ght/ppu/lib/librt.a(socket.o)
 .text          0x000000000002975c        0x0 /usr/local/ps3dev/psl1ght/ppu/lib/librt.a(lock.o)
 *fill*         0x000000000002975c        0x4 60000000
 .text.__librt_sys_lwmutex_create_r
                0x0000000000029760       0x38 /usr/local/ps3dev/psl1ght/ppu/lib/librt.a(lock.o)
 .text.__librt_sys_lwmutex_destroy_r
                0x0000000000029798       0x34 /usr/local/ps3dev/psl1ght/ppu/lib/librt.a(lock.o)
 *fill*         0x00000000000297cc        0x4 60000000
 .text.__librt_sys_lwmutex_lock_r
                0x00000000000297d0       0x38 /usr/local/ps3dev/psl1ght/ppu/lib/librt.a(lock.o)
 .text.__librt_sys_lwmutex_trylock_r
                0x0000000000029808       0x34 /usr/local/ps3dev/psl1ght/ppu/lib/librt.a(lock.o)
 *fill*         0x000000000002983c        0x4 60000000
 .text.__librt_sys_lwmutex_unlock_r
                0x0000000000029840       0x34 /usr/local/ps3dev/psl1ght/ppu/lib/librt.a(lock.o)
 .text          0x0000000000029874        0x0 /usr/local/ps3dev/psl1ght/ppu/lib/librt.a(dirent.o)
 *fill*         0x0000000000029874        0x4 60000000
 .text.readdir_i
                0x0000000000029878      0x10c /usr/local/ps3dev/psl1ght/ppu/lib/librt.a(dirent.o)
 *fill*         0x0000000000029984        0x4 60000000
 .text.__librt_opendir_r
                0x0000000000029988      0x114 /usr/local/ps3dev/psl1ght/ppu/lib/librt.a(dirent.o)
 *fill*         0x0000000000029a9c        0x4 60000000
 .text.__librt_readdir_r
                0x0000000000029aa0       0x84 /usr/local/ps3dev/psl1ght/ppu/lib/librt.a(dirent.o)
 *fill*         0x0000000000029b24        0x4 60000000
 .text.__librt_readdir_r_r
                0x0000000000029b28       0x58 /usr/local/ps3dev/psl1ght/ppu/lib/librt.a(dirent.o)
 .text.__librt_closedir_r
                0x0000000000029b80       0x84 /usr/local/ps3dev/psl1ght/ppu/lib/librt.a(dirent.o)
 *fill*         0x0000000000029c04        0x4 60000000
 .text.__librt_telldir_r
                0x0000000000029c08       0x24 /usr/local/ps3dev/psl1ght/ppu/lib/librt.a(dirent.o)
 *fill*         0x0000000000029c2c        0x4 60000000
 .text.__librt_rewinddir_r
                0x0000000000029c30       0x18 /usr/local/ps3dev/psl1ght/ppu/lib/librt.a(dirent.o)
 .text.__librt_seekdir_r
                0x0000000000029c48       0x18 /usr/local/ps3dev/psl1ght/ppu/lib/librt.a(dirent.o)
 .text          0x0000000000029c60        0x0 /usr/local/ps3dev/psl1ght/ppu/lib/librt.a(mkdir.o)
 .text.__librt_mkdir_r
                0x0000000000029c60       0x60 /usr/local/ps3dev/psl1ght/ppu/lib/librt.a(mkdir.o)
 .text          0x0000000000029cc0        0x0 /usr/local/ps3dev/psl1ght/ppu/lib/librt.a(times.o)
 .text.__librt_times_r
                0x0000000000029cc0       0x1c /usr/local/ps3dev/psl1ght/ppu/lib/librt.a(times.o)
 .text          0x0000000000029cdc        0x0 /usr/local/ps3dev/psl1ght/ppu/lib/librt.a(umask.o)
 *fill*         0x0000000000029cdc        0x4 60000000
 .text.__librt_umask_r
                0x0000000000029ce0       0x20 /usr/local/ps3dev/psl1ght/ppu/lib/librt.a(umask.o)
 .text          0x0000000000029d00        0x0 /usr/local/ps3dev/psl1ght/ppu/lib/librt.a(lv2errno.o)
 .text.lv2error
                0x0000000000029d00      0x434 /usr/local/ps3dev/psl1ght/ppu/lib/librt.a(lv2errno.o)
 *fill*         0x000000000002a134        0x4 60000000
 .text.lv2errno
                0x000000000002a138       0x68 /usr/local/ps3dev/psl1ght/ppu/lib/librt.a(lv2errno.o)
 .text.lv2errno_r
                0x000000000002a1a0       0x58 /usr/local/ps3dev/psl1ght/ppu/lib/librt.a(lv2errno.o)
 .text          0x000000000002a1f8        0x0 /usr/local/ps3dev/psl1ght/ppu/lib/librt.a(heap.o)
 .text.__heap_block_split.isra.2
                0x000000000002a1f8      0x104 /usr/local/ps3dev/psl1ght/ppu/lib/librt.a(heap.o)
 *fill*         0x000000000002a2fc        0x4 60000000
 .text.heapInit
                0x000000000002a300      0x128 /usr/local/ps3dev/psl1ght/ppu/lib/librt.a(heap.o)
 .text.heapAllocateAligned
                0x000000000002a428      0x230 /usr/local/ps3dev/psl1ght/ppu/lib/librt.a(heap.o)
 .text.heapAllocate
                0x000000000002a658       0x14 /usr/local/ps3dev/psl1ght/ppu/lib/librt.a(heap.o)
 *fill*         0x000000000002a66c        0x4 60000000
 .text.heapFree
                0x000000000002a670      0x1fc /usr/local/ps3dev/psl1ght/ppu/lib/librt.a(heap.o)
 .text          0x000000000002a86c        0x0 /usr/local/ps3dev/psl1ght/ppu/lib/librt.a(chmod.o)
 *fill*         0x000000000002a86c        0x4 60000000
 .text.__librt_chmod_r
                0x000000000002a870       0x54 /usr/local/ps3dev/psl1ght/ppu/lib/librt.a(chmod.o)
 .text          0x000000000002a8c4        0x0 /usr/local/ps3dev/psl1ght/ppu/lib/librt.a(rename.o)
 *fill*         0x000000000002a8c4        0x4 60000000
 .text.__librt_rename_r
                0x000000000002a8c8       0x54 /usr/local/ps3dev/psl1ght/ppu/lib/librt.a(rename.o)
 .text          0x000000000002a91c        0x0 /usr/local/ps3dev/psl1ght/ppu/lib/librt.a(rmdir.o)
 *fill*         0x000000000002a91c        0x4 60000000
 .text.__librt_rmdir_r
                0x000000000002a920       0x50 /usr/local/ps3dev/psl1ght/ppu/lib/librt.a(rmdir.o)
 .text          0x000000000002a970        0x0 /usr/local/ps3dev/psl1ght/ppu/lib/librt.a(isatty.o)
 .text.__librt_isatty_r
                0x000000000002a970       0x2c /usr/local/ps3dev/psl1ght/ppu/lib/librt.a(isatty.o)
 .text          0x000000000002a99c        0x0 /usr/local/ps3dev/psl1ght/ppu/lib/librt.a(gettod.o)
 *fill*         0x000000000002a99c        0x4 60000000
 .text.__librt_gettod_r
                0x000000000002a9a0       0xb8 /usr/local/ps3dev/psl1ght/ppu/lib/librt.a(gettod.o)
 .text          0x000000000002aa58        0x0 /usr/local/ps3dev/psl1ght/ppu/lib/librt.a(settod.o)
 .text.__librt_settod_r
                0x000000000002aa58       0x58 /usr/local/ps3dev/psl1ght/ppu/lib/librt.a(settod.o)
 .text          0x000000000002aab0        0x0 /usr/local/ps3dev/psl1ght/ppu/lib/librt.a(unlink.o)
 .text.__librt_unlink_r
                0x000000000002aab0       0x50 /usr/local/ps3dev/psl1ght/ppu/lib/librt.a(unlink.o)
 .text          0x000000000002ab00        0x0 /usr/local/ps3dev/psl1ght/ppu/lib/librt.a(link.o)
 .text.__librt_link_r
                0x000000000002ab00       0x54 /usr/local/ps3dev/psl1ght/ppu/lib/librt.a(link.o)
 .text          0x000000000002ab54        0x0 /usr/local/ps3dev/psl1ght/ppu/lib/librt.a(truncate.o)
 *fill*         0x000000000002ab54        0x4 60000000
 .text.__librt_truncate_r
                0x000000000002ab58       0x54 /usr/local/ps3dev/psl1ght/ppu/lib/librt.a(truncate.o)
 *fill*         0x000000000002abac        0x4 60000000
 .text.__librt_ftruncate_r
                0x000000000002abb0       0x54 /usr/local/ps3dev/psl1ght/ppu/lib/librt.a(truncate.o)
 .text          0x000000000002ac04        0x0 /usr/local/ps3dev/psl1ght/ppu/lib/librt.a(fsync.o)
 *fill*         0x000000000002ac04        0x4 60000000
 .text.__librt_fsync_r
                0x000000000002ac08       0x50 /usr/local/ps3dev/psl1ght/ppu/lib/librt.a(fsync.o)
 .text          0x000000000002ac58        0x0 /usr/local/ps3dev/psl1ght/ppu/lib/librt.a(utime.o)
 .text.__librt_utime_r
                0x000000000002ac58       0xbc /usr/local/ps3dev/psl1ght/ppu/lib/librt.a(utime.o)
 .text          0x000000000002ad14        0x0 /usr/local/ps3dev/psl1ght/ppu/lib/liblv2.a(sprx.o)
 .text          0x000000000002ad14        0x0 /usr/local/ps3dev/psl1ght/ppu/lib/libpngdec.a(pngdec.o)
 *fill*         0x000000000002ad14        0x4 60000000
 .text.png_malloc
                0x000000000002ad18       0x30 /usr/local/ps3dev/psl1ght/ppu/lib/libpngdec.a(pngdec.o)
 .text.png_free
                0x000000000002ad48       0x30 /usr/local/ps3dev/psl1ght/ppu/lib/libpngdec.a(pngdec.o)
 .text.decodePNG
                0x000000000002ad78      0x2bc /usr/local/ps3dev/psl1ght/ppu/lib/libpngdec.a(pngdec.o)
 *fill*         0x000000000002b034        0x4 60000000
 .text.pngLoadFromFile
                0x000000000002b038       0x48 /usr/local/ps3dev/psl1ght/ppu/lib/libpngdec.a(pngdec.o)
 .text.pngLoadFromBuffer
                0x000000000002b080       0x54 /usr/local/ps3dev/psl1ght/ppu/lib/libpngdec.a(pngdec.o)
 .text          0x000000000002b0d4        0x0 /usr/local/ps3dev/psl1ght/ppu/lib/libpngdec.a(sprx.o)
 .text          0x000000000002b0d4        0x0 /usr/local/ps3dev/ppu/lib/gcc/powerpc64-ps3-elf/7.2.0/../../../../powerpc64-ps3-elf/lib/libstdc++.a(class_type_info.o)
 *fill*         0x000000000002b0d4        0x4 60000000
 .text._ZNK10__cxxabiv117__class_type_info11__do_upcastEPKS0_PPv
                0x000000000002b0d8       0x98 /usr/local/ps3dev/ppu/lib/gcc/powerpc64-ps3-elf/7.2.0/../../../../powerpc64-ps3-elf/lib/libstdc++.a(class_type_info.o)
 .text._ZNK10__cxxabiv117__class_type_info20__do_find_public_srcElPKvPKS0_S2_
                0x000000000002b170       0x24 /usr/local/ps3dev/ppu/lib/gcc/powerpc64-ps3-elf/7.2.0/../../../../powerpc64-ps3-elf/lib/libstdc++.a(class_type_info.o)
 *fill*         0x000000000002b194        0x4 60000000
 .text._ZN10__cxxabiv117__class_type_infoD2Ev
                0x000000000002b198       0x38 /usr/local/ps3dev/ppu/lib/gcc/powerpc64-ps3-elf/7.2.0/../../../../powerpc64-ps3-elf/lib/libstdc++.a(class_type_info.o)
 .text._ZN10__cxxabiv117__class_type_infoD0Ev
                0x000000000002b1d0       0x54 /usr/local/ps3dev/ppu/lib/gcc/powerpc64-ps3-elf/7.2.0/../../../../powerpc64-ps3-elf/lib/libstdc++.a(class_type_info.o)
 *fill*         0x000000000002b224        0x4 60000000
 .text._ZNK10__cxxabiv117__class_type_info12__do_dyncastElNS0_10__sub_kindEPKS0_PKvS3_S5_RNS0_16__dyncast_resultE
                0x000000000002b228      0x134 /usr/local/ps3dev/ppu/lib/gcc/powerpc64-ps3-elf/7.2.0/../../../../powerpc64-ps3-elf/lib/libstdc++.a(class_type_info.o)
 *fill*         0x000000000002b35c        0x4 60000000
 .text._ZNK10__cxxabiv117__class_type_info11__do_upcastEPKS0_PKvRNS0_15__upcast_resultE
                0x000000000002b360       0x8c /usr/local/ps3dev/ppu/lib/gcc/powerpc64-ps3-elf/7.2.0/../../../../powerpc64-ps3-elf/lib/libstdc++.a(class_type_info.o)
 *fill*         0x000000000002b3ec        0x4 60000000
 .text._ZNK10__cxxabiv117__class_type_info10__do_catchEPKSt9type_infoPPvj
                0x000000000002b3f0       0xfc /usr/local/ps3dev/ppu/lib/gcc/powerpc64-ps3-elf/7.2.0/../../../../powerpc64-ps3-elf/lib/libstdc++.a(class_type_info.o)
 .text          0x000000000002b4ec        0x0 /usr/local/ps3dev/ppu/lib/gcc/powerpc64-ps3-elf/7.2.0/../../../../powerpc64-ps3-elf/lib/libstdc++.a(del_ops.o)
 *fill*         0x000000000002b4ec        0x4 60000000
 .text._ZdlPvm  0x000000000002b4f0       0x30 /usr/local/ps3dev/ppu/lib/gcc/powerpc64-ps3-elf/7.2.0/../../../../powerpc64-ps3-elf/lib/libstdc++.a(del_ops.o)
 .text          0x000000000002b520        0x0 /usr/local/ps3dev/ppu/lib/gcc/powerpc64-ps3-elf/7.2.0/../../../../powerpc64-ps3-elf/lib/libstdc++.a(del_opv.o)
 .text._ZdaPv   0x000000000002b520       0x30 /usr/local/ps3dev/ppu/lib/gcc/powerpc64-ps3-elf/7.2.0/../../../../powerpc64-ps3-elf/lib/libstdc++.a(del_opv.o)
 .text          0x000000000002b550        0x0 /usr/local/ps3dev/ppu/lib/gcc/powerpc64-ps3-elf/7.2.0/../../../../powerpc64-ps3-elf/lib/libstdc++.a(eh_personality.o)
 .text._ZL16get_adjusted_ptrPKSt9type_infoS1_PPv
                0x000000000002b550       0xcc /usr/local/ps3dev/ppu/lib/gcc/powerpc64-ps3-elf/7.2.0/../../../../powerpc64-ps3-elf/lib/libstdc++.a(eh_personality.o)
 *fill*         0x000000000002b61c        0x4 60000000
 .text._ZL28read_encoded_value_with_basehmPKhPm
                0x000000000002b620      0x1c8 /usr/local/ps3dev/ppu/lib/gcc/powerpc64-ps3-elf/7.2.0/../../../../powerpc64-ps3-elf/lib/libstdc++.a(eh_personality.o)
 .text._ZL15get_ttype_entryP16lsda_header_infom
                0x000000000002b7e8      0x11c /usr/local/ps3dev/ppu/lib/gcc/powerpc64-ps3-elf/7.2.0/../../../../powerpc64-ps3-elf/lib/libstdc++.a(eh_personality.o)
 *fill*         0x000000000002b904        0x4 60000000
 .text._ZL20check_exception_specP16lsda_header_infoPKSt9type_infoPvl
                0x000000000002b908       0xe0 /usr/local/ps3dev/ppu/lib/gcc/powerpc64-ps3-elf/7.2.0/../../../../powerpc64-ps3-elf/lib/libstdc++.a(eh_personality.o)
 .text._ZL21base_of_encoded_valuehP15_Unwind_Context.part.3
                0x000000000002b9e8       0xec /usr/local/ps3dev/ppu/lib/gcc/powerpc64-ps3-elf/7.2.0/../../../../powerpc64-ps3-elf/lib/libstdc++.a(eh_personality.o)
 *fill*         0x000000000002bad4        0x4 60000000
 .text._ZL17parse_lsda_headerP15_Unwind_ContextPKhP16lsda_header_info
                0x000000000002bad8      0x160 /usr/local/ps3dev/ppu/lib/gcc/powerpc64-ps3-elf/7.2.0/../../../../powerpc64-ps3-elf/lib/libstdc++.a(eh_personality.o)
 .text.__gxx_personality_v0
                0x000000000002bc38      0x724 /usr/local/ps3dev/ppu/lib/gcc/powerpc64-ps3-elf/7.2.0/../../../../powerpc64-ps3-elf/lib/libstdc++.a(eh_personality.o)
 *fill*         0x000000000002c35c        0x4 60000000
 .text.__cxa_call_unexpected
                0x000000000002c360      0x128 /usr/local/ps3dev/ppu/lib/gcc/powerpc64-ps3-elf/7.2.0/../../../../powerpc64-ps3-elf/lib/libstdc++.a(eh_personality.o)
 .text          0x000000000002c488        0x0 /usr/local/ps3dev/ppu/lib/gcc/powerpc64-ps3-elf/7.2.0/../../../../powerpc64-ps3-elf/lib/libstdc++.a(eh_terminate.o)
 .text._ZN10__cxxabiv111__terminateEPFvvE
                0x000000000002c488       0x7c /usr/local/ps3dev/ppu/lib/gcc/powerpc64-ps3-elf/7.2.0/../../../../powerpc64-ps3-elf/lib/libstdc++.a(eh_terminate.o)
 *fill*         0x000000000002c504        0x4 60000000
 .text._ZSt9terminatev
                0x000000000002c508       0x30 /usr/local/ps3dev/ppu/lib/gcc/powerpc64-ps3-elf/7.2.0/../../../../powerpc64-ps3-elf/lib/libstdc++.a(eh_terminate.o)
 .text._ZN10__cxxabiv112__unexpectedEPFvvE
                0x000000000002c538       0x38 /usr/local/ps3dev/ppu/lib/gcc/powerpc64-ps3-elf/7.2.0/../../../../powerpc64-ps3-elf/lib/libstdc++.a(eh_terminate.o)
 .text._ZSt10unexpectedv
                0x000000000002c570       0x30 /usr/local/ps3dev/ppu/lib/gcc/powerpc64-ps3-elf/7.2.0/../../../../powerpc64-ps3-elf/lib/libstdc++.a(eh_terminate.o)
 .text._ZSt13set_terminatePFvvE
                0x000000000002c5a0       0x2c /usr/local/ps3dev/ppu/lib/gcc/powerpc64-ps3-elf/7.2.0/../../../../powerpc64-ps3-elf/lib/libstdc++.a(eh_terminate.o)
 *fill*         0x000000000002c5cc        0x4 60000000
 .text._ZSt13get_terminatev
                0x000000000002c5d0       0x24 /usr/local/ps3dev/ppu/lib/gcc/powerpc64-ps3-elf/7.2.0/../../../../powerpc64-ps3-elf/lib/libstdc++.a(eh_terminate.o)
 *fill*         0x000000000002c5f4        0x4 60000000
 .text._ZSt14set_unexpectedPFvvE
                0x000000000002c5f8       0x2c /usr/local/ps3dev/ppu/lib/gcc/powerpc64-ps3-elf/7.2.0/../../../../powerpc64-ps3-elf/lib/libstdc++.a(eh_terminate.o)
 *fill*         0x000000000002c624        0x4 60000000
 .text._ZSt14get_unexpectedv