Archive member included because of file (symbol)

/usr/local/ps3dev/psl1ght/ppu/lib/librsx.a(init.o)
                              rsxutil.o (rsxInit)
/usr/local/ps3dev/psl1ght/ppu/lib/librsx.a(buffer.o)
                              rsxutil.o (rsxFlushBuffer)
/usr/local/ps3dev/psl1ght/ppu/lib/librsx.a(commands.o)
                              /usr/local/ps3dev/psl1ght/ppu/lib/librsx.a(buffer.o) (rsxSetJumpCommandUnsafe)
/usr/local/ps3dev/psl1ght/ppu/lib/librsx.a(mm.o)
                              /usr/local/ps3dev/psl1ght/ppu/lib/librsx.a(init.o) (rsxHeapInit)
/usr/local/ps3dev/psl1ght/ppu/lib/librsx.a(vertex_program.o)
                              main.o (rsxVertexProgramGetUCode)
/usr/local/ps3dev/psl1ght/ppu/lib/librsx.a(fragment_program.o)
                              main.o (rsxFragmentProgramGetUCode)
/usr/local/ps3dev/psl1ght/ppu/lib/librsx.a(rsx_internal.o)
                              /usr/local/ps3dev/psl1ght/ppu/lib/librsx.a(vertex_program.o) (__rsxGetAttrs)
/usr/local/ps3dev/psl1ght/ppu/lib/libgcm_sys.a(sprx.o)
                              rsxutil.o (gcmSetFlip)
/usr/local/ps3dev/psl1ght/ppu/lib/libio.a(sprx.o)
                              main.o (ioPadInit)
/usr/local/ps3dev/psl1ght/ppu/lib/libsysutil.a(sprx.o)
                              rsxutil.o (videoGetResolutionAvailability)
/usr/local/ps3dev/psl1ght/ppu/lib/libsysutil.a(sysutil_wrapper.o)
                              main.o (sysUtilRegisterCallback)
/usr/local/ps3dev/psl1ght/ppu/lib/librt.a(sbrk.o)
                              /usr/local/ps3dev/ppu/lib/gcc/powerpc64-ps3-elf/7.2.0/../../../../powerpc64-ps3-elf/lib/lv2-crt0.o (__librt_sbrk_r)
/usr/local/ps3dev/psl1ght/ppu/lib/librt.a(exit.o)
                              /usr/local/ps3dev/ppu/lib/gcc/powerpc64-ps3-elf/7.2.0/../../../../powerpc64-ps3-elf/lib/lv2-crt0.o (__librt_exit)
/usr/local/ps3dev/psl1ght/ppu/lib/librt.a(close.o)
                              /usr/local/ps3dev/ppu/lib/gcc/powerpc64-ps3-elf/7.2.0/../../../../powerpc64-ps3-elf/lib/lv2-crt0.o (__librt_close_r)
/usr/local/ps3dev/psl1ght/ppu/lib/librt.a(lseek.o)
                              /usr/local/ps3dev/ppu/lib/gcc/powerpc64-ps3-elf/7.2.0/../../../../powerpc64-ps3-elf/lib/lv2-crt0.o (__librt_lseek_r)
/usr/local/ps3dev/psl1ght/ppu/lib/librt.a(read.o)
                              /usr/local/ps3dev/ppu/lib/gcc/powerpc64-ps3-elf/7.2.0/../../../../powerpc64-ps3-elf/lib/lv2-crt0.o (__librt_read_r)
/usr/local/ps3dev/psl1ght/ppu/lib/librt.a(open.o)
                              /usr/local/ps3dev/ppu/lib/gcc/powerpc64-ps3-elf/7.2.0/../../../../powerpc64-ps3-elf/lib/lv2-crt0.o (__librt_open_r)
/usr/local/ps3dev/psl1ght/ppu/lib/librt.a(sleep.o)
                              /usr/local/ps3dev/ppu/lib/gcc/powerpc64-ps3-elf/7.2.0/../../../../powerpc64-ps3-elf/lib/lv2-crt0.o (__librt_usleep_r)
/usr/local/ps3dev/psl1ght/ppu/lib/librt.a(write.o)
                              /usr/local/ps3dev/ppu/lib/gcc/powerpc64-ps3-elf/7.2.0/../../../../powerpc64-ps3-elf/lib/lv2-crt0.o (__librt_write_r)
/usr/local/ps3dev/psl1ght/ppu/lib/librt.a(fstat.o)
                              /usr/local/ps3dev/ppu/lib/gcc/powerpc64-ps3-elf/7.2.0/../../../../powerpc64-ps3-elf/lib/lv2-crt0.o (__librt_fstat_r)
/usr/local/ps3dev/psl1ght/ppu/lib/librt.a(socket.o)
                              /usr/local/ps3dev/psl1ght/ppu/lib/librt.a(write.o) (send)
/usr/local/ps3dev/psl1ght/ppu/lib/librt.a(lock.o)
                              /usr/local/ps3dev/ppu/lib/gcc/powerpc64-ps3-elf/7.2.0/../../../../powerpc64-ps3-elf/lib/lv2-crt0.o (__librt_sys_lwmutex_create_r)
/usr/local/ps3dev/psl1ght/ppu/lib/librt.a(dirent.o)
                              /usr/local/ps3dev/ppu/lib/gcc/powerpc64-ps3-elf/7.2.0/../../../../powerpc64-ps3-elf/lib/lv2-crt0.o (__librt_opendir_r)
/usr/local/ps3dev/psl1ght/ppu/lib/librt.a(mkdir.o)
                              /usr/local/ps3dev/ppu/lib/gcc/powerpc64-ps3-elf/7.2.0/../../../../powerpc64-ps3-elf/lib/lv2-crt0.o (__librt_mkdir_r)
/usr/local/ps3dev/psl1ght/ppu/lib/librt.a(times.o)
                              /usr/local/ps3dev/ppu/lib/gcc/powerpc64-ps3-elf/7.2.0/../../../../powerpc64-ps3-elf/lib/lv2-crt0.o (__librt_times_r)
/usr/local/ps3dev/psl1ght/ppu/lib/librt.a(umask.o)
                              /usr/local/ps3dev/ppu/lib/gcc/powerpc64-ps3-elf/7.2.0/../../../../powerpc64-ps3-elf/lib/lv2-crt0.o (__librt_umask_r)
/usr/local/ps3dev/psl1ght/ppu/lib/librt.a(lv2errno.o)
                              /usr/local/ps3dev/psl1ght/ppu/lib/librt.a(socket.o) (lv2errno)
/usr/local/ps3dev/psl1ght/ppu/lib/librt.a(heap.o)
                              /usr/local/ps3dev/psl1ght/ppu/lib/librsx.a(mm.o) (heapInit)
/usr/local/ps3dev/psl1ght/ppu/lib/librt.a(chmod.o)
                              /usr/local/ps3dev/ppu/lib/gcc/powerpc64-ps3-elf/7.2.0/../../../../powerpc64-ps3-elf/lib/lv2-crt0.o (__librt_chmod_r)
/usr/local/ps3dev/psl1ght/ppu/lib/librt.a(rename.o)
[...]
Memory Configuration

Name             Origin             Length             Attributes
*default*        0x0000000000000000 0xffffffffffffffff

Linker script and memory map

                0x0000000000010000                PROVIDE (__executable_start, 0x10000)
                0x0000000000010200                . = (0x10000 + SIZEOF_HEADERS)

.interp
 *(.interp)

.hash
 *(.hash)

.dynsym
 *(.dynsym)

.dynstr
 *(.dynstr)

.gnu.version
 *(.gnu.version)

.gnu.version_d
 *(.gnu.version_d)

.gnu.version_r
 *(.gnu.version_r)

.rel.dyn
 *(.rel.init)
 *(.rel.text .rel.text.* .rel.gnu.linkonce.t.*)
 *(.rel.fini)
 *(.rel.rodata .rel.rodata.* .rel.gnu.linkonce.r.*)
 *(.rel.data.rel.ro*)
 *(.rel.data .rel.data.* .rel.gnu.linkonce.d.*)
 *(.rel.tdata .rel.tdata.* .rel.gnu.linkonce.td.*)
 *(.rel.tbss .rel.tbss.* .rel.gnu.linkonce.tb.*)
 *(.rel.ctors)
 *(.rel.dtors)
 *(.rel.got)
 *(.rel.sdata .rel.sdata.* .rel.gnu.linkonce.s.*)
 *(.rel.sbss .rel.sbss.* .rel.gnu.linkonce.sb.*)
 *(.rel.sdata2 .rel.sdata2.* .rel.gnu.linkonce.s2.*)
 *(.rel.sbss2 .rel.sbss2.* .rel.gnu.linkonce.sb2.*)
 *(.rel.bss .rel.bss.* .rel.gnu.linkonce.b.*)

.rela.dyn       0x0000000000010200        0x0
 *(.rela.init)
 *(.rela.text .rela.text.* .rela.gnu.linkonce.t.*)
 *(.rela.fini)
 *(.rela.rodata .rela.rodata.* .rela.gnu.linkonce.r.*)
 .rela.rodata._ZTV20RSXDebugFontRenderer
                0x0000000000000000        0x0 linker stubs
 .rela.rodata._ZTVSt9type_info
                0x0000000000000000        0x0 linker stubs
 .rela.rodata._ZTVSt9bad_alloc
                0x0000000000000000        0x0 linker stubs
 .rela.rodata._ZTVSt9exception
                0x0000000000000000        0x0 linker stubs
 .rela.rodata._ZTVSt13bad_exception
                0x0000000000000000        0x0 linker stubs
 *(.rela.data .rela.data.* .rela.gnu.linkonce.d.*)
 .rela.data.DW.ref.__gxx_personality_v0
                0x0000000000000000        0x0 linker stubs
 .rela.data.rel.ro._ZTV17DebugFontRenderer
                0x0000000000000000        0x0 linker stubs
 .rela.data.rel.ro._ZTI17DebugFontRenderer
                0x0000000000000000        0x0 linker stubs
 .rela.data.rel.ro._ZTI20RSXDebugFontRenderer
                0x0000000000000000        0x0 linker stubs
 .rela.data.rel.ro._ZTIN10__cxxabiv117__class_type_infoE
                0x0000000000000000        0x0 linker stubs
 .rela.data.rel.ro._ZTVN10__cxxabiv117__class_type_infoE
                0x0000000000000000        0x0 linker stubs
 .rela.data.rel._ZN10__cxxabiv119__terminate_handlerE
                0x0000000000000000        0x0 linker stubs
 .rela.data.rel.ro._ZTIN10__cxxabiv120__si_class_type_infoE
                0x0000000000000000        0x0 linker stubs
 .rela.data.rel.ro._ZTVN10__cxxabiv120__si_class_type_infoE
                0x0000000000000000        0x0 linker stubs
 .rela.data.rel.ro._ZTISt9type_info
                0x0000000000000000        0x0 linker stubs
 .rela.data.DW.ref._ZTISt9exception
                0x0000000000000000        0x0 linker stubs
 .rela.data.rel.ro._ZTISt9bad_alloc
                0x0000000000000000        0x0 linker stubs
 .rela.data.rel.ro._ZTISt9exception
                0x0000000000000000        0x0 linker stubs
 .rela.data.rel.ro._ZTISt13bad_exception
                0x0000000000000000        0x0 linker stubs
 .rela.data.rel.ro._ZTIN10__cxxabiv115__forced_unwindE
                0x0000000000000000        0x0 linker stubs
 .rela.data.rel.ro._ZTIN10__cxxabiv119__foreign_exceptionE
                0x0000000000000000        0x0 linker stubs
 .rela.data.rel.ro._ZTVN10__cxxabiv115__forced_unwindE
                0x0000000000000000        0x0 linker stubs
 .rela.data.rel.ro._ZTVN10__cxxabiv119__foreign_exceptionE
                0x0000000000000000        0x0 linker stubs
 *(.rela.tdata .rela.tdata.* .rela.gnu.linkonce.td.*)
 *(.rela.tbss .rela.tbss.* .rela.gnu.linkonce.tb.*)
 *(.rela.ctors)
 *(.rela.dtors)
 *(.rela.got)
 *(.rela.toc)
 .rela.toc      0x0000000000000000        0x0 linker stubs
 *(.rela.sdata .rela.sdata.* .rela.gnu.linkonce.s.*)
 *(.rela.sbss .rela.sbss.* .rela.gnu.linkonce.sb.*)
 *(.rela.sdata2 .rela.sdata2.* .rela.gnu.linkonce.s2.*)
 *(.rela.sbss2 .rela.sbss2.* .rela.gnu.linkonce.sb2.*)
 *(.rela.bss .rela.bss.* .rela.gnu.linkonce.b.*)
 .rela.iplt     0x0000000000000000        0x0 linker stubs
 .rela.sys_proc_prx_param
                0x0000000000000000        0x0 linker stubs
 .rela.eh_frame
                0x0000000000000000        0x0 linker stubs
 .rela.gcc_except_table._ZN9__gnu_cxx27__verbose_terminate_handlerEv
                0x0000000000000000        0x0 linker stubs

.rel.plt
 *(.rel.plt)

.rela.plt
 *(.rela.plt)

.rela.tocbss
 *(.rela.tocbss)

.init           0x0000000000010200       0x2c
 *(.init)
 .init          0x0000000000010200        0xc /usr/local/ps3dev/ppu/lib/gcc/powerpc64-ps3-elf/7.2.0/../../../../powerpc64-ps3-elf/lib/lv2-crti.o
                0x0000000000010200                ._init
 .init          0x000000000001020c        0x8 /usr/local/ps3dev/ppu/lib/gcc/powerpc64-ps3-elf/7.2.0/crtbegin.o
 .init          0x0000000000010214        0x8 /usr/local/ps3dev/ppu/lib/gcc/powerpc64-ps3-elf/7.2.0/crtend.o
 .init          0x000000000001021c       0x10 /usr/local/ps3dev/ppu/lib/gcc/powerpc64-ps3-elf/7.2.0/../../../../powerpc64-ps3-elf/lib/lv2-crtn.o

.text           0x0000000000010230    0x43b6c
 *(.text .stub .text.* .gnu.linkonce.t.*)
 .text          0x0000000000010230        0x0 /usr/local/ps3dev/ppu/lib/gcc/powerpc64-ps3-elf/7.2.0/../../../../powerpc64-ps3-elf/lib/lv2-crti.o
 .text          0x0000000000010230        0x0 /usr/local/ps3dev/ppu/lib/gcc/powerpc64-ps3-elf/7.2.0/crtbegin.o
 .text.deregister_tm_clones
                0x0000000000010230       0x54 /usr/local/ps3dev/ppu/lib/gcc/powerpc64-ps3-elf/7.2.0/crtbegin.o
 *fill*         0x0000000000010284        0x4 60000000
 .text.register_tm_clones
                0x0000000000010288       0x60 /usr/local/ps3dev/ppu/lib/gcc/powerpc64-ps3-elf/7.2.0/crtbegin.o
 .text.__do_global_dtors_aux
                0x00000000000102e8       0xd4 /usr/local/ps3dev/ppu/lib/gcc/powerpc64-ps3-elf/7.2.0/crtbegin.o
 *fill*         0x00000000000103bc        0x4 60000000
 .text.frame_dummy
                0x00000000000103c0       0x38 /usr/local/ps3dev/ppu/lib/gcc/powerpc64-ps3-elf/7.2.0/crtbegin.o
 .text          0x00000000000103f8       0x58 /usr/local/ps3dev/ppu/lib/gcc/powerpc64-ps3-elf/7.2.0/../../../../powerpc64-ps3-elf/lib/lv2-crt0.o
                0x00000000000103f8                ._start
 .text.startup.__syscalls_init
                0x0000000000010450      0x16c /usr/local/ps3dev/ppu/lib/gcc/powerpc64-ps3-elf/7.2.0/../../../../powerpc64-ps3-elf/lib/lv2-crt0.o
 *fill*         0x00000000000105bc        0x4 60000000
 .text._initialize
                0x00000000000105c0       0x40 /usr/local/ps3dev/ppu/lib/gcc/powerpc64-ps3-elf/7.2.0/../../../../powerpc64-ps3-elf/lib/lv2-crt0.o
 .text          0x0000000000010600        0x0 /usr/local/ps3dev/ppu/lib/gcc/powerpc64-ps3-elf/7.2.0/../../../../powerpc64-ps3-elf/lib/lv2-sprx.o
 .text          0x0000000000010600        0x0 wall1_png.bin.o
 .text          0x0000000000010600        0x0 diffuse_specular_shader.vpo.o
 .text          0x0000000000010600        0x0 vpshader_dbgfont.vpo.o
 .text          0x0000000000010600        0x0 scanlines.fpo.o
 .text          0x0000000000010600        0x0 fpshader_dbgfont.fpo.o
 .text          0x0000000000010600        0x0 main.o
 .text.rsxAddressToOffset
                0x0000000000010600       0x54 main.o
 .text._ZN10Vectormath10floatInVecC2EDv4_fi
                0x0000000000010654       0x88 main.o
 .text._ZNK10Vectormath10floatInVeccvfEv
                0x00000000000106dc       0x34 main.o
 .text._ZN10Vectormath3Aos7Vector4C2Ev
                0x0000000000010710       0x38 main.o
 .text._ZN10Vectormath3Aos7Vector3C2Efff
                0x0000000000010748       0x7c main.o
 .text._ZN10Vectormath3Aos7Vector3aSES1_
                0x00000000000107c4       0x50 main.o
 .text._ZN10Vectormath3Aos7Vector4C2Effff
                0x0000000000010814       0x80 main.o
 .text._ZN10Vectormath3Aos7Vector4C2EDv4_f
                0x0000000000010894       0x4c main.o
 .text._ZN10Vectormath3Aos7Vector45xAxisEv
                0x00000000000108e0       0x54 main.o
 .text._ZN10Vectormath3Aos7Vector45yAxisEv
                0x0000000000010934       0x54 main.o
 .text._ZN10Vectormath3Aos7Vector45zAxisEv
                0x0000000000010988       0x54 main.o
 .text._ZN10Vectormath3Aos7Vector45wAxisEv
                0x00000000000109dc       0x54 main.o
 .text._ZNK10Vectormath3Aos7Vector46get128Ev
                0x0000000000010a30       0x34 main.o
 .text._ZN10Vectormath3Aos7Vector4aSES1_
                0x0000000000010a64       0x50 main.o
 .text._ZN10Vectormath3Aos7Vector44setWEf
                0x0000000000010ab4       0x40 main.o
 .text._ZN10Vectormath3Aos6Point3C2Efff
                0x0000000000010af4       0x7c main.o
 .text._ZNK10Vectormath3Aos6Point34getXEv
                0x0000000000010b70       0x5c main.o
 .text._ZNK10Vectormath3Aos6Point34getYEv
                0x0000000000010bcc       0x5c main.o
 .text._ZNK10Vectormath3Aos6Point34getZEv
                0x0000000000010c28       0x5c main.o
 .text._ZN10Vectormath3Aos7Matrix4C2ENS0_7Vector4ES2_S2_S2_
                0x0000000000010c84      0x134 main.o
 .text._ZNK10Vectormath3Aos7Matrix47getCol0Ev
                0x0000000000010db8       0x40 main.o
 .text._ZNK10Vectormath3Aos7Matrix47getCol1Ev
                0x0000000000010df8       0x44 main.o
 .text._ZNK10Vectormath3Aos7Matrix47getCol2Ev
                0x0000000000010e3c       0x44 main.o
 .text._ZNK10Vectormath3Aos7Matrix47getCol3Ev
                0x0000000000010e80       0x44 main.o
 .text._ZN10Vectormath3Aos9transposeERKNS0_7Matrix4E
                0x0000000000010ec4      0x2cc main.o
 .text._ZN10Vectormath3Aos7Matrix48identityEv
                0x0000000000011190       0xa8 main.o
 .text._ZN9S3DVertexC2Effffffff6SColor
                0x0000000000011238       0xb0 main.o
 .text._ZN9S3DVertexaSERKS_
                0x00000000000112e8       0xac main.o
 .text._ZN9DebugFont11setPositionEii
                0x0000000000011394       0x54 main.o
 .text._ZN9DebugFont8setColorEffff
                0x00000000000113e8       0x68 main.o
 .text._ZN9DebugFont12setScreenResEii
                0x0000000000011450       0x54 main.o
 .text.program_exit_callback
                0x00000000000114a4       0x64 main.o
 .text.sysutil_exit_callback
                0x0000000000011508       0x6c main.o
 .text._Z10createQuadN10Vectormath3Aos6Point3ES1_S1_S1_
                0x0000000000011574      0x84c main.o
 .text._ZL12init_texturev
                0x0000000000011dc0      0x19c main.o
 .text._ZL10setTextureh
                0x0000000000011f5c      0x1ac main.o
 .text._ZL10setDrawEnvv
                0x0000000000012108      0x3d8 main.o
 .text._Z11init_shaderv
                0x00000000000124e0      0x1b4 main.o
 .text._Z9drawFramev
                0x0000000000012694      0x310 main.o
 .text.main     0x00000000000129a4      0x460 main.o
 .text._ZN11CMeshBufferI9S3DVertexEC2Ev
                0x0000000000012e04       0x5c main.o
 .text._Z41__static_initialization_and_destruction_0ii
                0x0000000000012e60       0x98 main.o
 .text._GLOBAL__sub_I_vertex_buffer
                0x0000000000012ef8       0x44 main.o
 .text          0x0000000000012f3c        0x0 rsxutil.o
 .text.rsxAddressToOffset
                0x0000000000012f3c       0x54 rsxutil.o
 .text._ZL10waitFinishv
                0x0000000000012f90       0xd0 rsxutil.o
 .text._ZL11waitRSXIdlev
                0x0000000000013060       0x9c rsxutil.o
 .text._Z22initVideoConfigurationv
                0x00000000000130fc      0x24c rsxutil.o
 .text._Z15setRenderTargetj
                0x0000000000013348      0x148 rsxutil.o
 .text._Z11init_screenPvj
                0x0000000000013490      0x250 rsxutil.o
 .text._Z8waitflipv
                0x00000000000136e0       0x74 rsxutil.o
 .text._Z4flipv
                0x0000000000013754       0xd8 rsxutil.o
 .text          0x000000000001382c        0x0 debugfont.o
 .text._ZN9DebugFont13getGlyphWidthEv
                0x000000000001382c       0x2c debugfont.o
 .text._ZN9DebugFont14getGlyphHeightEv
                0x0000000000013858       0x2c debugfont.o
 .text._ZN9DebugFont7calcPosEii
                0x0000000000013884      0x108 debugfont.o
 .text._ZN9DebugFont6calcS0Eh
                0x000000000001398c       0xac debugfont.o
 .text._ZN9DebugFont6calcS1Eh
                0x0000000000013a38       0xc0 debugfont.o
 .text._ZN9DebugFont6calcT0Eh
                0x0000000000013af8       0xbc debugfont.o
 .text._ZN9DebugFont6calcT1Eh
                0x0000000000013bb4       0xd0 debugfont.o
 .text._ZN9DebugFont11isPrintableEc
                0x0000000000013c84       0x58 debugfont.o
 .text._ZN9DebugFont4initEv
                0x0000000000013cdc      0x1c4 debugfont.o
 .text._ZN9DebugFont8shutdownEv
                0x0000000000013ea0      0x160 debugfont.o
 .text._ZN9DebugFont6printfEPKcz
                0x0000000000014000       0xa4 debugfont.o
 .text._ZN9DebugFont5printEPKc
                0x00000000000140a4       0x5c debugfont.o
 .text._ZN9DebugFont5printEPKci
                0x0000000000014100      0xd58 debugfont.o
 .text._ZN9DebugFont10getExtentsEPKcPiS2_i
                0x0000000000014e58      0x2c4 debugfont.o
 .text          0x000000000001511c        0x0 debugfontrenderer.o
 .text._ZN17DebugFontRendererC2Ev
                0x000000000001511c       0x44 debugfontrenderer.o
 .text._ZN17DebugFontRendererD2Ev
                0x0000000000015160       0x38 debugfontrenderer.o
 .text._ZN17DebugFontRendererD0Ev
                0x0000000000015198       0x50 debugfontrenderer.o
 .text          0x00000000000151e8        0x0 rsxdebugfontrenderer.o
 .text._ZN17DebugFontRenderer11getFontDataEv
                0x00000000000151e8       0x2c rsxdebugfontrenderer.o
 .text.rsxAddressToOffset
                0x0000000000015214       0x54 rsxdebugfontrenderer.o
 .text.rsxAlign
                0x0000000000015268       0x90 rsxdebugfontrenderer.o
 .text._ZN20RSXDebugFontRendererC2Ev
                0x00000000000152f8       0x58 rsxdebugfontrenderer.o
 .text._ZN20RSXDebugFontRendererC2EP11_gcmCtxData
                0x0000000000015350       0x68 rsxdebugfontrenderer.o
 .text._ZN20RSXDebugFontRendererD2Ev
                0x00000000000153b8       0x58 rsxdebugfontrenderer.o
 .text._ZN20RSXDebugFontRendererD0Ev
                0x0000000000015410       0x50 rsxdebugfontrenderer.o
 .text._ZN20RSXDebugFontRenderer10initShaderEv
                0x0000000000015460       0xf0 rsxdebugfontrenderer.o
 .text._ZN20RSXDebugFontRenderer4initEv
                0x0000000000015550      0x244 rsxdebugfontrenderer.o
 .text._ZN20RSXDebugFontRenderer8shutdownEv
                0x0000000000015794       0x2c rsxdebugfontrenderer.o
 .text._ZN20RSXDebugFontRenderer10printStartEffff
                0x00000000000157c0      0x2a0 rsxdebugfontrenderer.o
 .text._ZN20RSXDebugFontRenderer9printPassEPN9DebugFont8PositionEPNS0_8TexCoordEPNS0_5ColorEi
                0x0000000000015a60      0x244 rsxdebugfontrenderer.o
 .text._ZN20RSXDebugFontRenderer8printEndEv
                0x0000000000015ca4       0x6c rsxdebugfontrenderer.o
 .text          0x0000000000015d10        0x0 /usr/local/ps3dev/psl1ght/ppu/lib/librsx.a(init.o)
 .text.rsxInit  0x0000000000015d10       0x9c /usr/local/ps3dev/psl1ght/ppu/lib/librsx.a(init.o)
 *fill*         0x0000000000015dac        0x4 60000000
 .text.rsxSetupContextData
                0x0000000000015db0       0x48 /usr/local/ps3dev/psl1ght/ppu/lib/librsx.a(init.o)
 .text.rsxSetCurrentBuffer
                0x0000000000015df8       0x48 /usr/local/ps3dev/psl1ght/ppu/lib/librsx.a(init.o)
 .text.rsxSetDefaultCommandBuffer
                0x0000000000015e40       0x50 /usr/local/ps3dev/psl1ght/ppu/lib/librsx.a(init.o)
 .text.rsxSetUserCallback
                0x0000000000015e90       0x18 /usr/local/ps3dev/psl1ght/ppu/lib/librsx.a(init.o)
 .text.rsxGetCurrentBuffer
                0x0000000000015ea8       0x1c /usr/local/ps3dev/psl1ght/ppu/lib/librsx.a(init.o)
 .text          0x0000000000015ec4        0x0 /usr/local/ps3dev/psl1ght/ppu/lib/librsx.a(buffer.o)
 *fill*         0x0000000000015ec4        0x4 60000000
 .text.rsxResetCommandBufferUnsafe
                0x0000000000015ec8       0x80 /usr/local/ps3dev/psl1ght/ppu/lib/librsx.a(buffer.o)
 .text.rsxFlushBufferUnsafe
                0x0000000000015f48       0x78 /usr/local/ps3dev/psl1ght/ppu/lib/librsx.a(buffer.o)
 .text.rsxFinishUnsafe
                0x0000000000015fc0       0x84 /usr/local/ps3dev/psl1ght/ppu/lib/librsx.a(buffer.o)
 *fill*         0x0000000000016044        0x4 60000000
 .text.rsxResetCommandBuffer
                0x0000000000016048       0x80 /usr/local/ps3dev/psl1ght/ppu/lib/librsx.a(buffer.o)
 .text.rsxFlushBuffer
                0x00000000000160c8       0x10 /usr/local/ps3dev/psl1ght/ppu/lib/librsx.a(buffer.o)
 .text.rsxFinish
                0x00000000000160d8       0x84 /usr/local/ps3dev/psl1ght/ppu/lib/librsx.a(buffer.o)
 .text          0x000000000001615c        0x0 /usr/local/ps3dev/psl1ght/ppu/lib/librsx.a(commands.o)
 *fill*         0x000000000001615c        0x4 60000000
 .text.rsxSetReturnCommandUnsafe
                0x0000000000016160       0x24 /usr/local/ps3dev/psl1ght/ppu/lib/librsx.a(commands.o)
 *fill*         0x0000000000016184        0x4 60000000
 .text.rsxSetCallCommandUnsafe
                0x0000000000016188       0x24 /usr/local/ps3dev/psl1ght/ppu/lib/librsx.a(commands.o)
 *fill*         0x00000000000161ac        0x4 60000000
 .text.rsxSetJumpCommandUnsafe
                0x00000000000161b0       0x24 /usr/local/ps3dev/psl1ght/ppu/lib/librsx.a(commands.o)
 *fill*         0x00000000000161d4        0x4 60000000
 .text.rsxSetNopCommandUnsafe
                0x00000000000161d8       0x98 /usr/local/ps3dev/psl1ght/ppu/lib/librsx.a(commands.o)
 .text.rsxSetSkipNopUnsafe
                0x0000000000016270       0x34 /usr/local/ps3dev/psl1ght/ppu/lib/librsx.a(commands.o)
 *fill*         0x00000000000162a4        0x4 60000000
 .text.rsxSetClearColorUnsafe
                0x00000000000162a8       0x2c /usr/local/ps3dev/psl1ght/ppu/lib/librsx.a(commands.o)
 *fill*         0x00000000000162d4        0x4 60000000
 .text.rsxSetClearDepthStencilUnsafe
                0x00000000000162d8       0x2c /usr/local/ps3dev/psl1ght/ppu/lib/librsx.a(commands.o)
 *fill*         0x0000000000016304        0x4 60000000
 .text.rsxSetReferenceCommandUnsafe
                0x0000000000016308       0x2c /usr/local/ps3dev/psl1ght/ppu/lib/librsx.a(commands.o)
 *fill*         0x0000000000016334        0x4 60000000
 .text.rsxSetWriteBackendLabelUnsafe
                0x0000000000016338       0x58 /usr/local/ps3dev/psl1ght/ppu/lib/librsx.a(commands.o)
 .text.rsxSetWriteTextureLabelUnsafe
                0x0000000000016390       0x40 /usr/local/ps3dev/psl1ght/ppu/lib/librsx.a(commands.o)
 .text.rsxSetWaitLabelUnsafe
                0x00000000000163d0       0x40 /usr/local/ps3dev/psl1ght/ppu/lib/librsx.a(commands.o)
 .text.rsxSetWriteCommandLabelUnsafe
                0x0000000000016410       0x40 /usr/local/ps3dev/psl1ght/ppu/lib/librsx.a(commands.o)
 .text.rsxSetSurfaceUnsafe
                0x0000000000016450      0x1cc /usr/local/ps3dev/psl1ght/ppu/lib/librsx.a(commands.o)
 *fill*         0x000000000001661c        0x4 60000000
 .text.rsxSetColorMaskUnsafe
                0x0000000000016620       0x2c /usr/local/ps3dev/psl1ght/ppu/lib/librsx.a(commands.o)
 *fill*         0x000000000001664c        0x4 60000000
 .text.rsxSetColorMaskMrtUnsafe
                0x0000000000016650       0x2c /usr/local/ps3dev/psl1ght/ppu/lib/librsx.a(commands.o)
 *fill*         0x000000000001667c        0x4 60000000
 .text.rsxSetShadeModelUnsafe
                0x0000000000016680       0x2c /usr/local/ps3dev/psl1ght/ppu/lib/librsx.a(commands.o)
 *fill*         0x00000000000166ac        0x4 60000000
 .text.rsxSetViewportUnsafe
                0x00000000000166b0      0x108 /usr/local/ps3dev/psl1ght/ppu/lib/librsx.a(commands.o)
 .text.rsxSetViewportClipUnsafe
                0x00000000000167b8       0x44 /usr/local/ps3dev/psl1ght/ppu/lib/librsx.a(commands.o)
 *fill*         0x00000000000167fc        0x4 60000000
 .text.rsxSetUserClipPlaneControlUnsafe
                0x0000000000016800       0x54 /usr/local/ps3dev/psl1ght/ppu/lib/librsx.a(commands.o)
 *fill*         0x0000000000016854        0x4 60000000
 .text.rsxSetDepthTestEnableUnsafe
                0x0000000000016858       0x2c /usr/local/ps3dev/psl1ght/ppu/lib/librsx.a(commands.o)
 *fill*         0x0000000000016884        0x4 60000000
 .text.rsxSetDepthFuncUnsafe
                0x0000000000016888       0x2c /usr/local/ps3dev/psl1ght/ppu/lib/librsx.a(commands.o)
 *fill*         0x00000000000168b4        0x4 60000000
 .text.rsxSetDepthWriteEnableUnsafe
                0x00000000000168b8       0x2c /usr/local/ps3dev/psl1ght/ppu/lib/librsx.a(commands.o)
 *fill*         0x00000000000168e4        0x4 60000000
 .text.rsxSetDepthFormatUnsafe
                0x00000000000168e8       0x34 /usr/local/ps3dev/psl1ght/ppu/lib/librsx.a(commands.o)
 *fill*         0x000000000001691c        0x4 60000000
 .text.rsxSetCullFaceEnableUnsafe
                0x0000000000016920       0x2c /usr/local/ps3dev/psl1ght/ppu/lib/librsx.a(commands.o)
 *fill*         0x000000000001694c        0x4 60000000
 .text.rsxSetCullFaceUnsafe
                0x0000000000016950       0x2c /usr/local/ps3dev/psl1ght/ppu/lib/librsx.a(commands.o)
 *fill*         0x000000000001697c        0x4 60000000
 .text.rsxSetFrontFaceUnsafe
                0x0000000000016980       0x2c /usr/local/ps3dev/psl1ght/ppu/lib/librsx.a(commands.o)
 *fill*         0x00000000000169ac        0x4 60000000
 .text.rsxSetFrontPolygonModeUnsafe
                0x00000000000169b0       0x2c /usr/local/ps3dev/psl1ght/ppu/lib/librsx.a(commands.o)
 *fill*         0x00000000000169dc        0x4 60000000
 .text.rsxSetBackPolygonModeUnsafe
                0x00000000000169e0       0x2c /usr/local/ps3dev/psl1ght/ppu/lib/librsx.a(commands.o)
 *fill*         0x0000000000016a0c        0x4 60000000
 .text.rsxSetPolygonOffsetFillEnableUnsafe
                0x0000000000016a10       0x2c /usr/local/ps3dev/psl1ght/ppu/lib/librsx.a(commands.o)
 *fill*         0x0000000000016a3c        0x4 60000000
 .text.rsxSetPolygonOffsetUnsafe
                0x0000000000016a40       0x40 /usr/local/ps3dev/psl1ght/ppu/lib/librsx.a(commands.o)
 .text.rsxClearSurfaceUnsafe
                0x0000000000016a80       0x3c /usr/local/ps3dev/psl1ght/ppu/lib/librsx.a(commands.o)
 *fill*         0x0000000000016abc        0x4 60000000
 .text.rsxSetCylindricalWrapUnsafe
                0x0000000000016ac0       0x2c /usr/local/ps3dev/psl1ght/ppu/lib/librsx.a(commands.o)
 *fill*         0x0000000000016aec        0x4 60000000
 .text.rsxSetTwoSideLightEnableUnsafe
                0x0000000000016af0       0x2c /usr/local/ps3dev/psl1ght/ppu/lib/librsx.a(commands.o)
 *fill*         0x0000000000016b1c        0x4 60000000
 .text.rsxSetStencilFuncUnsafe
                0x0000000000016b20       0x34 /usr/local/ps3dev/psl1ght/ppu/lib/librsx.a(commands.o)
 *fill*         0x0000000000016b54        0x4 60000000
 .text.rsxSetStencilMaskUnsafe
                0x0000000000016b58       0x2c /usr/local/ps3dev/psl1ght/ppu/lib/librsx.a(commands.o)
 *fill*         0x0000000000016b84        0x4 60000000
 .text.rsxSetStencilOpUnsafe
                0x0000000000016b88       0x34 /usr/local/ps3dev/psl1ght/ppu/lib/librsx.a(commands.o)
 *fill*         0x0000000000016bbc        0x4 60000000
 .text.rsxSetStencilTestEnableUnsafe
                0x0000000000016bc0       0x2c /usr/local/ps3dev/psl1ght/ppu/lib/librsx.a(commands.o)
 *fill*         0x0000000000016bec        0x4 60000000
 .text.rsxSetBackStencilFuncUnsafe
                0x0000000000016bf0       0x34 /usr/local/ps3dev/psl1ght/ppu/lib/librsx.a(commands.o)
 *fill*         0x0000000000016c24        0x4 60000000
 .text.rsxSetBackStencilMaskUnsafe
                0x0000000000016c28       0x2c /usr/local/ps3dev/psl1ght/ppu/lib/librsx.a(commands.o)
 *fill*         0x0000000000016c54        0x4 60000000
 .text.rsxSetBackStencilOpUnsafe
                0x0000000000016c58       0x34 /usr/local/ps3dev/psl1ght/ppu/lib/librsx.a(commands.o)
 *fill*         0x0000000000016c8c        0x4 60000000
 .text.rsxSetTwoSidedStencilTestEnableUnsafe
                0x0000000000016c90       0x2c /usr/local/ps3dev/psl1ght/ppu/lib/librsx.a(commands.o)
 *fill*         0x0000000000016cbc        0x4 60000000
 .text.rsxSetRenderEnableUnsafe
                0x0000000000016cc0       0x70 /usr/local/ps3dev/psl1ght/ppu/lib/librsx.a(commands.o)
 .text.rsxSetReportUnsafe
                0x0000000000016d30       0x38 /usr/local/ps3dev/psl1ght/ppu/lib/librsx.a(commands.o)
 .text.rsxSetClearReportUnsafe
                0x0000000000016d68       0x2c /usr/local/ps3dev/psl1ght/ppu/lib/librsx.a(commands.o)
 *fill*         0x0000000000016d94        0x4 60000000
 .text.rsxSetZPixelCountEnableUnsafe
                0x0000000000016d98       0x2c /usr/local/ps3dev/psl1ght/ppu/lib/librsx.a(commands.o)
 *fill*         0x0000000000016dc4        0x4 60000000
 .text.rsxSetSCullControlUnsafe
                0x0000000000016dc8       0x3c /usr/local/ps3dev/psl1ght/ppu/lib/librsx.a(commands.o)
 *fill*         0x0000000000016e04        0x4 60000000
 .text.rsxSetZCullLimitUnsafe
                0x0000000000016e08       0x34 /usr/local/ps3dev/psl1ght/ppu/lib/librsx.a(commands.o)
 *fill*         0x0000000000016e3c        0x4 60000000
 .text.rsxSetZCullStatsEnableUnsafe
                0x0000000000016e40       0x2c /usr/local/ps3dev/psl1ght/ppu/lib/librsx.a(commands.o)
 *fill*         0x0000000000016e6c        0x4 60000000
 .text.rsxSetZCullControlUnsafe
                0x0000000000016e70       0x34 /usr/local/ps3dev/psl1ght/ppu/lib/librsx.a(commands.o)
 *fill*         0x0000000000016ea4        0x4 60000000
 .text.rsxSetClearZCullSurfaceUnsafe
                0x0000000000016ea8       0x34 /usr/local/ps3dev/psl1ght/ppu/lib/librsx.a(commands.o)
 *fill*         0x0000000000016edc        0x4 60000000
 .text.rsxSetZCullEnableUnsafe
                0x0000000000016ee0       0x34 /usr/local/ps3dev/psl1ght/ppu/lib/librsx.a(commands.o)
 *fill*         0x0000000000016f14        0x4 60000000
 .text.rsxSetZCullInvalidateUnsafe
                0x0000000000016f18       0x2c /usr/local/ps3dev/psl1ght/ppu/lib/librsx.a(commands.o)
 *fill*         0x0000000000016f44        0x4 60000000
 .text.rsxSetPolygonSmoothEnableUnsafe
                0x0000000000016f48       0x2c /usr/local/ps3dev/psl1ght/ppu/lib/librsx.a(commands.o)
 *fill*         0x0000000000016f74        0x4 60000000
 .text.rsxSetDitherEnableUnsafe
                0x0000000000016f78       0x2c /usr/local/ps3dev/psl1ght/ppu/lib/librsx.a(commands.o)
 *fill*         0x0000000000016fa4        0x4 60000000
 .text.rsxLoadVertexProgramBlockUnsafe
                0x0000000000016fa8      0x2ac /usr/local/ps3dev/psl1ght/ppu/lib/librsx.a(commands.o)
 *fill*         0x0000000000017254        0x4 60000000
 .text.rsxLoadFragmentProgramLocationUnsafe
                0x0000000000017258      0x16c /usr/local/ps3dev/psl1ght/ppu/lib/librsx.a(commands.o)
 *fill*         0x00000000000173c4        0x4 60000000
 .text.rsxUpdateFragmentProgramLocationUnsafe
                0x00000000000173c8       0x38 /usr/local/ps3dev/psl1ght/ppu/lib/librsx.a(commands.o)
 .text.rsxSetFragmentProgramControlUnsafe
                0x0000000000017400       0x54 /usr/local/ps3dev/psl1ght/ppu/lib/librsx.a(commands.o)
 *fill*         0x0000000000017454        0x4 60000000
 .text.rsxLoadVertexProgramParameterBlockUnsafe
                0x0000000000017458      0x290 /usr/local/ps3dev/psl1ght/ppu/lib/librsx.a(commands.o)
 .text.rsxLoadVertexProgramUnsafe
                0x00000000000176e8       0xec /usr/local/ps3dev/psl1ght/ppu/lib/librsx.a(commands.o)
 *fill*         0x00000000000177d4        0x4 60000000
 .text.rsxSetVertexProgramParameterUnsafe
                0x00000000000177d8      0x218 /usr/local/ps3dev/psl1ght/ppu/lib/librsx.a(commands.o)
 .text.rsxSetVertexProgramConstantsUnsafe
                0x00000000000179f0      0x210 /usr/local/ps3dev/psl1ght/ppu/lib/librsx.a(commands.o)
 .text.rsxSetVertexAttribOutputMaskUnsafe
                0x0000000000017c00       0x2c /usr/local/ps3dev/psl1ght/ppu/lib/librsx.a(commands.o)
 *fill*         0x0000000000017c2c        0x4 60000000
 .text.rsxSetFragmentProgramGammaEnableUnsafe
                0x0000000000017c30       0x2c /usr/local/ps3dev/psl1ght/ppu/lib/librsx.a(commands.o)
 *fill*         0x0000000000017c5c        0x4 60000000
 .text.rsxDrawVertexBeginUnsafe
                0x0000000000017c60       0x2c /usr/local/ps3dev/psl1ght/ppu/lib/librsx.a(commands.o)
 *fill*         0x0000000000017c8c        0x4 60000000
 .text.rsxDrawVertexEndUnsafe
                0x0000000000017c90       0x2c /usr/local/ps3dev/psl1ght/ppu/lib/librsx.a(commands.o)
 *fill*         0x0000000000017cbc        0x4 60000000
 .text.rsxDrawVertex1fUnsafe
                0x0000000000017cc0       0x38 /usr/local/ps3dev/psl1ght/ppu/lib/librsx.a(commands.o)
 .text.rsxDrawVertex2fUnsafe
                0x0000000000017cf8       0x40 /usr/local/ps3dev/psl1ght/ppu/lib/librsx.a(commands.o)
 .text.rsxDrawVertex3fUnsafe
                0x0000000000017d38       0x48 /usr/local/ps3dev/psl1ght/ppu/lib/librsx.a(commands.o)
 .text.rsxDrawVertex4fUnsafe
                0x0000000000017d80       0x48 /usr/local/ps3dev/psl1ght/ppu/lib/librsx.a(commands.o)
 .text.rsxDrawVertex4sUnsafe
                0x0000000000017dc8       0x5c /usr/local/ps3dev/psl1ght/ppu/lib/librsx.a(commands.o)
 *fill*         0x0000000000017e24        0x4 60000000
 .text.rsxDrawVertexScaled4sUnsafe
                0x0000000000017e28       0x5c /usr/local/ps3dev/psl1ght/ppu/lib/librsx.a(commands.o)
 *fill*         0x0000000000017e84        0x4 60000000
 .text.rsxDrawVertex2sUnsafe
                0x0000000000017e88       0x44 /usr/local/ps3dev/psl1ght/ppu/lib/librsx.a(commands.o)
 *fill*         0x0000000000017ecc        0x4 60000000
 .text.rsxDrawVertex4ubUnsafe
                0x0000000000017ed0       0x34 /usr/local/ps3dev/psl1ght/ppu/lib/librsx.a(commands.o)
 *fill*         0x0000000000017f04        0x4 60000000
 .text.rsxSetFrequencyDividerOperationUnsafe
                0x0000000000017f08       0x2c /usr/local/ps3dev/psl1ght/ppu/lib/librsx.a(commands.o)
 *fill*         0x0000000000017f34        0x4 60000000
 .text.rsxInvalidateVertexCacheUnsafe
                0x0000000000017f38       0x44 /usr/local/ps3dev/psl1ght/ppu/lib/librsx.a(commands.o)
 *fill*         0x0000000000017f7c        0x4 60000000
 .text.rsxInvalidateTextureCacheUnsafe
                0x0000000000017f80       0x2c /usr/local/ps3dev/psl1ght/ppu/lib/librsx.a(commands.o)
 *fill*         0x0000000000017fac        0x4 60000000
 .text.rsxLoadTextureUnsafe
                0x0000000000017fb0       0xc0 /usr/local/ps3dev/psl1ght/ppu/lib/librsx.a(commands.o)
 .text.rsxLoadVertexTextureUnsafe
                0x0000000000018070       0x8c /usr/local/ps3dev/psl1ght/ppu/lib/librsx.a(commands.o)
 *fill*         0x00000000000180fc        0x4 60000000
 .text.rsxTextureControlUnsafe
                0x0000000000018100       0x4c /usr/local/ps3dev/psl1ght/ppu/lib/librsx.a(commands.o)
 *fill*         0x000000000001814c        0x4 60000000
 .text.rsxVertexTextureControlUnsafe
                0x0000000000018150       0x44 /usr/local/ps3dev/psl1ght/ppu/lib/librsx.a(commands.o)
 *fill*         0x0000000000018194        0x4 60000000
 .text.rsxTextureFilterUnsafe
                0x0000000000018198       0x44 /usr/local/ps3dev/psl1ght/ppu/lib/librsx.a(commands.o)
 *fill*         0x00000000000181dc        0x4 60000000
 .text.rsxVertexTextureFilterUnsafe
                0x00000000000181e0       0x30 /usr/local/ps3dev/psl1ght/ppu/lib/librsx.a(commands.o)
 .text.rsxTextureWrapModeUnsafe
                0x0000000000018210       0x58 /usr/local/ps3dev/psl1ght/ppu/lib/librsx.a(commands.o)
 .text.rsxVertexTextureWrapModeUnsafe
                0x0000000000018268       0x38 /usr/local/ps3dev/psl1ght/ppu/lib/librsx.a(commands.o)
 .text.rsxTextureBorderColorUnsafe
                0x00000000000182a0       0x30 /usr/local/ps3dev/psl1ght/ppu/lib/librsx.a(commands.o)
 .text.rsxVertexTextureBorderColorUnsafe
                0x00000000000182d0       0x30 /usr/local/ps3dev/psl1ght/ppu/lib/librsx.a(commands.o)
 .text.rsxTextureOptimizationUnsafe
                0x0000000000018300       0x44 /usr/local/ps3dev/psl1ght/ppu/lib/librsx.a(commands.o)
 *fill*         0x0000000000018344        0x4 60000000
 .text.rsxTextureAnisoSpreadUnsafe
                0x0000000000018348       0x5c /usr/local/ps3dev/psl1ght/ppu/lib/librsx.a(commands.o)
 *fill*         0x00000000000183a4        0x4 60000000
 .text.rsxSetZControlUnsafe
                0x00000000000183a8       0x3c /usr/local/ps3dev/psl1ght/ppu/lib/librsx.a(commands.o)
 *fill*         0x00000000000183e4        0x4 60000000
 .text.rsxBindVertexArrayAttribUnsafe
                0x00000000000183e8       0x60 /usr/local/ps3dev/psl1ght/ppu/lib/librsx.a(commands.o)
 .text.rsxDrawVertexArrayUnsafe
                0x0000000000018448      0x1e4 /usr/local/ps3dev/psl1ght/ppu/lib/librsx.a(commands.o)
 *fill*         0x000000000001862c        0x4 60000000
 .text.rsxDrawInlineVertexArrayUnsafe
                0x0000000000018630      0x1a0 /usr/local/ps3dev/psl1ght/ppu/lib/librsx.a(commands.o)
 .text.rsxDrawIndexArrayUnsafe
                0x00000000000187d0      0x23c /usr/local/ps3dev/psl1ght/ppu/lib/librsx.a(commands.o)
 *fill*         0x0000000000018a0c        0x4 60000000
 .text.rsxDrawInlineIndexArray16Unsafe
                0x0000000000018a10      0x208 /usr/local/ps3dev/psl1ght/ppu/lib/librsx.a(commands.o)
 .text.rsxDrawInlineIndexArray32Unsafe
                0x0000000000018c18      0x1a8 /usr/local/ps3dev/psl1ght/ppu/lib/librsx.a(commands.o)
 .text.rsxSetScissorUnsafe
                0x0000000000018dc0       0x40 /usr/local/ps3dev/psl1ght/ppu/lib/librsx.a(commands.o)
 .text.rsxSetAntialiasingControlUnsafe
                0x0000000000018e00       0x44 /usr/local/ps3dev/psl1ght/ppu/lib/librsx.a(commands.o)
 *fill*         0x0000000000018e44        0x4 60000000
 .text.rsxInlineTransferUnsafe
                0x0000000000018e48      0x18c /usr/local/ps3dev/psl1ght/ppu/lib/librsx.a(commands.o)
 *fill*         0x0000000000018fd4        0x4 60000000
 .text.rsxSetFragmentProgramParameterUnsafe
                0x0000000000018fd8      0x5d8 /usr/local/ps3dev/psl1ght/ppu/lib/librsx.a(commands.o)
 .text.rsxSetAlphaFuncUnsafe
                0x00000000000195b0       0x30 /usr/local/ps3dev/psl1ght/ppu/lib/librsx.a(commands.o)
 .text.rsxSetAlphaTestEnableUnsafe
                0x00000000000195e0       0x2c /usr/local/ps3dev/psl1ght/ppu/lib/librsx.a(commands.o)
 *fill*         0x000000000001960c        0x4 60000000
 .text.rsxSetBlendFuncUnsafe
                0x0000000000019610       0x40 /usr/local/ps3dev/psl1ght/ppu/lib/librsx.a(commands.o)
 .text.rsxSetBlendEquationUnsafe
                0x0000000000019650       0x34 /usr/local/ps3dev/psl1ght/ppu/lib/librsx.a(commands.o)
 *fill*         0x0000000000019684        0x4 60000000
 .text.rsxSetBlendColorUnsafe
                0x0000000000019688       0x3c /usr/local/ps3dev/psl1ght/ppu/lib/librsx.a(commands.o)
 *fill*         0x00000000000196c4        0x4 60000000
 .text.rsxSetBlendEnableUnsafe
                0x00000000000196c8       0x2c /usr/local/ps3dev/psl1ght/ppu/lib/librsx.a(commands.o)
 *fill*         0x00000000000196f4        0x4 60000000
 .text.rsxSetBlendOptimizationUnsafe
                0x00000000000196f8       0x2c /usr/local/ps3dev/psl1ght/ppu/lib/librsx.a(commands.o)
 *fill*         0x0000000000019724        0x4 60000000
 .text.rsxSetBlendEnableMrtUnsafe
                0x0000000000019728       0x40 /usr/local/ps3dev/psl1ght/ppu/lib/librsx.a(commands.o)
 .text.rsxSetLogicOpUnsafe
                0x0000000000019768       0x2c /usr/local/ps3dev/psl1ght/ppu/lib/librsx.a(commands.o)
 *fill*         0x0000000000019794        0x4 60000000
 .text.rsxSetLogicOpEnableUnsafe
                0x0000000000019798       0x2c /usr/local/ps3dev/psl1ght/ppu/lib/librsx.a(commands.o)
 *fill*         0x00000000000197c4        0x4 60000000
 .text.rsxSetFogModeUnsafe
                0x00000000000197c8       0x2c /usr/local/ps3dev/psl1ght/ppu/lib/librsx.a(commands.o)
 *fill*         0x00000000000197f4        0x4 60000000
 .text.rsxSetFogParamsUnsafe
                0x00000000000197f8       0x40 /usr/local/ps3dev/psl1ght/ppu/lib/librsx.a(commands.o)
 .text.rsxSetTransformBranchBitsUnsafe
                0x0000000000019838       0x2c /usr/local/ps3dev/psl1ght/ppu/lib/librsx.a(commands.o)
 *fill*         0x0000000000019864        0x4 60000000
 .text.rsxSetPointSpriteControlUnsafe
                0x0000000000019868       0x48 /usr/local/ps3dev/psl1ght/ppu/lib/librsx.a(commands.o)
 .text.rsxSetPointSizeUnsafe
                0x00000000000198b0       0x34 /usr/local/ps3dev/psl1ght/ppu/lib/librsx.a(commands.o)
 *fill*         0x00000000000198e4        0x4 60000000
 .text.rsxSetTransferDataUnsafe
                0x00000000000198e8      0x1a4 /usr/local/ps3dev/psl1ght/ppu/lib/librsx.a(commands.o)
 *fill*         0x0000000000019a8c        0x4 60000000
 .text.rsxSetTransferDataModeUnsafe
                0x0000000000019a90       0x70 /usr/local/ps3dev/psl1ght/ppu/lib/librsx.a(commands.o)
 .text.rsxSetTransferDataOffsetUnsafe
                0x0000000000019b00       0x5c /usr/local/ps3dev/psl1ght/ppu/lib/librsx.a(commands.o)
 *fill*         0x0000000000019b5c        0x4 60000000
 .text.rsxSetTransferDataFormatUnsafe
                0x0000000000019b60       0x44 /usr/local/ps3dev/psl1ght/ppu/lib/librsx.a(commands.o)
 *fill*         0x0000000000019ba4        0x4 60000000
 .text.rsxSetTransferImageUnsafe
                0x0000000000019ba8      0x4ac /usr/local/ps3dev/psl1ght/ppu/lib/librsx.a(commands.o)
 *fill*         0x000000000001a054        0x4 60000000
 .text.rsxSetTransferScaleModeUnsafe
                0x000000000001a058       0xe8 /usr/local/ps3dev/psl1ght/ppu/lib/librsx.a(commands.o)
 .text.rsxSetTransferScaleSurfaceUnsafe
                0x000000000001a140      0x140 /usr/local/ps3dev/psl1ght/ppu/lib/librsx.a(commands.o)
 .text.rsxSetTransferScaleSwizzleUnsafe
                0x000000000001a280      0x140 /usr/local/ps3dev/psl1ght/ppu/lib/librsx.a(commands.o)
 .text.rsxSetTimeStampUnsafe
                0x000000000001a3c0       0x34 /usr/local/ps3dev/psl1ght/ppu/lib/librsx.a(commands.o)
 *fill*         0x000000000001a3f4        0x4 60000000
 .text.rsxSetWaitForIdleUnsafe
                0x000000000001a3f8       0x2c /usr/local/ps3dev/psl1ght/ppu/lib/librsx.a(commands.o)
 *fill*         0x000000000001a424        0x4 60000000
 .text.rsxContextCallback
                0x000000000001a428       0x50 /usr/local/ps3dev/psl1ght/ppu/lib/librsx.a(commands.o)
 .text.rsxSetReturnCommand
                0x000000000001a478       0x90 /usr/local/ps3dev/psl1ght/ppu/lib/librsx.a(commands.o)
 .text.rsxSetCallCommand
                0x000000000001a508       0x9c /usr/local/ps3dev/psl1ght/ppu/lib/librsx.a(commands.o)
 *fill*         0x000000000001a5a4        0x4 60000000
 .text.rsxSetJumpCommand
                0x000000000001a5a8       0x9c /usr/local/ps3dev/psl1ght/ppu/lib/librsx.a(commands.o)
 *fill*         0x000000000001a644        0x4 60000000
 .text.rsxSetNopCommand
                0x000000000001a648      0x118 /usr/local/ps3dev/psl1ght/ppu/lib/librsx.a(commands.o)
 .text.rsxSetSkipNop
                0x000000000001a760       0xc0 /usr/local/ps3dev/psl1ght/ppu/lib/librsx.a(commands.o)
 .text.rsxSetClearColor
                0x000000000001a820       0xa4 /usr/local/ps3dev/psl1ght/ppu/lib/librsx.a(commands.o)
 *fill*         0x000000000001a8c4        0x4 60000000
 .text.rsxSetClearDepthStencil
                0x000000000001a8c8       0xa4 /usr/local/ps3dev/psl1ght/ppu/lib/librsx.a(commands.o)
 *fill*         0x000000000001a96c        0x4 60000000
 .text.rsxSetReferenceCommand
                0x000000000001a970       0xa4 /usr/local/ps3dev/psl1ght/ppu/lib/librsx.a(commands.o)
 *fill*         0x000000000001aa14        0x4 60000000
 .text.rsxSetWriteBackendLabel
                0x000000000001aa18       0xd8 /usr/local/ps3dev/psl1ght/ppu/lib/librsx.a(commands.o)
 .text.rsxSetWriteTextureLabel
                0x000000000001aaf0       0xbc /usr/local/ps3dev/psl1ght/ppu/lib/librsx.a(commands.o)
 *fill*         0x000000000001abac        0x4 60000000
 .text.rsxSetWaitLabel
                0x000000000001abb0       0xbc /usr/local/ps3dev/psl1ght/ppu/lib/librsx.a(commands.o)
 *fill*         0x000000000001ac6c        0x4 60000000
 .text.rsxSetWriteCommandLabel
                0x000000000001ac70       0xbc /usr/local/ps3dev/psl1ght/ppu/lib/librsx.a(commands.o)
 *fill*         0x000000000001ad2c        0x4 60000000
 .text.rsxSetSurface
                0x000000000001ad30      0x254 /usr/local/ps3dev/psl1ght/ppu/lib/librsx.a(commands.o)
 *fill*         0x000000000001af84        0x4 60000000
 .text.rsxSetColorMask
                0x000000000001af88       0xa4 /usr/local/ps3dev/psl1ght/ppu/lib/librsx.a(commands.o)
 *fill*         0x000000000001b02c        0x4 60000000
 .text.rsxSetColorMaskMrt
                0x000000000001b030       0xa4 /usr/local/ps3dev/psl1ght/ppu/lib/librsx.a(commands.o)
 *fill*         0x000000000001b0d4        0x4 60000000
 .text.rsxSetShadeModel
                0x000000000001b0d8       0xa4 /usr/local/ps3dev/psl1ght/ppu/lib/librsx.a(commands.o)
 *fill*         0x000000000001b17c        0x4 60000000
 .text.rsxSetViewport
                0x000000000001b180      0x1e8 /usr/local/ps3dev/psl1ght/ppu/lib/librsx.a(commands.o)
 .text.rsxSetViewportClip
                0x000000000001b368       0xcc /usr/local/ps3dev/psl1ght/ppu/lib/librsx.a(commands.o)
 *fill*         0x000000000001b434        0x4 60000000
 .text.rsxSetUserClipPlaneControl
                0x000000000001b438       0xf4 /usr/local/ps3dev/psl1ght/ppu/lib/librsx.a(commands.o)
 *fill*         0x000000000001b52c        0x4 60000000
 .text.rsxSetDepthTestEnable
                0x000000000001b530       0xa4 /usr/local/ps3dev/psl1ght/ppu/lib/librsx.a(commands.o)
 *fill*         0x000000000001b5d4        0x4 60000000
 .text.rsxSetDepthFunc
                0x000000000001b5d8       0xa4 /usr/local/ps3dev/psl1ght/ppu/lib/librsx.a(commands.o)
 *fill*         0x000000000001b67c        0x4 60000000
 .text.rsxSetDepthWriteEnable
                0x000000000001b680       0xa4 /usr/local/ps3dev/psl1ght/ppu/lib/librsx.a(commands.o)
 *fill*         0x000000000001b724        0x4 60000000
 .text.rsxSetDepthFormat
                0x000000000001b728       0xac /usr/local/ps3dev/psl1ght/ppu/lib/librsx.a(commands.o)
 *fill*         0x000000000001b7d4        0x4 60000000
 .text.rsxSetCullFaceEnable
                0x000000000001b7d8       0xa4 /usr/local/ps3dev/psl1ght/ppu/lib/librsx.a(commands.o)
 *fill*         0x000000000001b87c        0x4 60000000
 .text.rsxSetCullFace
                0x000000000001b880       0xa4 /usr/local/ps3dev/psl1ght/ppu/lib/librsx.a(commands.o)
 *fill*         0x000000000001b924        0x4 60000000
 .text.rsxSetFrontFace
                0x000000000001b928       0xa4 /usr/local/ps3dev/psl1ght/ppu/lib/librsx.a(commands.o)
 *fill*         0x000000000001b9cc        0x4 60000000
 .text.rsxSetFrontPolygonMode
                0x000000000001b9d0       0xa4 /usr/local/ps3dev/psl1ght/ppu/lib/librsx.a(commands.o)
 *fill*         0x000000000001ba74        0x4 60000000
 .text.rsxSetBackPolygonMode
                0x000000000001ba78       0xa4 /usr/local/ps3dev/psl1ght/ppu/lib/librsx.a(commands.o)
 *fill*         0x000000000001bb1c        0x4 60000000
 .text.rsxSetPolygonOffsetFillEnable
                0x000000000001bb20       0xa4 /usr/local/ps3dev/psl1ght/ppu/lib/librsx.a(commands.o)
 *fill*         0x000000000001bbc4        0x4 60000000
 .text.rsxSetPolygonOffset
                0x000000000001bbc8       0xc0 /usr/local/ps3dev/psl1ght/ppu/lib/librsx.a(commands.o)
 .text.rsxClearSurface
                0x000000000001bc88       0xb4 /usr/local/ps3dev/psl1ght/ppu/lib/librsx.a(commands.o)
 *fill*         0x000000000001bd3c        0x4 60000000
 .text.rsxSetCylindricalWrap
                0x000000000001bd40       0xa4 /usr/local/ps3dev/psl1ght/ppu/lib/librsx.a(commands.o)
 *fill*         0x000000000001bde4        0x4 60000000
 .text.rsxSetTwoSideLightEnable
                0x000000000001bde8       0xa4 /usr/local/ps3dev/psl1ght/ppu/lib/librsx.a(commands.o)
 *fill*         0x000000000001be8c        0x4 60000000
 .text.rsxSetStencilFunc
                0x000000000001be90       0xbc /usr/local/ps3dev/psl1ght/ppu/lib/librsx.a(commands.o)
 *fill*         0x000000000001bf4c        0x4 60000000
 .text.rsxSetStencilMask
                0x000000000001bf50       0xa4 /usr/local/ps3dev/psl1ght/ppu/lib/librsx.a(commands.o)
 *fill*         0x000000000001bff4        0x4 60000000
 .text.rsxSetStencilOp
                0x000000000001bff8       0xbc /usr/local/ps3dev/psl1ght/ppu/lib/librsx.a(commands.o)
 *fill*         0x000000000001c0b4        0x4 60000000
 .text.rsxSetStencilTestEnable
                0x000000000001c0b8       0xa4 /usr/local/ps3dev/psl1ght/ppu/lib/librsx.a(commands.o)
 *fill*         0x000000000001c15c        0x4 60000000
 .text.rsxSetBackStencilFunc
                0x000000000001c160       0xbc /usr/local/ps3dev/psl1ght/ppu/lib/librsx.a(commands.o)
 *fill*         0x000000000001c21c        0x4 60000000
 .text.rsxSetBackStencilMask
                0x000000000001c220       0xa4 /usr/local/ps3dev/psl1ght/ppu/lib/librsx.a(commands.o)
 *fill*         0x000000000001c2c4        0x4 60000000
 .text.rsxSetBackStencilOp
                0x000000000001c2c8       0xbc /usr/local/ps3dev/psl1ght/ppu/lib/librsx.a(commands.o)
 *fill*         0x000000000001c384        0x4 60000000
 .text.rsxSetTwoSidedStencilTestEnable
                0x000000000001c388       0xa4 /usr/local/ps3dev/psl1ght/ppu/lib/librsx.a(commands.o)
 *fill*         0x000000000001c42c        0x4 60000000
 .text.rsxSetRenderEnable
                0x000000000001c430      0x124 /usr/local/ps3dev/psl1ght/ppu/lib/librsx.a(commands.o)
 *fill*         0x000000000001c554        0x4 60000000
 .text.rsxSetReport
                0x000000000001c558       0xc0 /usr/local/ps3dev/psl1ght/ppu/lib/librsx.a(commands.o)
 .text.rsxSetClearReport
                0x000000000001c618       0xa4 /usr/local/ps3dev/psl1ght/ppu/lib/librsx.a(commands.o)
 *fill*         0x000000000001c6bc        0x4 60000000
 .text.rsxSetZPixelCountEnable
                0x000000000001c6c0       0xa4 /usr/local/ps3dev/psl1ght/ppu/lib/librsx.a(commands.o)
 *fill*         0x000000000001c764        0x4 60000000
 .text.rsxSetSCullControl
                0x000000000001c768       0xc4 /usr/local/ps3dev/psl1ght/ppu/lib/librsx.a(commands.o)
 *fill*         0x000000000001c82c        0x4 60000000
 .text.rsxSetZCullLimit
                0x000000000001c830       0xb4 /usr/local/ps3dev/psl1ght/ppu/lib/librsx.a(commands.o)
 *fill*         0x000000000001c8e4        0x4 60000000
 .text.rsxSetZCullStatsEnable
                0x000000000001c8e8       0xa4 /usr/local/ps3dev/psl1ght/ppu/lib/librsx.a(commands.o)
 *fill*         0x000000000001c98c        0x4 60000000
 .text.rsxSetZCullControl
                0x000000000001c990       0xb4 /usr/local/ps3dev/psl1ght/ppu/lib/librsx.a(commands.o)
 *fill*         0x000000000001ca44        0x4 60000000
 .text.rsxSetClearZCullSurface
                0x000000000001ca48       0xb4 /usr/local/ps3dev/psl1ght/ppu/lib/librsx.a(commands.o)
 *fill*         0x000000000001cafc        0x4 60000000
 .text.rsxSetZCullEnable
                0x000000000001cb00       0xb4 /usr/local/ps3dev/psl1ght/ppu/lib/librsx.a(commands.o)
 *fill*         0x000000000001cbb4        0x4 60000000
 .text.rsxSetZCullInvalidate
                0x000000000001cbb8       0x98 /usr/local/ps3dev/psl1ght/ppu/lib/librsx.a(commands.o)
 .text.rsxSetPolygonSmoothEnable
                0x000000000001cc50       0xa4 /usr/local/ps3dev/psl1ght/ppu/lib/librsx.a(commands.o)
 *fill*         0x000000000001ccf4        0x4 60000000
 .text.rsxSetDitherEnable
                0x000000000001ccf8       0xa4 /usr/local/ps3dev/psl1ght/ppu/lib/librsx.a(commands.o)
 *fill*         0x000000000001cd9c        0x4 60000000
 .text.rsxLoadVertexProgramBlock
                0x000000000001cda0      0x384 /usr/local/ps3dev/psl1ght/ppu/lib/librsx.a(commands.o)
 *fill*         0x000000000001d124        0x4 60000000
 .text.rsxLoadFragmentProgramLocation
                0x000000000001d128      0x228 /usr/local/ps3dev/psl1ght/ppu/lib/librsx.a(commands.o)
 .text.rsxUpdateFragmentProgramLocation
                0x000000000001d350       0xbc /usr/local/ps3dev/psl1ght/ppu/lib/librsx.a(commands.o)
 *fill*         0x000000000001d40c        0x4 60000000
 .text.rsxSetFragmentProgramControl
                0x000000000001d410       0xd4 /usr/local/ps3dev/psl1ght/ppu/lib/librsx.a(commands.o)
 *fill*         0x000000000001d4e4        0x4 60000000
 .text.rsxLoadVertexProgramParameterBlock
                0x000000000001d4e8      0x320 /usr/local/ps3dev/psl1ght/ppu/lib/librsx.a(commands.o)
 .text.rsxLoadVertexProgram
                0x000000000001d808       0xec /usr/local/ps3dev/psl1ght/ppu/lib/librsx.a(commands.o)
 *fill*         0x000000000001d8f4        0x4 60000000
 .text.rsxSetVertexProgramParameter
                0x000000000001d8f8      0x218 /usr/local/ps3dev/psl1ght/ppu/lib/librsx.a(commands.o)
 .text.rsxSetVertexProgramConstants
                0x000000000001db10      0x29c /usr/local/ps3dev/psl1ght/ppu/lib/librsx.a(commands.o)
 *fill*         0x000000000001ddac        0x4 60000000
 .text.rsxSetVertexAttribOutputMask
                0x000000000001ddb0       0xa4 /usr/local/ps3dev/psl1ght/ppu/lib/librsx.a(commands.o)
 *fill*         0x000000000001de54        0x4 60000000
 .text.rsxSetFragmentProgramGammaEnable
                0x000000000001de58       0xa4 /usr/local/ps3dev/psl1ght/ppu/lib/librsx.a(commands.o)
 *fill*         0x000000000001defc        0x4 60000000
 .text.rsxDrawVertexBegin
                0x000000000001df00       0xa4 /usr/local/ps3dev/psl1ght/ppu/lib/librsx.a(commands.o)
 *fill*         0x000000000001dfa4        0x4 60000000
 .text.rsxDrawVertexEnd
                0x000000000001dfa8       0x98 /usr/local/ps3dev/psl1ght/ppu/lib/librsx.a(commands.o)
 .text.rsxDrawVertex1f
                0x000000000001e040       0xc0 /usr/local/ps3dev/psl1ght/ppu/lib/librsx.a(commands.o)
 .text.rsxDrawVertex2f
                0x000000000001e100       0xbc /usr/local/ps3dev/psl1ght/ppu/lib/librsx.a(commands.o)
 *fill*         0x000000000001e1bc        0x4 60000000
 .text.rsxDrawVertex3f
                0x000000000001e1c0       0xbc /usr/local/ps3dev/psl1ght/ppu/lib/librsx.a(commands.o)
 *fill*         0x000000000001e27c        0x4 60000000
 .text.rsxDrawVertex4f
                0x000000000001e280       0xbc /usr/local/ps3dev/psl1ght/ppu/lib/librsx.a(commands.o)
 *fill*         0x000000000001e33c        0x4 60000000
 .text.rsxDrawVertex4s
                0x000000000001e340       0xdc /usr/local/ps3dev/psl1ght/ppu/lib/librsx.a(commands.o)
 *fill*         0x000000000001e41c        0x4 60000000
 .text.rsxDrawVertexScaled4s
                0x000000000001e420       0xdc /usr/local/ps3dev/psl1ght/ppu/lib/librsx.a(commands.o)
 *fill*         0x000000000001e4fc        0x4 60000000
 .text.rsxDrawVertex2s
                0x000000000001e500       0xc4 /usr/local/ps3dev/psl1ght/ppu/lib/librsx.a(commands.o)
 *fill*         0x000000000001e5c4        0x4 60000000
 .text.rsxDrawVertex4ub
                0x000000000001e5c8       0xb4 /usr/local/ps3dev/psl1ght/ppu/lib/librsx.a(commands.o)
 *fill*         0x000000000001e67c        0x4 60000000
 .text.rsxSetFrequencyDividerOperation
                0x000000000001e680       0xa4 /usr/local/ps3dev/psl1ght/ppu/lib/librsx.a(commands.o)
 *fill*         0x000000000001e724        0x4 60000000
 .text.rsxInvalidateVertexCache
                0x000000000001e728       0xb0 /usr/local/ps3dev/psl1ght/ppu/lib/librsx.a(commands.o)
 .text.rsxInvalidateTextureCache
                0x000000000001e7d8       0xa4 /usr/local/ps3dev/psl1ght/ppu/lib/librsx.a(commands.o)
 *fill*         0x000000000001e87c        0x4 60000000
 .text.rsxLoadTexture
                0x000000000001e880      0x144 /usr/local/ps3dev/psl1ght/ppu/lib/librsx.a(commands.o)
 *fill*         0x000000000001e9c4        0x4 60000000
 .text.rsxLoadVertexTexture
                0x000000000001e9c8      0x134 /usr/local/ps3dev/psl1ght/ppu/lib/librsx.a(commands.o)
 *fill*         0x000000000001eafc        0x4 60000000
 .text.rsxTextureControl
                0x000000000001eb00       0xe4 /usr/local/ps3dev/psl1ght/ppu/lib/librsx.a(commands.o)
 *fill*         0x000000000001ebe4        0x4 60000000
 .text.rsxVertexTextureControl
                0x000000000001ebe8       0xd4 /usr/local/ps3dev/psl1ght/ppu/lib/librsx.a(commands.o)
 *fill*         0x000000000001ecbc        0x4 60000000
 .text.rsxTextureFilter
                0x000000000001ecc0       0xdc /usr/local/ps3dev/psl1ght/ppu/lib/librsx.a(commands.o)
 *fill*         0x000000000001ed9c        0x4 60000000
 .text.rsxVertexTextureFilter
                0x000000000001eda0       0xb4 /usr/local/ps3dev/psl1ght/ppu/lib/librsx.a(commands.o)
 *fill*         0x000000000001ee54        0x4 60000000
 .text.rsxTextureWrapMode
                0x000000000001ee58      0x104 /usr/local/ps3dev/psl1ght/ppu/lib/librsx.a(commands.o)
 *fill*         0x000000000001ef5c        0x4 60000000
 .text.rsxVertexTextureWrapMode
                0x000000000001ef60       0xc4 /usr/local/ps3dev/psl1ght/ppu/lib/librsx.a(commands.o)
 *fill*         0x000000000001f024        0x4 60000000
 .text.rsxTextureBorderColor
                0x000000000001f028       0xb4 /usr/local/ps3dev/psl1ght/ppu/lib/librsx.a(commands.o)
 *fill*         0x000000000001f0dc        0x4 60000000
 .text.rsxVertexTextureBorderColor
                0x000000000001f0e0       0xb4 /usr/local/ps3dev/psl1ght/ppu/lib/librsx.a(commands.o)
 *fill*         0x000000000001f194        0x4 60000000
 .text.rsxTextureOptimization
                0x000000000001f198       0xd4 /usr/local/ps3dev/psl1ght/ppu/lib/librsx.a(commands.o)
 *fill*         0x000000000001f26c        0x4 60000000
 .text.rsxTextureAnisoSpread
                0x000000000001f270       0xe0 /usr/local/ps3dev/psl1ght/ppu/lib/librsx.a(commands.o)
 .text.rsxSetZControl
                0x000000000001f350       0xc4 /usr/local/ps3dev/psl1ght/ppu/lib/librsx.a(commands.o)
 *fill*         0x000000000001f414        0x4 60000000
 .text.rsxBindVertexArrayAttrib
                0x000000000001f418      0x10c /usr/local/ps3dev/psl1ght/ppu/lib/librsx.a(commands.o)
 *fill*         0x000000000001f524        0x4 60000000
 .text.rsxDrawVertexArray
                0x000000000001f528      0x2ec /usr/local/ps3dev/psl1ght/ppu/lib/librsx.a(commands.o)
 *fill*         0x000000000001f814        0x4 60000000
 .text.rsxDrawInlineVertexArray
                0x000000000001f818      0x294 /usr/local/ps3dev/psl1ght/ppu/lib/librsx.a(commands.o)
 *fill*         0x000000000001faac        0x4 60000000
 .text.rsxDrawIndexArray
                0x000000000001fab0      0x398 /usr/local/ps3dev/psl1ght/ppu/lib/librsx.a(commands.o)
 .text.rsxDrawInlineIndexArray16
                0x000000000001fe48      0x334 /usr/local/ps3dev/psl1ght/ppu/lib/librsx.a(commands.o)
 *fill*         0x000000000002017c        0x4 60000000
 .text.rsxDrawInlineIndexArray32
                0x0000000000020180      0x29c /usr/local/ps3dev/psl1ght/ppu/lib/librsx.a(commands.o)
 *fill*         0x000000000002041c        0x4 60000000
 .text.rsxSetScissor
                0x0000000000020420       0xd4 /usr/local/ps3dev/psl1ght/ppu/lib/librsx.a(commands.o)
 *fill*         0x00000000000204f4        0x4 60000000
 .text.rsxSetAntialiasingControl
                0x00000000000204f8       0xd4 /usr/local/ps3dev/psl1ght/ppu/lib/librsx.a(commands.o)
 *fill*         0x00000000000205cc        0x4 60000000
 .text.rsxInlineTransfer
                0x00000000000205d0      0x23c /usr/local/ps3dev/psl1ght/ppu/lib/librsx.a(commands.o)
 *fill*         0x000000000002080c        0x4 60000000
 .text.rsxSetFragmentProgramParameter
                0x0000000000020810      0x5d8 /usr/local/ps3dev/psl1ght/ppu/lib/librsx.a(commands.o)
 .text.rsxSetAlphaFunc
                0x0000000000020de8       0xb4 /usr/local/ps3dev/psl1ght/ppu/lib/librsx.a(commands.o)
 *fill*         0x0000000000020e9c        0x4 60000000
 .text.rsxSetAlphaTestEnable
                0x0000000000020ea0       0xa4 /usr/local/ps3dev/psl1ght/ppu/lib/librsx.a(commands.o)
 *fill*         0x0000000000020f44        0x4 60000000
 .text.rsxSetBlendFunc
                0x0000000000020f48       0xd4 /usr/local/ps3dev/psl1ght/ppu/lib/librsx.a(commands.o)
 *fill*         0x000000000002101c        0x4 60000000
 .text.rsxSetBlendEquation
                0x0000000000021020       0xb4 /usr/local/ps3dev/psl1ght/ppu/lib/librsx.a(commands.o)
 *fill*         0x00000000000210d4        0x4 60000000
 .text.rsxSetBlendColor
                0x00000000000210d8       0xbc /usr/local/ps3dev/psl1ght/ppu/lib/librsx.a(commands.o)
 *fill*         0x0000000000021194        0x4 60000000
 .text.rsxSetBlendEnable
                0x0000000000021198       0xa4 /usr/local/ps3dev/psl1ght/ppu/lib/librsx.a(commands.o)
 *fill*         0x000000000002123c        0x4 60000000
 .text.rsxSetBlendOptimization
                0x0000000000021240       0xa4 /usr/local/ps3dev/psl1ght/ppu/lib/librsx.a(commands.o)
 *fill*         0x00000000000212e4        0x4 60000000
 .text.rsxSetBlendEnableMrt
                0x00000000000212e8       0xcc /usr/local/ps3dev/psl1ght/ppu/lib/librsx.a(commands.o)
 *fill*         0x00000000000213b4        0x4 60000000
 .text.rsxSetLogicOp
                0x00000000000213b8       0xa4 /usr/local/ps3dev/psl1ght/ppu/lib/librsx.a(commands.o)
 *fill*         0x000000000002145c        0x4 60000000
 .text.rsxSetLogicOpEnable
                0x0000000000021460       0xa4 /usr/local/ps3dev/psl1ght/ppu/lib/librsx.a(commands.o)
 *fill*         0x0000000000021504        0x4 60000000
 .text.rsxSetFogMode
                0x0000000000021508       0xa4 /usr/local/ps3dev/psl1ght/ppu/lib/librsx.a(commands.o)
 *fill*         0x00000000000215ac        0x4 60000000
 .text.rsxSetFogParams
                0x00000000000215b0       0xc0 /usr/local/ps3dev/psl1ght/ppu/lib/librsx.a(commands.o)
 .text.rsxSetTransformBranchBits
                0x0000000000021670       0xa4 /usr/local/ps3dev/psl1ght/ppu/lib/librsx.a(commands.o)
 *fill*         0x0000000000021714        0x4 60000000
 .text.rsxSetPointSpriteControl
                0x0000000000021718       0xd4 /usr/local/ps3dev/psl1ght/ppu/lib/librsx.a(commands.o)
 *fill*         0x00000000000217ec        0x4 60000000
 .text.rsxSetPointSize
                0x00000000000217f0       0xac /usr/local/ps3dev/psl1ght/ppu/lib/librsx.a(commands.o)
 *fill*         0x000000000002189c        0x4 60000000
 .text.rsxSetTransferData
                0x00000000000218a0      0x244 /usr/local/ps3dev/psl1ght/ppu/lib/librsx.a(commands.o)
 *fill*         0x0000000000021ae4        0x4 60000000
 .text.rsxSetConvertSwizzleFormatUnsafe
                0x0000000000021ae8      0x7a8 /usr/local/ps3dev/psl1ght/ppu/lib/librsx.a(commands.o)
 .text.rsxSetTransferDataMode
                0x0000000000022290       0xec /usr/local/ps3dev/psl1ght/ppu/lib/librsx.a(commands.o)
 *fill*         0x000000000002237c        0x4 60000000
 .text.rsxSetTransferDataOffset
                0x0000000000022380      0x12c /usr/local/ps3dev/psl1ght/ppu/lib/librsx.a(commands.o)
 *fill*         0x00000000000224ac        0x4 60000000
 .text.rsxSetTransferDataFormat
                0x00000000000224b0       0xe4 /usr/local/ps3dev/psl1ght/ppu/lib/librsx.a(commands.o)
 *fill*         0x0000000000022594        0x4 60000000
 .text.rsxSetTransferImage
                0x0000000000022598      0x43c /usr/local/ps3dev/psl1ght/ppu/lib/librsx.a(commands.o)
 *fill*         0x00000000000229d4        0x4 60000000
 .text.rsxSetTransferScaleMode
                0x00000000000229d8      0x178 /usr/local/ps3dev/psl1ght/ppu/lib/librsx.a(commands.o)
 .text.rsxSetTransferScaleSurface
                0x0000000000022b50      0x1bc /usr/local/ps3dev/psl1ght/ppu/lib/librsx.a(commands.o)
 *fill*         0x0000000000022d0c        0x4 60000000
 .text.rsxSetTransferScaleSwizzle
                0x0000000000022d10      0x1bc /usr/local/ps3dev/psl1ght/ppu/lib/librsx.a(commands.o)
 *fill*         0x0000000000022ecc        0x4 60000000
 .text.rsxSetConvertSwizzleFormat
                0x0000000000022ed0      0x750 /usr/local/ps3dev/psl1ght/ppu/lib/librsx.a(commands.o)
 .text.rsxSetTimeStamp
                0x0000000000023620       0xac /usr/local/ps3dev/psl1ght/ppu/lib/librsx.a(commands.o)
 *fill*         0x00000000000236cc        0x4 60000000
 .text.rsxSetWaitForIdle
                0x00000000000236d0       0x98 /usr/local/ps3dev/psl1ght/ppu/lib/librsx.a(commands.o)
 .text          0x0000000000023768        0x0 /usr/local/ps3dev/psl1ght/ppu/lib/librsx.a(mm.o)
 .text.rsxHeapInit
                0x0000000000023768       0x80 /usr/local/ps3dev/psl1ght/ppu/lib/librsx.a(mm.o)
 .text.rsxMemalign
                0x00000000000237e8       0x58 /usr/local/ps3dev/psl1ght/ppu/lib/librsx.a(mm.o)
 .text.rsxMalloc
                0x0000000000023840       0x58 /usr/local/ps3dev/psl1ght/ppu/lib/librsx.a(mm.o)
 .text.rsxFree  0x0000000000023898       0x48 /usr/local/ps3dev/psl1ght/ppu/lib/librsx.a(mm.o)
 .text          0x00000000000238e0        0x0 /usr/local/ps3dev/psl1ght/ppu/lib/librsx.a(vertex_program.o)
 .text.rsxVertexProgramGetUCode
                0x00000000000238e0       0x28 /usr/local/ps3dev/psl1ght/ppu/lib/librsx.a(vertex_program.o)
 .text.rsxVertexProgramGetNumConst
                0x0000000000023908       0x14 /usr/local/ps3dev/psl1ght/ppu/lib/librsx.a(vertex_program.o)
 *fill*         0x000000000002391c        0x4 60000000
 .text.rsxVertexProgramGetNumAttrib
                0x0000000000023920       0x14 /usr/local/ps3dev/psl1ght/ppu/lib/librsx.a(vertex_program.o)
 *fill*         0x0000000000023934        0x4 60000000
 .text.rsxVertexProgramGetConsts
                0x0000000000023938       0x30 /usr/local/ps3dev/psl1ght/ppu/lib/librsx.a(vertex_program.o)
 .text.rsxVertexProgramGetConst
                0x0000000000023968       0x74 /usr/local/ps3dev/psl1ght/ppu/lib/librsx.a(vertex_program.o)
 *fill*         0x00000000000239dc        0x4 60000000
 .text.rsxVertexProgramGetAttribs
                0x00000000000239e0       0x30 /usr/local/ps3dev/psl1ght/ppu/lib/librsx.a(vertex_program.o)
 .text.rsxVertexProgramGetAttrib
                0x0000000000023a10       0x30 /usr/local/ps3dev/psl1ght/ppu/lib/librsx.a(vertex_program.o)
 .text          0x0000000000023a40        0x0 /usr/local/ps3dev/psl1ght/ppu/lib/librsx.a(fragment_program.o)
 .text.rsxFragmentProgramGetUCode
                0x0000000000023a40       0x28 /usr/local/ps3dev/psl1ght/ppu/lib/librsx.a(fragment_program.o)
 .text.rsxFragmentProgramGetNumConst
                0x0000000000023a68       0x14 /usr/local/ps3dev/psl1ght/ppu/lib/librsx.a(fragment_program.o)
 *fill*         0x0000000000023a7c        0x4 60000000
 .text.rsxFragmentProgramGetConsts
                0x0000000000023a80       0x30 /usr/local/ps3dev/psl1ght/ppu/lib/librsx.a(fragment_program.o)
 .text.rsxFragmentProgramGetConst
                0x0000000000023ab0       0x74 /usr/local/ps3dev/psl1ght/ppu/lib/librsx.a(fragment_program.o)
 *fill*         0x0000000000023b24        0x4 60000000
 .text.rsxFragmentProgramGetNumAttrib
                0x0000000000023b28       0x14 /usr/local/ps3dev/psl1ght/ppu/lib/librsx.a(fragment_program.o)
 *fill*         0x0000000000023b3c        0x4 60000000
 .text.rsxFragmentProgramGetAttribs
                0x0000000000023b40       0x30 /usr/local/ps3dev/psl1ght/ppu/lib/librsx.a(fragment_program.o)
 .text.rsxFragmentProgramGetAttrib
                0x0000000000023b70       0x30 /usr/local/ps3dev/psl1ght/ppu/lib/librsx.a(fragment_program.o)
 .text.rsxFragmentProgramGetConstOffsetTable
                0x0000000000023ba0       0x14 /usr/local/ps3dev/psl1ght/ppu/lib/librsx.a(fragment_program.o)
 .text          0x0000000000023bb4        0x0 /usr/local/ps3dev/psl1ght/ppu/lib/librsx.a(rsx_internal.o)
 *fill*         0x0000000000023bb4        0x4 60000000
 .text.__rsxGetAttrs
                0x0000000000023bb8       0x18 /usr/local/ps3dev/psl1ght/ppu/lib/librsx.a(rsx_internal.o)
 .text.__rsxGetAttr
                0x0000000000023bd0       0xcc /usr/local/ps3dev/psl1ght/ppu/lib/librsx.a(rsx_internal.o)
 *fill*         0x0000000000023c9c        0x4 60000000
 .text.__rsxGetConsts
                0x0000000000023ca0       0x18 /usr/local/ps3dev/psl1ght/ppu/lib/librsx.a(rsx_internal.o)
 .text.__rsxGetConstIndex
                0x0000000000023cb8       0xbc /usr/local/ps3dev/psl1ght/ppu/lib/librsx.a(rsx_internal.o)
 .text          0x0000000000023d74        0x0 /usr/local/ps3dev/psl1ght/ppu/lib/libgcm_sys.a(sprx.o)
 .text          0x0000000000023d74        0x0 /usr/local/ps3dev/psl1ght/ppu/lib/libio.a(sprx.o)
 .text          0x0000000000023d74        0x0 /usr/local/ps3dev/psl1ght/ppu/lib/libsysutil.a(sprx.o)
 .text          0x0000000000023d74        0x0 /usr/local/ps3dev/psl1ght/ppu/lib/libsysutil.a(sysutil_wrapper.o)
 *fill*         0x0000000000023d74        0x4 60000000
 .text.sysUtilRegisterCallback
                0x0000000000023d78       0x58 /usr/local/ps3dev/psl1ght/ppu/lib/libsysutil.a(sysutil_wrapper.o)
 .text.msgDialogOpen
                0x0000000000023dd0       0x58 /usr/local/ps3dev/psl1ght/ppu/lib/libsysutil.a(sysutil_wrapper.o)
 .text.msgDialogOpen2
                0x0000000000023e28       0x58 /usr/local/ps3dev/psl1ght/ppu/lib/libsysutil.a(sysutil_wrapper.o)
 .text.msgDialogOpenErrorCode
                0x0000000000023e80       0x58 /usr/local/ps3dev/psl1ght/ppu/lib/libsysutil.a(sysutil_wrapper.o)
 .text.sysSaveListLoad2
                0x0000000000023ed8       0x74 /usr/local/ps3dev/psl1ght/ppu/lib/libsysutil.a(sysutil_wrapper.o)
 *fill*         0x0000000000023f4c        0x4 60000000
 .text.sysSaveListSave2
                0x0000000000023f50       0x74 /usr/local/ps3dev/psl1ght/ppu/lib/libsysutil.a(sysutil_wrapper.o)
 *fill*         0x0000000000023fc4        0x4 60000000
 .text.sysSaveListAutoLoad
                0x0000000000023fc8       0x7c /usr/local/ps3dev/psl1ght/ppu/lib/libsysutil.a(sysutil_wrapper.o)
 *fill*         0x0000000000024044        0x4 60000000
 .text.sysSaveListAutoSave
                0x0000000000024048       0x7c /usr/local/ps3dev/psl1ght/ppu/lib/libsysutil.a(sysutil_wrapper.o)
 *fill*         0x00000000000240c4        0x4 60000000
 .text.sysSaveFixedLoad2
                0x00000000000240c8       0x74 /usr/local/ps3dev/psl1ght/ppu/lib/libsysutil.a(sysutil_wrapper.o)
 *fill*         0x000000000002413c        0x4 60000000
 .text.sysSaveFixedSave2
                0x0000000000024140       0x74 /usr/local/ps3dev/psl1ght/ppu/lib/libsysutil.a(sysutil_wrapper.o)
 *fill*         0x00000000000241b4        0x4 60000000
 .text.sysSaveAutoLoad2
                0x00000000000241b8       0x5c /usr/local/ps3dev/psl1ght/ppu/lib/libsysutil.a(sysutil_wrapper.o)
 *fill*         0x0000000000024214        0x4 60000000
 .text.sysSaveAutoSave2
                0x0000000000024218       0x5c /usr/local/ps3dev/psl1ght/ppu/lib/libsysutil.a(sysutil_wrapper.o)
 *fill*         0x0000000000024274        0x4 60000000
 .text.sysGameThemeInstallFromBuffer
                0x0000000000024278       0x58 /usr/local/ps3dev/psl1ght/ppu/lib/libsysutil.a(sysutil_wrapper.o)
 .text.sysDiscRegisterDiscChangeCallback
                0x00000000000242d0       0x5c /usr/local/ps3dev/psl1ght/ppu/lib/libsysutil.a(sysutil_wrapper.o)
 *fill*         0x000000000002432c        0x4 60000000
 .text.sysGameDiscRegisterDiscChangeCallback
                0x0000000000024330       0x10 /usr/local/ps3dev/psl1ght/ppu/lib/libsysutil.a(sysutil_wrapper.o)
 .text.videoRegisterCallback
                0x0000000000024340       0x58 /usr/local/ps3dev/psl1ght/ppu/lib/libsysutil.a(sysutil_wrapper.o)
 .text          0x0000000000024398        0x0 /usr/local/ps3dev/psl1ght/ppu/lib/librt.a(sbrk.o)
 .text.startup.sbrk_init
                0x0000000000024398       0xb8 /usr/local/ps3dev/psl1ght/ppu/lib/librt.a(sbrk.o)
 .text.sbrk_deinit
                0x0000000000024450       0xc8 /usr/local/ps3dev/psl1ght/ppu/lib/librt.a(sbrk.o)
 .text.__librt_sbrk_r
                0x0000000000024518      0x2f4 /usr/local/ps3dev/psl1ght/ppu/lib/librt.a(sbrk.o)
 .text          0x000000000002480c        0x0 /usr/local/ps3dev/psl1ght/ppu/lib/librt.a(exit.o)
 *fill*         0x000000000002480c        0x4 60000000
 .text.__librt_exit
                0x0000000000024810       0x30 /usr/local/ps3dev/psl1ght/ppu/lib/librt.a(exit.o)
 .text          0x0000000000024840        0x0 /usr/local/ps3dev/psl1ght/ppu/lib/librt.a(close.o)
 .text.__librt_close_r
                0x0000000000024840       0x88 /usr/local/ps3dev/psl1ght/ppu/lib/librt.a(close.o)
 .text          0x00000000000248c8        0x0 /usr/local/ps3dev/psl1ght/ppu/lib/librt.a(lseek.o)
 .text.__librt_lseek_r
                0x00000000000248c8       0x8c /usr/local/ps3dev/psl1ght/ppu/lib/librt.a(lseek.o)
 *fill*         0x0000000000024954        0x4 60000000
 .text.__librt_lseek64_r
                0x0000000000024958       0x10 /usr/local/ps3dev/psl1ght/ppu/lib/librt.a(lseek.o)
 .text          0x0000000000024968        0x0 /usr/local/ps3dev/psl1ght/ppu/lib/librt.a(read.o)
 .text.__librt_read_r
                0x0000000000024968      0x10c /usr/local/ps3dev/psl1ght/ppu/lib/librt.a(read.o)
 .text          0x0000000000024a74        0x0 /usr/local/ps3dev/psl1ght/ppu/lib/librt.a(open.o)
 *fill*         0x0000000000024a74        0x4 60000000
 .text.__librt_open_r
                0x0000000000024a78      0x180 /usr/local/ps3dev/psl1ght/ppu/lib/librt.a(open.o)
 .text          0x0000000000024bf8        0x0 /usr/local/ps3dev/psl1ght/ppu/lib/librt.a(sleep.o)
 .text.__librt_usleep_r
                0x0000000000024bf8       0x50 /usr/local/ps3dev/psl1ght/ppu/lib/librt.a(sleep.o)
 .text.__librt_sleep_r
                0x0000000000024c48       0x6c /usr/local/ps3dev/psl1ght/ppu/lib/librt.a(sleep.o)
 .text          0x0000000000024cb4        0x0 /usr/local/ps3dev/psl1ght/ppu/lib/librt.a(write.o)
 *fill*         0x0000000000024cb4        0x4 60000000
 .text.__librt_write_r
                0x0000000000024cb8      0x104 /usr/local/ps3dev/psl1ght/ppu/lib/librt.a(write.o)
 .text          0x0000000000024dbc        0x0 /usr/local/ps3dev/psl1ght/ppu/lib/librt.a(fstat.o)
 *fill*         0x0000000000024dbc        0x4 60000000
 .text.__librt_fstat_r
                0x0000000000024dc0       0xd0 /usr/local/ps3dev/psl1ght/ppu/lib/librt.a(fstat.o)
 .text.__librt_fstat64_r
                0x0000000000024e90       0x10 /usr/local/ps3dev/psl1ght/ppu/lib/librt.a(fstat.o)
 .text.__librt_stat_r
                0x0000000000024ea0       0xd0 /usr/local/ps3dev/psl1ght/ppu/lib/librt.a(fstat.o)
 .text.__librt_stat64_r
                0x0000000000024f70       0x10 /usr/local/ps3dev/psl1ght/ppu/lib/librt.a(fstat.o)
 .text          0x0000000000024f80        0x0 /usr/local/ps3dev/psl1ght/ppu/lib/librt.a(socket.o)
 .text.accept   0x0000000000024f80       0xe0 /usr/local/ps3dev/psl1ght/ppu/lib/librt.a(socket.o)
 .text.bind     0x0000000000025060       0x44 /usr/local/ps3dev/psl1ght/ppu/lib/librt.a(socket.o)
 *fill*         0x00000000000250a4        0x4 60000000
 .text.connect  0x00000000000250a8       0x44 /usr/local/ps3dev/psl1ght/ppu/lib/librt.a(socket.o)
 *fill*         0x00000000000250ec        0x4 60000000
 .text.listen   0x00000000000250f0       0x44 /usr/local/ps3dev/psl1ght/ppu/lib/librt.a(socket.o)
 *fill*         0x0000000000025134        0x4 60000000
 .text.socket   0x0000000000025138       0x5c /usr/local/ps3dev/psl1ght/ppu/lib/librt.a(socket.o)
 *fill*         0x0000000000025194        0x4 60000000
 .text.send     0x0000000000025198       0x4c /usr/local/ps3dev/psl1ght/ppu/lib/librt.a(socket.o)
 *fill*         0x00000000000251e4        0x4 60000000
 .text.sendto   0x00000000000251e8       0x44 /usr/local/ps3dev/psl1ght/ppu/lib/librt.a(socket.o)
 *fill*         0x000000000002522c        0x4 60000000
 .text.recv     0x0000000000025230       0x4c /usr/local/ps3dev/psl1ght/ppu/lib/librt.a(socket.o)
 *fill*         0x000000000002527c        0x4 60000000
 .text.recvfrom
                0x0000000000025280       0xd8 /usr/local/ps3dev/psl1ght/ppu/lib/librt.a(socket.o)
 .text.shutdown
                0x0000000000025358       0x44 /usr/local/ps3dev/psl1ght/ppu/lib/librt.a(socket.o)
 *fill*         0x000000000002539c        0x4 60000000
 .text.inet_aton
                0x00000000000253a0       0xbc /usr/local/ps3dev/psl1ght/ppu/lib/librt.a(socket.o)
 *fill*         0x000000000002545c        0x4 60000000
 .text.inet_pton
                0x0000000000025460       0x48 /usr/local/ps3dev/psl1ght/ppu/lib/librt.a(socket.o)
 .text.select   0x00000000000254a8       0x3c /usr/local/ps3dev/psl1ght/ppu/lib/librt.a(socket.o)
 *fill*         0x00000000000254e4        0x4 60000000
 .text.closesocket
                0x00000000000254e8       0x44 /usr/local/ps3dev/psl1ght/ppu/lib/librt.a(socket.o)
 .text          0x000000000002552c        0x0 /usr/local/ps3dev/psl1ght/ppu/lib/librt.a(lock.o)
 *fill*         0x000000000002552c        0x4 60000000
 .text.__librt_sys_lwmutex_create_r
                0x0000000000025530       0x38 /usr/local/ps3dev/psl1ght/ppu/lib/librt.a(lock.o)
 .text.__librt_sys_lwmutex_destroy_r
                0x0000000000025568       0x34 /usr/local/ps3dev/psl1ght/ppu/lib/librt.a(lock.o)
 *fill*         0x000000000002559c        0x4 60000000
 .text.__librt_sys_lwmutex_lock_r
                0x00000000000255a0       0x38 /usr/local/ps3dev/psl1ght/ppu/lib/librt.a(lock.o)
 .text.__librt_sys_lwmutex_trylock_r
                0x00000000000255d8       0x34 /usr/local/ps3dev/psl1ght/ppu/lib/librt.a(lock.o)
 *fill*         0x000000000002560c        0x4 60000000
 .text.__librt_sys_lwmutex_unlock_r
                0x0000000000025610       0x34 /usr/local/ps3dev/psl1ght/ppu/lib/librt.a(lock.o)
 .text          0x0000000000025644        0x0 /usr/local/ps3dev/psl1ght/ppu/lib/librt.a(dirent.o)
 *fill*         0x0000000000025644        0x4 60000000
 .text.readdir_i
                0x0000000000025648      0x10c /usr/local/ps3dev/psl1ght/ppu/lib/librt.a(dirent.o)
 *fill*         0x0000000000025754        0x4 60000000
 .text.__librt_opendir_r
                0x0000000000025758      0x114 /usr/local/ps3dev/psl1ght/ppu/lib/librt.a(dirent.o)
 *fill*         0x000000000002586c        0x4 60000000
 .text.__librt_readdir_r
                0x0000000000025870       0x84 /usr/local/ps3dev/psl1ght/ppu/lib/librt.a(dirent.o)
 *fill*         0x00000000000258f4        0x4 60000000
 .text.__librt_readdir_r_r
                0x00000000000258f8       0x58 /usr/local/ps3dev/psl1ght/ppu/lib/librt.a(dirent.o)
 .text.__librt_closedir_r
                0x0000000000025950       0x84 /usr/local/ps3dev/psl1ght/ppu/lib/librt.a(dirent.o)
 *fill*         0x00000000000259d4        0x4 60000000
 .text.__librt_telldir_r
                0x00000000000259d8       0x24 /usr/local/ps3dev/psl1ght/ppu/lib/librt.a(dirent.o)
 *fill*         0x00000000000259fc        0x4 60000000
 .text.__librt_rewinddir_r
                0x0000000000025a00       0x18 /usr/local/ps3dev/psl1ght/ppu/lib/librt.a(dirent.o)
 .text.__librt_seekdir_r
                0x0000000000025a18       0x18 /usr/local/ps3dev/psl1ght/ppu/lib/librt.a(dirent.o)
 .text          0x0000000000025a30        0x0 /usr/local/ps3dev/psl1ght/ppu/lib/librt.a(mkdir.o)
 .text.__librt_mkdir_r
                0x0000000000025a30       0x60 /usr/local/ps3dev/psl1ght/ppu/lib/librt.a(mkdir.o)
 .text          0x0000000000025a90        0x0 /usr/local/ps3dev/psl1ght/ppu/lib/librt.a(times.o)
 .text.__librt_times_r
                0x0000000000025a90       0x1c /usr/local/ps3dev/psl1ght/ppu/lib/librt.a(times.o)
 .text          0x0000000000025aac        0x0 /usr/local/ps3dev/psl1ght/ppu/lib/librt.a(umask.o)
 *fill*         0x0000000000025aac        0x4 60000000
 .text.__librt_umask_r
                0x0000000000025ab0       0x20 /usr/local/ps3dev/psl1ght/ppu/lib/librt.a(umask.o)
 .text          0x0000000000025ad0        0x0 /usr/local/ps3dev/psl1ght/ppu/lib/librt.a(lv2errno.o)
 .text.lv2error
                0x0000000000025ad0      0x434 /usr/local/ps3dev/psl1ght/ppu/lib/librt.a(lv2errno.o)
 *fill*         0x0000000000025f04        0x4 60000000
 .text.lv2errno
                0x0000000000025f08       0x68 /usr/local/ps3dev/psl1ght/ppu/lib/librt.a(lv2errno.o)
 .text.lv2errno_r
                0x0000000000025f70       0x58 /usr/local/ps3dev/psl1ght/ppu/lib/librt.a(lv2errno.o)
 .text          0x0000000000025fc8        0x0 /usr/local/ps3dev/psl1ght/ppu/lib/librt.a(heap.o)
 .text.__heap_block_split.isra.2
                0x0000000000025fc8      0x104 /usr/local/ps3dev/psl1ght/ppu/lib/librt.a(heap.o)
 *fill*         0x00000000000260cc        0x4 60000000
 .text.heapInit
                0x00000000000260d0      0x128 /usr/local/ps3dev/psl1ght/ppu/lib/librt.a(heap.o)
 .text.heapAllocateAligned
                0x00000000000261f8      0x230 /usr/local/ps3dev/psl1ght/ppu/lib/librt.a(heap.o)
 .text.heapAllocate
                0x0000000000026428       0x14 /usr/local/ps3dev/psl1ght/ppu/lib/librt.a(heap.o)
 *fill*         0x000000000002643c        0x4 60000000
 .text.heapFree
                0x0000000000026440      0x1fc /usr/local/ps3dev/psl1ght/ppu/lib/librt.a(heap.o)
 .text          0x000000000002663c        0x0 /usr/local/ps3dev/psl1ght/ppu/lib/librt.a(chmod.o)
 *fill*         0x000000000002663c        0x4 60000000
 .text.__librt_chmod_r
                0x0000000000026640       0x54 /usr/local/ps3dev/psl1ght/ppu/lib/librt.a(chmod.o)
 .text          0x0000000000026694        0x0 /usr/local/ps3dev/psl1ght/ppu/lib/librt.a(rename.o)
 *fill*         0x0000000000026694        0x4 60000000
 .text.__librt_rename_r
                0x0000000000026698       0x54 /usr/local/ps3dev/psl1ght/ppu/lib/librt.a(rename.o)
 .text          0x00000000000266ec        0x0 /usr/local/ps3dev/psl1ght/ppu/lib/librt.a(rmdir.o)
 *fill*         0x00000000000266ec        0x4 60000000
 .text.__librt_rmdir_r
                0x00000000000266f0       0x50 /usr/local/ps3dev/psl1ght/ppu/lib/librt.a(rmdir.o)
 .text          0x0000000000026740        0x0 /usr/local/ps3dev/psl1ght/ppu/lib/librt.a(isatty.o)
 .text.__librt_isatty_r
                0x0000000000026740       0x2c /usr/local/ps3dev/psl1ght/ppu/lib/librt.a(isatty.o)
 .text          0x000000000002676c        0x0 /usr/local/ps3dev/psl1ght/ppu/lib/librt.a(gettod.o)
 *fill*         0x000000000002676c        0x4 60000000
 .text.__librt_gettod_r
                0x0000000000026770       0xb8 /usr/local/ps3dev/psl1ght/ppu/lib/librt.a(gettod.o)
 .text          0x0000000000026828        0x0 /usr/local/ps3dev/psl1ght/ppu/lib/librt.a(settod.o)
 .text.__librt_settod_r
                0x0000000000026828       0x58 /usr/local/ps3dev/psl1ght/ppu/lib/librt.a(settod.o)
 .text          0x0000000000026880        0x0 /usr/local/ps3dev/psl1ght/ppu/lib/librt.a(unlink.o)
 .text.__librt_unlink_r
                0x0000000000026880       0x50 /usr/local/ps3dev/psl1ght/ppu/lib/librt.a(unlink.o)
 .text          0x00000000000268d0        0x0 /usr/local/ps3dev/psl1ght/ppu/lib/librt.a(link.o)
 .text.__librt_link_r
                0x00000000000268d0       0x54 /usr/local/ps3dev/psl1ght/ppu/lib/librt.a(link.o)
 .text          0x0000000000026924        0x0 /usr/local/ps3dev/psl1ght/ppu/lib/librt.a(truncate.o)
 *fill*         0x0000000000026924        0x4 60000000
 .text.__librt_truncate_r
                0x0000000000026928       0x54 /usr/local/ps3dev/psl1ght/ppu/lib/librt.a(truncate.o)
 *fill*         0x000000000002697c        0x4 60000000
 .text.__librt_ftruncate_r
                0x0000000000026980       0x54 /usr/local/ps3dev/psl1ght/ppu/lib/librt.a(truncate.o)
 .text          0x00000000000269d4        0x0 /usr/local/ps3dev/psl1ght/ppu/lib/librt.a(fsync.o)
 *fill*         0x00000000000269d4        0x4 60000000
 .text.__librt_fsync_r
                0x00000000000269d8       0x50 /usr/local/ps3dev/psl1ght/ppu/lib/librt.a(fsync.o)
 .text          0x0000000000026a28        0x0 /usr/local/ps3dev/psl1ght/ppu/lib/librt.a(utime.o)
 .text.__librt_utime_r
                0x0000000000026a28       0xbc /usr/local/ps3dev/psl1ght/ppu/lib/librt.a(utime.o)
 .text          0x0000000000026ae4        0x0 /usr/local/ps3dev/psl1ght/ppu/lib/liblv2.a(sprx.o)
 .text          0x0000000000026ae4        0x0 /usr/local/ps3dev/psl1ght/ppu/lib/libpngdec.a(pngdec.o)
 *fill*         0x0000000000026ae4        0x4 60000000
 .text.png_malloc
                0x0000000000026ae8       0x30 /usr/local/ps3dev/psl1ght/ppu/lib/libpngdec.a(pngdec.o)
 .text.png_free
                0x0000000000026b18       0x30 /usr/local/ps3dev/psl1ght/ppu/lib/libpngdec.a(pngdec.o)
 .text.decodePNG
                0x0000000000026b48      0x2bc /usr/local/ps3dev/psl1ght/ppu/lib/libpngdec.a(pngdec.o)
 *fill*         0x0000000000026e04        0x4 60000000
 .text.pngLoadFromFile
                0x0000000000026e08       0x48 /usr/local/ps3dev/psl1ght/ppu/lib/libpngdec.a(pngdec.o)
 .text.pngLoadFromBuffer
                0x0000000000026e50       0x54 /usr/local/ps3dev/psl1ght/ppu/lib/libpngdec.a(pngdec.o)
 .text          0x0000000000026ea4        0x0 /usr/local/ps3dev/psl1ght/ppu/lib/libpngdec.a(sprx.o)
 .text          0x0000000000026ea4        0x0 /usr/local/ps3dev/ppu/lib/gcc/powerpc64-ps3-elf/7.2.0/../../../../powerpc64-ps3-elf/lib/libstdc++.a(class_type_info.o)
 *fill*         0x0000000000026ea4        0x4 60000000
 .text._ZNK10__cxxabiv117__class_type_info11__do_upcastEPKS0_PPv
                0x0000000000026ea8       0x98 /usr/local/ps3dev/ppu/lib/gcc/powerpc64-ps3-elf/7.2.0/../../../../powerpc64-ps3-elf/lib/libstdc++.a(class_type_info.o)
 .text._ZNK10__cxxabiv117__class_type_info20__do_find_public_srcElPKvPKS0_S2_
                0x0000000000026f40       0x24 /usr/local/ps3dev/ppu/lib/gcc/powerpc64-ps3-elf/7.2.0/../../../../powerpc64-ps3-elf/lib/libstdc++.a(class_type_info.o)
 *fill*         0x0000000000026f64        0x4 60000000
 .text._ZN10__cxxabiv117__class_type_infoD2Ev
                0x0000000000026f68       0x38 /usr/local/ps3dev/ppu/lib/gcc/powerpc64-ps3-elf/7.2.0/../../../../powerpc64-ps3-elf/lib/libstdc++.a(class_type_info.o)
 .text._ZN10__cxxabiv117__class_type_infoD0Ev
                0x0000000000026fa0       0x54 /usr/local/ps3dev/ppu/lib/gcc/powerpc64-ps3-elf/7.2.0/../../../../powerpc64-ps3-elf/lib/libstdc++.a(class_type_info.o)
 *fill*         0x0000000000026ff4        0x4 60000000
 .text._ZNK10__cxxabiv117__class_type_info12__do_dyncastElNS0_10__sub_kindEPKS0_PKvS3_S5_RNS0_16__dyncast_resultE
                0x0000000000026ff8      0x134 /usr/local/ps3dev/ppu/lib/gcc/powerpc64-ps3-elf/7.2.0/../../../../powerpc64-ps3-elf/lib/libstdc++.a(class_type_info.o)
 *fill*         0x000000000002712c        0x4 60000000
 .text._ZNK10__cxxabiv117__class_type_info11__do_upcastEPKS0_PKvRNS0_15__upcast_resultE
                0x0000000000027130       0x8c /usr/local/ps3dev/ppu/lib/gcc/powerpc64-ps3-elf/7.2.0/../../../../powerpc64-ps3-elf/lib/libstdc++.a(class_type_info.o)
 *fill*         0x00000000000271bc        0x4 60000000
 .text._ZNK10__cxxabiv117__class_type_info10__do_catchEPKSt9type_infoPPvj
                0x00000000000271c0       0xfc /usr/local/ps3dev/ppu/lib/gcc/powerpc64-ps3-elf/7.2.0/../../../../powerpc64-ps3-elf/lib/libstdc++.a(class_type_info.o)
 .text          0x00000000000272bc        0x0 /usr/local/ps3dev/ppu/lib/gcc/powerpc64-ps3-elf/7.2.0/../../../../powerpc64-ps3-elf/lib/libstdc++.a(del_ops.o)
 *fill*         0x00000000000272bc        0x4 60000000
 .text._ZdlPvm  0x00000000000272c0       0x30 /usr/local/ps3dev/ppu/lib/gcc/powerpc64-ps3-elf/7.2.0/../../../../powerpc64-ps3-elf/lib/libstdc++.a(del_ops.o)
 .text          0x00000000000272f0        0x0 /usr/local/ps3dev/ppu/lib/gcc/powerpc64-ps3-elf/7.2.0/../../../../powerpc64-ps3-elf/lib/libstdc++.a(del_opv.o)
 .text._ZdaPv   0x00000000000272f0       0x30 /usr/local/ps3dev/ppu/lib/gcc/powerpc64-ps3-elf/7.2.0/../../../../powerpc64-ps3-elf/lib/libstdc++.a(del_opv.o)
 .text          0x0000000000027320        0x0 /usr/local/ps3dev/ppu/lib/gcc/powerpc64-ps3-elf/7.2.0/../../../../powerpc64-ps3-elf/lib/libstdc++.a(eh_personality.o)
 .text._ZL16get_adjusted_ptrPKSt9type_infoS1_PPv
                0x0000000000027320       0xcc /usr/local/ps3dev/ppu/lib/gcc/powerpc64-ps3-elf/7.2.0/../../../../powerpc64-ps3-elf/lib/libstdc++.a(eh_personality.o)
 *fill*         0x00000000000273ec        0x4 60000000
 .text._ZL28read_encoded_value_with_basehmPKhPm
                0x00000000000273f0      0x1c8 /usr/local/ps3dev/ppu/lib/gcc/powerpc64-ps3-elf/7.2.0/../../../../powerpc64-ps3-elf/lib/libstdc++.a(eh_personality.o)
 .text._ZL15get_ttype_entryP16lsda_header_infom
                0x00000000000275b8      0x11c /usr/local/ps3dev/ppu/lib/gcc/powerpc64-ps3-elf/7.2.0/../../../../powerpc64-ps3-elf/lib/libstdc++.a(eh_personality.o)
 *fill*         0x00000000000276d4        0x4 60000000
 .text._ZL20check_exception_specP16lsda_header_infoPKSt9type_infoPvl
                0x00000000000276d8       0xe0 /usr/local/ps3dev/ppu/lib/gcc/powerpc64-ps3-elf/7.2.0/../../../../powerpc64-ps3-elf/lib/libstdc++.a(eh_personality.o)
 .text._ZL21base_of_encoded_valuehP15_Unwind_Context.part.3
                0x00000000000277b8       0xec /usr/local/ps3dev/ppu/lib/gcc/powerpc64-ps3-elf/7.2.0/../../../../powerpc64-ps3-elf/lib/libstdc++.a(eh_personality.o)
 *fill*         0x00000000000278a4        0x4 60000000
 .text._ZL17parse_lsda_headerP15_Unwind_ContextPKhP16lsda_header_info
                0x00000000000278a8      0x160 /usr/local/ps3dev/ppu/lib/gcc/powerpc64-ps3-elf/7.2.0/../../../../powerpc64-ps3-elf/lib/libstdc++.a(eh_personality.o)
 .text.__gxx_personality_v0
                0x0000000000027a08      0x724 /usr/local/ps3dev/ppu/lib/gcc/powerpc64-ps3-elf/7.2.0/../../../../powerpc64-ps3-elf/lib/libstdc++.a(eh_personality.o)
 *fill*         0x000000000002812c        0x4 60000000
 .text.__cxa_call_unexpected
                0x0000000000028130      0x128 /usr/local/ps3dev/ppu/lib/gcc/powerpc64-ps3-elf/7.2.0/../../../../powerpc64-ps3-elf/lib/libstdc++.a(eh_personality.o)
 .text          0x0000000000028258        0x0 /usr/local/ps3dev/ppu/lib/gcc/powerpc64-ps3-elf/7.2.0/../../../../powerpc64-ps3-elf/lib/libstdc++.a(eh_terminate.o)
 .text._ZN10__cxxabiv111__terminateEPFvvE
                0x0000000000028258       0x7c /usr/local/ps3dev/ppu/lib/gcc/powerpc64-ps3-elf/7.2.0/../../../../powerpc64-ps3-elf/lib/libstdc++.a(eh_terminate.o)
 *fill*         0x00000000000282d4        0x4 60000000
 .text._ZSt9terminatev
                0x00000000000282d8       0x30 /usr/local/ps3dev/ppu/lib/gcc/powerpc64-ps3-elf/7.2.0/../../../../powerpc64-ps3-elf/lib/libstdc++.a(eh_terminate.o)
 .text._ZN10__cxxabiv112__unexpectedEPFvvE
                0x0000000000028308       0x38 /usr/local/ps3dev/ppu/lib/gcc/powerpc64-ps3-elf/7.2.0/../../../../powerpc64-ps3-elf/lib/libstdc++.a(eh_terminate.o)
 .text._ZSt10unexpectedv
                0x0000000000028340       0x30 /usr/local/ps3dev/ppu/lib/gcc/powerpc64-ps3-elf/7.2.0/../../../../powerpc64-ps3-elf/lib/libstdc++.a(eh_terminate.o)
 .text._ZSt13set_terminatePFvvE
                0x0000000000028370       0x2c /usr/local/ps3dev/ppu/lib/gcc/powerpc64-ps3-elf/7.2.0/../../../../powerpc64-ps3-elf/lib/libstdc++.a(eh_terminate.o)
 *fill*         0x000000000002839c        0x4 60000000
 .text._ZSt13get_terminatev
                0x00000000000283a0       0x24 /usr/local/ps3dev/ppu/lib/gcc/powerpc64-ps3-elf/7.2.0/../../../../powerpc64-ps3-elf/lib/libstdc++.a(eh_terminate.o)
 *fill*         0x00000000000283c4        0x4 60000000
 .text._ZSt14set_unexpectedPFvvE
                0x00000000000283c8       0x2c /usr/local/ps3dev/ppu/lib/gcc/powerpc64-ps3-elf/7.2.0/../../../../powerpc64-ps3-elf/lib/libstdc++.a(eh_terminate.o)
 *fill*         0x00000000000283f4        0x4 60000000
 .text._ZSt14get_unexpectedv
                0x00000000000283f8       0x24 /usr/local/ps3dev/ppu/lib/gcc/powerpc64-ps3-elf/7.2.0/../../../../powerpc64-ps3-elf/lib/libstdc++.a(eh_terminate.o)
 .text          0x000000000002841c        0x0 /usr/local/ps3dev/ppu/lib/gcc/powerpc64-ps3-elf/7.2.0/../../../../powerpc64-ps3-elf/lib/libstdc++.a(eh_term_handler.o)
 .text          0x000000000002841c        0x0 /usr/local/ps3dev/ppu/lib/gcc/powerpc64-ps3-elf/7.2.0/../../../../powerpc64-ps3-elf/lib/libstdc++.a(eh_throw.o)
 *fill*         0x000000000002841c        0x4 60000000
 .text._ZL23__gxx_exception_cleanup19_Unwind_Reason_CodeP17_Unwind_Exception
                0x0000000000028420       0xb0 /usr/local/ps3dev/ppu/lib/gcc/powerpc64-ps3-elf/7.2.0/../../../../powerpc64-ps3-elf/lib/libstdc++.a(eh_throw.o)
 .text.__cxa_init_primary_exception
                0x00000000000284d0       0x80 /usr/local/ps3dev/ppu/lib/gcc/powerpc64-ps3-elf/7.2.0/../../../../powerpc64-ps3-elf/lib/libstdc++.a(eh_throw.o)
 .text.__cxa_throw
                0x0000000000028550       0xbc /usr/local/ps3dev/ppu/lib/gcc/powerpc64-ps3-elf/7.2.0/../../../../powerpc64-ps3-elf/lib/libstdc++.a(eh_throw.o)
 *fill*         0x000000000002860c        0x4 60000000
 .text.__cxa_rethrow
                0x0000000000028610       0x9c /usr/local/ps3dev/ppu/lib/gcc/powerpc64-ps3-elf/7.2.0/../../../../powerpc64-ps3-elf/lib/libstdc++.a(eh_throw.o)
 .text          0x00000000000286ac        0x0 /usr/local/ps3dev/ppu/lib/gcc/powerpc64-ps3-elf/7.2.0/../../../../powerpc64-ps3-elf/lib/libstdc++.a(eh_unex_handler.o)
 .text          0x00000000000286ac        0x0 /usr/local/ps3dev/ppu/lib/gcc/powerpc64-ps3-elf/7.2.0/../../../../powerpc64-ps3-elf/lib/libstdc++.a(new_op.o)
 *fill*         0x00000000000286ac        0x4 60000000
 .text._Znwm    0x00000000000286b0       0xa8 /usr/local/ps3dev/ppu/lib/gcc/powerpc64-ps3-elf/7.2.0/../../../../powerpc64-ps3-elf/lib/libstdc++.a(new_op.o)
 .text          0x0000000000028758        0x0 /usr/local/ps3dev/ppu/lib/gcc/powerpc64-ps3-elf/7.2.0/../../../../powerpc64-ps3-elf/lib/libstdc++.a(new_opv.o)
 .text._Znam    0x0000000000028758       0x30 /usr/local/ps3dev/ppu/lib/gcc/powerpc64-ps3-elf/7.2.0/../../../../powerpc64-ps3-elf/lib/libstdc++.a(new_opv.o)
 .text          0x0000000000028788        0x0 /usr/local/ps3dev/ppu/lib/gcc/powerpc64-ps3-elf/7.2.0/../../../../powerpc64-ps3-elf/lib/libstdc++.a(pure.o)
 .text.__cxa_pure_virtual
                0x0000000000028788       0x34 /usr/local/ps3dev/ppu/lib/gcc/powerpc64-ps3-elf/7.2.0/../../../../powerpc64-ps3-elf/lib/libstdc++.a(pure.o)
 *fill*         0x00000000000287bc        0x4 60000000
 .text.__cxa_deleted_virtual
                0x00000000000287c0       0x34 /usr/local/ps3dev/ppu/lib/gcc/powerpc64-ps3-elf/7.2.0/../../../../powerpc64-ps3-elf/lib/libstdc++.a(pure.o)
 .text          0x00000000000287f4        0x0 /usr/local/ps3dev/ppu/lib/gcc/powerpc64-ps3-elf/7.2.0/../../../../powerpc64-ps3-elf/lib/libstdc++.a(si_class_type_info.o)
 *fill*         0x00000000000287f4        0x4 60000000
 .text._ZN10__cxxabiv120__si_class_type_infoD2Ev
                0x00000000000287f8       0x38 /usr/local/ps3dev/ppu/lib/gcc/powerpc64-ps3-elf/7.2.0/../../../../powerpc64-ps3-elf/lib/libstdc++.a(si_class_type_info.o)
 .text._ZN10__cxxabiv120__si_class_type_infoD0Ev
                0x0000000000028830       0x54 /usr/local/ps3dev/ppu/lib/gcc/powerpc64-ps3-elf/7.2.0/../../../../powerpc64-ps3-elf/lib/libstdc++.a(si_class_type_info.o)
 *fill*         0x0000000000028884        0x4 60000000
 .text._ZNK10__cxxabiv120__si_class_type_info20__do_find_public_srcElPKvPKNS_17__class_type_infoES2_
                0x0000000000028888       0xd4 /usr/local/ps3dev/ppu/lib/gcc/powerpc64-ps3-elf/7.2.0/../../../../powerpc64-ps3-elf/lib/libstdc++.a(si_class_type_info.o)
 *fill*         0x000000000002895c        0x4 60000000
 .text._ZNK10__cxxabiv120__si_class_type_info12__do_dyncastElNS_17__class_type_info10__sub_kindEPKS1_PKvS4_S6_RNS1_16__dyncast_resultE
                0x0000000000028960      0x1cc /usr/local/ps3dev/ppu/lib/gcc/powerpc64-ps3-elf/7.2.0/../../../../powerpc64-ps3-elf/lib/libstdc++.a(si_class_type_info.o)
 *fill*         0x0000000000028b2c        0x4 60000000
 .text._ZNK10__cxxabiv120__si_class_type_info11__do_upcastEPKNS_17__class_type_infoEPKvRNS1_15__upcast_resultE
                0x0000000000028b30       0xa0 /usr/local/ps3dev/ppu/lib/gcc/powerpc64-ps3-elf/7.2.0/../../../../powerpc64-ps3-elf/lib/libstdc++.a(si_class_type_info.o)
 .text          0x0000000000028bd0        0x0 /usr/local/ps3dev/ppu/lib/gcc/powerpc64-ps3-elf/7.2.0/../../../../powerpc64-ps3-elf/lib/libstdc++.a(tinfo.o)
 .text._ZNSt9type_infoD2Ev
                0x0000000000028bd0       0x10 /usr/local/ps3dev/ppu/lib/gcc/powerpc64-ps3-elf/7.2.0/../../../../powerpc64-ps3-elf/lib/libstdc++.a(tinfo.o)
 .text._ZNKSt9type_info14__is_pointer_pEv
                0x0000000000028be0       0x14 /usr/local/ps3dev/ppu/lib/gcc/powerpc64-ps3-elf/7.2.0/../../../../powerpc64-ps3-elf/lib/libstdc++.a(tinfo.o)
 *fill*         0x0000000000028bf4        0x4 60000000
 .text._ZNKSt9type_info11__do_upcastEPKN10__cxxabiv117__class_type_infoEPPv
                0x0000000000028bf8       0x14 /usr/local/ps3dev/ppu/lib/gcc/powerpc64-ps3-elf/7.2.0/../../../../powerpc64-ps3-elf/lib/libstdc++.a(tinfo.o)
 *fill*         0x0000000000028c0c        0x4 60000000
 .text._ZNSt9type_infoD0Ev
                0x0000000000028c10       0x34 /usr/local/ps3dev/ppu/lib/gcc/powerpc64-ps3-elf/7.2.0/../../../../powerpc64-ps3-elf/lib/libstdc++.a(tinfo.o)
 *fill*         0x0000000000028c44        0x4 60000000
 .text._ZNKSt9type_info10__do_catchEPKS_PPvj
                0x0000000000028c48       0x64 /usr/local/ps3dev/ppu/lib/gcc/powerpc64-ps3-elf/7.2.0/../../../../powerpc64-ps3-elf/lib/libstdc++.a(tinfo.o)
 .text          0x0000000000028cac        0x0 /usr/local/ps3dev/ppu/lib/gcc/powerpc64-ps3-elf/7.2.0/../../../../powerpc64-ps3-elf/lib/libstdc++.a(vterminate.o)
 *fill*         0x0000000000028cac        0x4 60000000
 .text._ZN9__gnu_cxx27__verbose_terminate_handlerEv
                0x0000000000028cb0      0x248 /usr/local/ps3dev/ppu/lib/gcc/powerpc64-ps3-elf/7.2.0/../../../../powerpc64-ps3-elf/lib/libstdc++.a(vterminate.o)
 .text          0x0000000000028ef8        0x0 /usr/local/ps3dev/ppu/lib/gcc/powerpc64-ps3-elf/7.2.0/../../../../powerpc64-ps3-elf/lib/libstdc++.a(bad_alloc.o)
 .text._ZNKSt9bad_alloc4whatEv